******************************************************************************
               TMS320C6x Linker PC v7.4.16                     
******************************************************************************
>> Linked Thu Feb 20 15:52:52 2020

OUTPUT FILE NAME:   <Lab3_Round3.out>
ENTRY POINT SYMBOL: "_c_int00"  address: 11812380


MEMORY CONFIGURATION

         name            origin    length      used     unused   attr    fill
----------------------  --------  ---------  --------  --------  ----  --------
  IRAM                  11800000   00040000  00014011  0002bfef  RWIX
  CACHE_L1P             11e00000   00008000  00000000  00008000  RWIX
  CACHE_L1D             11f00000   00008000  00000000  00008000  RWIX
  L3_CBA_RAM            80000000   00020000  00000000  00020000  RWIX
  DDR                   c3000000   01000000  00000000  01000000  RWIX


SECTION ALLOCATION MAP

 output                                  attributes/
section   page    origin      length       input sections
--------  ----  ----------  ----------   ----------------
.vers      0    00000000    0000003c     COPY SECTION
                  00000000    0000003c     hellocfg.obj (.vers)

.data      0    11800000    00000000     UNINITIALIZED

.text      0    11800000    00007980     
                  11800000    00000c20     evmc6748_bsl.lib : evmc6748.obj (.text)
                  11800c20    00000620     framework.obj (.text)
                  11801240    000005a0     rts6740.lib : divd.obj (.text:__divd)
                  118017e0    00000580                 : _printfi.obj (.text:__getarg_diouxp)
                  11801d60    00000520                 : _printfi.obj (.text:__setfield)
                  11802280    000004e0     evmc6748_bsl.lib : evmc6748_i2c_gpio.obj (.text)
                  11802760    00000440     rts6740.lib : _printfi.obj (.text:__printfi)
                  11802ba0    000003a0                 : fputs.obj (.text:_fputs)
                  11802f40    00000380     evmc6748_bsl.lib : evmc6748_gpio.obj (.text)
                  118032c0    00000380                      : evmc6748_i2c.obj (.text)
                  11803640    00000320     rts6740.lib : _printfi.obj (.text:__pproc_fge)
                  11803960    000002c0                 : _printfi.obj (.text:__pproc_fwp)
                  11803c20    000002a0                 : _printfi.obj (.text:_ecvt)
                  11803ec0    000002a0                 : _printfi.obj (.text:_fcvt)
                  11804160    00000260                 : imath64.obj (.text:__divull)
                  118043c0    00000260                 : _printfi.obj (.text:__pconv_e)
                  11804620    00000240                 : _printfi.obj (.text:__pproc_diouxp)
                  11804860    00000220                 : _printfi.obj (.text:__pproc_str)
                  11804a80    00000220                 : fputc.obj (.text:_fputc)
                  11804ca0    00000200                 : _printfi.obj (.text:__pconv_g)
                  11804ea0    00000200                 : setvbuf.obj (.text:_setvbuf)
                  118050a0    000001e0     evmc6748_bsl.lib : evmc6748_led.obj (.text)
                  11805280    000001c0     rts6740.lib : _printfi.obj (.text:__mcpy)
                  11805440    000001a0                 : imath40.obj (.text:__divul)
                  118055e0    00000180                 : trgdrv.obj (.text:_HOSTrename)
                  11805760    00000160     evmc6748_bsl.lib : evmc6748_dip.obj (.text)
                  118058c0    00000140     rts6740.lib : _printfi.obj (.text:__pproc_fflags)
                  11805a00    00000140                 : lowlev.obj (.text:_getdevice)
                  11805b40    00000120                 : fclose.obj (.text:__closefile)
                  11805c60    00000120                 : _printfi.obj (.text:__ltostr)
                  11805d80    00000120                 : fseek.obj (.text:_fseek)
                  11805ea0    00000100                 : trgdrv.obj (.text:_HOSTlseek)
                  11805fa0    00000100                 : _io_perm.obj (.text:__wrt_ok)
                  118060a0    00000100                 : sinit.obj (.text:_call_dtors)
                  118061a0    000000e0                 : trgdrv.obj (.text:_HOSTopen)
                  11806280    000000e0                 : trgdrv.obj (.text:_HOSTread)
                  11806360    000000e0                 : atoi.obj (.text:_atoi)
                  11806440    000000e0                 : lowlev.obj (.text:_close)
                  11806520    000000e0                 : memset.obj (.text:_memset)
                  11806600    000000e0                 : printf.obj (.text:_printf)
                  118066e0    000000c0                 : trgdrv.obj (.text:_HOSTunlink)
                  118067a0    000000c0                 : trgdrv.obj (.text:_HOSTwrite)
                  11806860    000000c0                 : _printfi.obj (.text:__div)
                  11806920    000000c0                 : divu.obj (.text:__divu)
                  118069e0    000000c0                 : fflush.obj (.text:__doflush)
                  11806aa0    000000c0                 : atexit.obj (.text:_atexit)
                  11806b60    000000c0                 : ltoa.obj (.text:_ltoa)
                  11806c20    000000c0     bios.a674 : tsk_stup.o674 (.text)
                  11806ce0    000000a0     rts6740.lib : trgdrv.obj (.text:_HOSTclose)
                  11806d80    000000a0                 : fopen.obj (.text:__cleanup)
                  11806e20    000000a0                 : imath40.obj (.text:__divli)
                  11806ec0    000000a0                 : _printfi.obj (.text:__ecpy)
                  11806f60    000000a0                 : _printfi.obj (.text:__fcpy)
                  11807000    000000a0                 : fixdli.obj (.text:__fixdli)
                  118070a0    000000a0                 : _printfi.obj (.text:__pconv_f)
                  11807140    000000a0                 : lowlev.obj (.text:_finddevice)
                  118071e0    000000a0                 : lowlev.obj (.text:_lseek)
                  11807280    000000a0                 : memcpy64.obj (.text:_memcpy)
                  11807320    000000a0                 : lowlev.obj (.text:_write)
                  118073c0    00000080                 : fltlid.obj (.text:__fltlid)
                  11807440    00000080                 : llshift.obj (.text:__llshl)
                  118074c0    00000080                 : trgmsg.obj (.text:_readmsg)
                  11807540    00000080                 : lowlev.obj (.text:_unlink)
                  118075c0    00000060                 : imath64.obj (.text:__subcull)
                  11807620    00000060                 : memccpy.obj (.text:_memccpy)
                  11807680    00000060                 : trgmsg.obj (.text:_writemsg)
                  118076e0    00000040                 : sinit.obj (.text:___add_dtor)
                  11807720    00000040                 : isinf.obj (.text:___isinf)
                  11807760    00000040                 : _printfi.obj (.text:___isnan)
                  118077a0    00000040                 : frcmpyd_div.obj (.text:__frcmpyd_div)
                  118077e0    00000040                 : llshift.obj (.text:__llshru)
                  11807820    00000040                 : imath40.obj (.text:__remli)
                  11807860    00000040     hello.obj (.text)
                  118078a0    00000020     rts6740.lib : negll.obj (.text:__negll)
                  118078c0    00000020                 : _lock.obj (.text:__nop)
                  118078e0    00000020                 : printf.obj (.text:__outc)
                  11807900    00000020                 : printf.obj (.text:__outs)
                  11807920    00000020                 : _lock.obj (.text:__register_lock)
                  11807940    00000020                 : _lock.obj (.text:__register_unlock)
                  11807960    00000020                 : remove.obj (.text:_remove)

.bios      0    11807980    000042e0     
                  11807980    000005c0     lnkrtdx.a674 : rtdx.o674 (.bios)
                  11807f40    00000580     bios.a674 : exc.o674 (.bios)
                  118084c0    000004e0               : hwi_disp_asm.o674 (.bios)
                  118089a0    000004c0               : swi.o674 (.bios)
                  11808e60    00000380               : prd.o674 (.bios)
                  118091e0    00000280               : malloc.o674 (.bios)
                  11809460    00000280               : rta.o674 (.bios)
                  118096e0    00000240               : knl_run.o674 (.bios)
                  11809920    00000200               : mem_allo.o674 (.bios:.near)
                  11809b20    00000200               : knl_tick.o674 (.bios)
                  11809d20    000001e0               : mem_free.o674 (.bios:.near)
                  11809f00    000001e0               : exc_asm.o674 (.bios)
                  1180a0e0    000001e0               : pip.o674 (.bios)
                  1180a2c0    000001e0               : sem_pend.o674 (.bios)
                  1180a4a0    000001a0               : sem_dopo.o674 (.bios)
                  1180a640    000001a0               : tsk_setu.o674 (.bios)
                  1180a7e0    000001a0     bios6748.a674 : clk.o674 (.bios)
                  1180a980    00000180     bios.a674 : knl_swit.o674 (.bios)
                  1180ab00    00000140               : autoinit.o674 (.bios)
                  1180ac40    00000140               : tsk_exit.o674 (.bios)
                  1180ad80    00000140     bios6748.a674 : bcache_init.o674 (.bios)
                  1180aec0    00000120     bios.a674 : gbl_cacheinit64P.o674 (.bios)
                  1180afe0    00000120               : knl_chec.o674 (.bios)
                  1180b100    00000120               : tsk_stup.o674 (.bios)
                  1180b220    000000e0               : sem_post_asm.o674 (.bios)
                  1180b300    000000c0               : knl_exit.o674 (.bios)
                  1180b3c0    000000a0               : sem_post.o674 (.bios)
                  1180b460    000000a0               : sys_exit.o674 (.bios)
                  1180b500    00000080               : knl_ipos.o674 (.bios)
                  1180b580    00000080               : knl_post.o674 (.bios)
                  1180b600    00000080               : lck.o674 (.bios)
                  1180b680    00000080               : log.o674 (.bios)
                  1180b700    00000080     bios6748.a674 : idl_cal.o674 (.bios)
                  1180b780    00000060     bios.a674 : sys_erro.o674 (.bios:.near)
                  1180b7e0    00000060               : fxn.o674 (.bios)
                  1180b840    00000060               : hwi_c.o674 (.bios)
                  1180b8a0    00000060               : idl_busy.o674 (.bios)
                  1180b900    00000060               : sem_pend_counting.o674 (.bios)
                  1180b960    00000060               : sts.o674 (.bios)
                  1180b9c0    00000060               : sys_abor.o674 (.bios)
                  1180ba20    00000060     bios6748.a674 : clk_meas.o674 (.bios)
                  1180ba80    00000040     bios.a674 : idl_stub.o674 (.bios)
                  1180bac0    00000040               : rta_andn.o674 (.bios)
                  1180bb00    00000040               : utl_doab.o674 (.bios)
                  1180bb40    00000040               : utl_putc.o674 (.bios)
                  1180bb80    00000020               : fxn_c.o674 (.bios)
                  1180bba0    00000020               : gbl_vers.o674 (.bios)
                  1180bbc0    00000020               : idl.o674 (.bios)
                  1180bbe0    00000020               : sts_set.o674 (.bios)
                  1180bc00    00000020               : utl_doer.o674 (.bios)
                  1180bc20    00000020               : utl_halt.o674 (.bios)
                  1180bc40    00000020     bios6748.a674 : clk_gethtime.o674 (.bios)

.IRAM$heap 
*          0    1180bc60    00002000     UNINITIALIZED
                  1180bc60    00002000     --HOLE--

.cinit     0    1180dc60    0000105c     
                  1180dc60    000006ac     hellocfg.obj (.cinit)
                  1180e30c    00000004     --HOLE-- [fill = 0]
                  1180e310    0000026c     bios.a674 : biosdata.o674 (.cinit)
                  1180e57c    00000004     --HOLE-- [fill = 0]
                  1180e580    000001a4               : knl.o674 (.cinit)
                  1180e724    00000004     --HOLE-- [fill = 0]
                  1180e728    000000b0               : swi.o674 (.cinit)
                  1180e7d8    00000080               : tsk.o674 (.cinit)
                  1180e858    00000068     rtdx64xplus.lib : rtdx_mon.o64P (.cinit)
                  1180e8c0    00000060     bios.a674 : tsk_stup.o674 (.cinit)
                  1180e920    0000005c     lnkrtdx.a674 : rtdx.o674 (.cinit)
                  1180e97c    00000004     --HOLE-- [fill = 0]
                  1180e980    0000005c     rts6740.lib : defs.obj (.cinit)
                  1180e9dc    00000004     --HOLE-- [fill = 0]
                  1180e9e0    0000005c                 : lowlev.obj (.cinit)
                  1180ea3c    00000004     --HOLE-- [fill = 0]
                  1180ea40    0000004c     bios.a674 : rta.o674 (.cinit)
                  1180ea8c    00000004     --HOLE-- [fill = 0]
                  1180ea90    0000004c     rtdx64xplus.lib : buffer1.o64P (.cinit)
                  1180eadc    00000004     --HOLE-- [fill = 0]
                  1180eae0    0000003c     bios.a674 : exc.o674 (.cinit)
                  1180eb1c    00000004     --HOLE-- [fill = 0]
                  1180eb20    00000034               : hwi.o674 (.cinit)
                  1180eb54    00000004     --HOLE-- [fill = 0]
                  1180eb58    0000002c               : utl_putc.o674 (.cinit)
                  1180eb84    00000004     --HOLE-- [fill = 0]
                  1180eb88    0000002c     rts6740.lib : exit.obj (.cinit)
                  1180ebb4    00000004     --HOLE-- [fill = 0]
                  1180ebb8    00000024     bios.a674 : obj_init.o674 (.cinit)
                  1180ebdc    00000004     --HOLE-- [fill = 0]
                  1180ebe0    0000001c               : exc_asm.o674 (.cinit)
                  1180ebfc    00000004     --HOLE-- [fill = 0]
                  1180ec00    0000001c               : sys.o674 (.cinit)
                  1180ec1c    00000004     --HOLE-- [fill = 0]
                  1180ec20    0000001c     rts6740.lib : _lock.obj (.cinit)
                  1180ec3c    00000004     --HOLE-- [fill = 0]
                  1180ec40    0000001c                 : atexit.obj (.cinit)
                  1180ec5c    00000004     --HOLE-- [fill = 0]
                  1180ec60    00000018     bios.a674 : knl_tick.o674 (.cinit)
                  1180ec78    0000000c               : idl_busy.o674 (.cinit)
                  1180ec84    00000004     --HOLE-- [fill = 0]
                  1180ec88    0000000c               : knl_swit.o674 (.cinit)
                  1180ec94    00000004     --HOLE-- [fill = 0]
                  1180ec98    0000000c     rts6740.lib : fopen.obj (.cinit)
                  1180eca4    00000004     --HOLE-- [fill = 0]
                  1180eca8    0000000c                 : sinit.obj (.cinit)
                  1180ecb4    00000004     --HOLE-- [fill = 0]
                  1180ecb8    00000004     (.pad.cinit) [fill = 0]

.trace     0    1180ecbc    00000200     
                  1180ecbc    00000200     --HOLE-- [fill = 00000000]

.args      0    1180eebc    00000004     
                  1180eebc    00000004     --HOLE-- [fill = 0]

.cio       0    1180eec0    00000120     UNINITIALIZED
                  1180eec0    00000120     rts6740.lib : trgmsg.obj (.cio)

.prd       0    1180efe0    00000020     UNINITIALIZED
                  1180efe0    00000020     hellocfg.obj (.prd)

.trace$buf 
*          0    1180f000    00001000     UNINITIALIZED
                  1180f000    00001000     hellocfg.obj (.trace$buf)

.rtdx_text 
*          0    11810000    00000fc0     
                  11810000    000002a0     rtdx64xplus.lib : rtdx_mon.o64P (.rtdx_text:_HSRTDX_rec)
                  118102a0    00000260                     : buffer1.o64P (.rtdx_text:_RTDX_Buffer_WriteCB)
                  11810500    00000260                     : buffer1.o64P (.rtdx_text:_RTDX_write_next)
                  11810760    000001a0                     : rtdx_mon.o64P (.rtdx_text:_HSRTDX_xmt)
                  11810900    00000160                     : rtdx_mon.o64P (.rtdx_text:_RTDX_Send_To_Host)
                  11810a60    000000e0                     : rtdx_mon.o64P (.rtdx_text:_RTDX_Mon_Queue)
                  11810b40    000000e0                     : buffer1.o64P (.rtdx_text:_claim)
                  11810c20    000000a0                     : rtdx_mon.o64P (.rtdx_text:_RTDX_GetH2THeader)
                  11810cc0    000000a0                     : rtdx_mon.o64P (.rtdx_text:_RTDX_Poll)
                  11810d60    00000080                     : rtdx_mon.o64P (.rtdx_text:_RTDX_Final_RT_Monitor)
                  11810de0    00000060                     : buffer1.o64P (.rtdx_text:_RTDX_Buffer_Initialize)
                  11810e40    00000060                     : rtdx_mon.o64P (.rtdx_text:_RTDX_Init_RT_Monitor)
                  11810ea0    00000040                     : buffer2.o64P (.rtdx_text:_RTDX_Buffer_ReadCB)
                  11810ee0    00000040                     : buffer1.o64P (.rtdx_text:_RTDX_Buffer_Size)
                  11810f20    00000040                     : memfill.o64P (.rtdx_text:_RTDX_memfill)
                  11810f60    00000020                     : buffer2.o64P (.rtdx_text:_RTDX_Buffer_Read)
                  11810f80    00000020                     : buffer1.o64P (.rtdx_text:_RTDX_Buffer_Write)
                  11810fa0    00000020                     : intr_tgt.o64P (.rtdx_text)

.far       0    11810fc0    00000830     UNINITIALIZED
                  11810fc0    00000324     rts6740.lib : defs.obj (.far)
                  118112e4    00000004     bios6748.a674 : clk_data.o674 (.far)
                  118112e8    00000188     rts6740.lib : atexit.obj (.far)
                  11811470    0000011c                 : lowlev.obj (.far)
                  1181158c    00000004                 : fopen.obj (.far)
                  11811590    000000d8     bios.a674 : knl.o674 (.far)
                  11811668    0000005c               : tsk.o674 (.far)
                  118116c4    00000004     rts6740.lib : sinit.obj (.far)
                  118116c8    00000054     bios.a674 : obj_init.o674 (.far)
                  1181171c    00000050               : tsk_stup.o674 (.far)
                  1181176c    00000004     --HOLE--
                  11811770    00000020               : sys.o674 (.far)
                  11811790    00000018     rtdx64xplus.lib : rtdx_mon.o64P (.far)
                  118117a8    00000010     bios.a674 : exc.o674 (.far)
                  118117b8    00000010               : knl_tick.o674 (.far)
                  118117c8    0000000c               : utl_putc.o674 (.far)
                  118117d4    0000000c     rts6740.lib : exit.obj (.far)
                  118117e0    00000008                 : _lock.obj (.far)
                  118117e8    00000008                 : trgdrv.obj (.far)

.hst1      0    118117f0    00000010     UNINITIALIZED
                  118117f0    00000010     hellocfg.obj (.hst1)

.LOG_system$buf 
*          0    11811800    00000800     UNINITIALIZED
                  11811800    00000800     hellocfg.obj (.LOG_system$buf)

.sysinit   0    11812000    00000560     
                  11812000    00000380     hellocfg.obj (.sysinit)
                  11812380    000000c0     bios.a674 : boot.o674 (.sysinit)
                  11812440    000000c0               : mem_init.o674 (.sysinit)
                  11812500    00000060               : tsk_init.o674 (.sysinit)

.idl       0    11812560    00000010     UNINITIALIZED
                  11812560    00000010     hellocfg.obj (.idl)

.idlcal    0    11812570    00000010     UNINITIALIZED
                  11812570    00000010     hellocfg.obj (.idlcal)

.rtdx_data 
*          0    11812580    000004f4     UNINITIALIZED
                  11812580    00000080     --HOLE--
                  11812600    00000410     hellocfg.obj (.rtdx_data)
                  11812a10    00000044     rtdx64xplus.lib : rtdx_mon.o64P (.rtdx_data)
                  11812a54    00000020                     : buffer1.o64P (.rtdx_data)

.mem       0    11812a74    00000004     UNINITIALIZED
                  11812a74    00000004     hellocfg.obj (.mem)

.const     0    11812a78    00000419     
                  11812a78    00000193     bios.a674 : exc.o674 (.const:.string)
                  11812c0b    00000004               : mem_allo.o674 (.const:.string)
                  11812c0f    00000001     --HOLE-- [fill = 0]
                  11812c10    00000101     rts6740.lib : ctype.obj (.const:.string:__ctypes_)
                  11812d11    00000004     bios.a674 : mem_free.o674 (.const:.string)
                  11812d15    00000002     rts6740.lib : fputs.obj (.const:.string)
                  11812d17    00000001     --HOLE-- [fill = 0]
                  11812d18    00000080     evmc6748_bsl.lib : evmc6748.obj (.const:_bitval_u32)
                  11812d98    0000004e     bios.a674 : tsk_stup.o674 (.const:.string)
                  11812de6    00000002     --HOLE-- [fill = 0]
                  11812de8    00000040     evmc6748_bsl.lib : evmc6748.obj (.const:.string)
                  11812e28    00000023     bios.a674 : utl_doab.o674 (.const:.string)
                  11812e4b    00000023     rts6740.lib : _printfi.obj (.const:.string)
                  11812e6e    00000022     bios.a674 : utl_doer.o674 (.const:.string)
                  11812e90    00000001               : tsk.o674 (.const:.string)

.printf    0    11812e91    00000076     COPY SECTION
                  11812e91    00000076     hellocfg.obj (.printf)

.TSK_idle$stk 
*          0    11812e98    00000400     UNINITIALIZED
                  11812e98    00000400     hellocfg.obj (.TSK_idle$stk)

.stack     0    11813298    00000400     UNINITIALIZED
                  11813298    00000400     --HOLE--

.bss       0    11813698    00000384     UNINITIALIZED
                  11813698    00000100     bios.a674 : hwi_disp_asm.o674 (.bss)
                  11813798    000000cc               : biosdata.o674 (.bss)
                  11813864    0000009c               : swi.o674 (.bss)
                  11813900    00000048               : knl.o674 (.bss)
                  11813948    00000028     hellocfg.obj (.bss)
                  11813970    00000020     bios.a674 : exc_asm.o674 (.bss)
                  11813990    00000018               : hwi.o674 (.bss)
                  118139a8    00000018     lnkrtdx.a674 : rtdx.o674 (.bss)
                  118139c0    00000010     bios.a674 : exc.o674 (.bss)
                  118139d0    00000010     rtdx64xplus.lib : buffer1.o64P (.bss)
                  118139e0    00000010                     : rtdx_mon.o64P (.bss)
                  118139f0    0000000c     bios.a674 : tsk.o674 (.bss)
                  118139fc    00000008               : clk_data.o674 (.bss)
                  11813a04    00000008               : sys.o674 (.bss)
                  11813a0c    00000004               : clk_data2.o674 (.bss)
                  11813a10    00000004               : idl_busy.o674 (.bss)
                  11813a14    00000004               : mem_asm.o674 (.bss)
                  11813a18    00000004     evmc6748_bsl.lib : evmc6748_i2c.obj (.bss)

.hst0      0    11813a1c    00000100     UNINITIALIZED
                  11813a1c    00000100     hellocfg.obj (.hst0)

.pip       0    11813b1c    000000c8     UNINITIALIZED
                  11813b1c    000000c8     hellocfg.obj (.pip)

.sys       0    11813be4    00000010     UNINITIALIZED
                  11813be4    00000010     hellocfg.obj (.sys)

.pinit     0    11813bf4    0000000c     
                  11813bf4    00000004     rtdx64xplus.lib : buffer1.o64P (.pinit)
                  11813bf8    00000004                     : rtdx_mon.o64P (.pinit)
                  11813bfc    00000004     --HOLE-- [fill = 0]

.hwi_vec   0    11813c00    00000200     
                  11813c00    00000200     hellocfg.obj (.hwi_vec)

.tsk       0    11813e00    00000060     UNINITIALIZED
                  11813e00    00000060     hellocfg.obj (.tsk)

.swi       0    11813e60    00000058     UNINITIALIZED
                  11813e60    00000058     hellocfg.obj (.swi)

.sts       0    11813eb8    00000050     
                  11813eb8    00000050     hellocfg.obj (.sts)

.gblinit   0    11813f08    0000004c     
                  11813f08    0000004c     hellocfg.obj (.gblinit)

.switch    0    11813f54    00000044     
                  11813f54    00000024     evmc6748_bsl.lib : evmc6748_gpio.obj (.switch:_getRegisterBankAndBit)
                  11813f78    00000020                      : evmc6748_dip.obj (.switch:_convertDipToI2CGpio)

.hst       0    11813f98    0000003c     UNINITIALIZED
                  11813f98    0000003c     hellocfg.obj (.hst)

.log       0    11813fd4    00000030     
                  11813fd4    00000030     hellocfg.obj (.log)

.trcdata   0    11814004    0000000c     
                  11814004    0000000c     bios.a674 : trc.o674 (.trcdata)

.clk       0    11814010    00000008     UNINITIALIZED
                  11814010    00000008     hellocfg.obj (.clk)


GLOBAL SYMBOLS: SORTED ALPHABETICALLY BY Name 

address    name
--------   ----
11813698   $bss
11813698   .bss
11800000   .data
11800000   .text
118121c4   BIOS$$CLKOFF
11812184   BIOS$$CLKON
11812000   BIOS_init
11812230   BIOS_start
00000000   BUF$
00000001   BUF_ENABLED
118076d8   C$$IO$$
ffffffff   CACHE_L1D
ffffffff   CACHE_L1P
00000001   CLK$
11814010   CLK_A_TABBEG
00000001   CLK_CALDIV
00000001   CLK_CALMULT
000493e0   CLK_COUNTSPMS
00000004   CLK_COUNTSPMSHIGH
118137c0   CLK_D_idletime
118137bc   CLK_D_isrhook
118137b8   CLK_D_tabbeg
118137b4   CLK_D_timefxn
00000001   CLK_ENABLEHTIME
1180bc40   CLK_F_gethtime
1180a7e0   CLK_F_getltime
1180a7f0   CLK_F_isr
1180a930   CLK_F_itime
118084c0   CLK_HOOKFXN
00000001   CLK_HTIMEDIV
00000001   CLK_HTIMEMULT
000493e0   CLK_HTIMEPERLTIME
00005dc0   CLK_INPUTCLK
00004000   CLK_INTBIT
00000001   CLK_LTIMEDIV
000493e0   CLK_LTIMEMULT
000003e8   CLK_MICROSECS
00000001   CLK_POWERENABLE
00005dc0   CLK_PRD
00000000   CLK_PRDHIGH
01c20000   CLK_REGS
00000001   CLK_RESETTIMER
118137b0   CLK_R_time
00000020   CLK_TCR
00000000   CLK_TDDR
00000000   CLK_TDDRHIGH
1180bc40   CLK_TIMEFXN
00000000   CLK_TIMERNUM
00000005   CLK_TIMMODE
00000001   CLK_USETIMER
11814014   CLK_null
ffffffff   DDR
00000000   DEV$
00000000   DGN$
00000000   DHL$
00000000   DHL_gChannelsAvailable
00000000   DIO$
00000000   DIO_NUMSWIBASE
00000000   DIO_NUMTSKBASE
00000000   DIO_STATIC
00000000   DPI$
00000000   ECM$
00000000   ECM_ENABLE
ffffffff   ECM_EVTMASK0
ffffffff   ECM_EVTMASK1
ffffffff   ECM_EVTMASK2
ffffffff   ECM_EVTMASK3
0000000a   EVENT10
00000064   EVENT100
00000065   EVENT101
00000066   EVENT102
00000067   EVENT103
00000068   EVENT104
00000069   EVENT105
0000006a   EVENT106
0000006b   EVENT107
0000006c   EVENT108
0000006d   EVENT109
0000000b   EVENT11
0000006e   EVENT110
0000006f   EVENT111
00000070   EVENT112
00000071   EVENT113
00000072   EVENT114
00000073   EVENT115
00000074   EVENT116
00000075   EVENT117
00000076   EVENT118
00000077   EVENT119
0000000c   EVENT12
00000078   EVENT120
00000079   EVENT121
0000007a   EVENT122
0000007b   EVENT123
0000007c   EVENT124
0000007d   EVENT125
0000007e   EVENT126
0000007f   EVENT127
0000000d   EVENT13
0000000e   EVENT14
0000000f   EVENT15
00000010   EVENT16
00000011   EVENT17
00000012   EVENT18
00000013   EVENT19
00000014   EVENT20
00000015   EVENT21
00000016   EVENT22
00000017   EVENT23
00000018   EVENT24
00000019   EVENT25
0000001a   EVENT26
0000001b   EVENT27
0000001c   EVENT28
0000001d   EVENT29
0000001e   EVENT30
0000001f   EVENT31
00000020   EVENT32
00000021   EVENT33
00000022   EVENT34
00000023   EVENT35
00000024   EVENT36
00000025   EVENT37
00000026   EVENT38
00000027   EVENT39
00000004   EVENT4
00000028   EVENT40
00000029   EVENT41
0000002a   EVENT42
0000002b   EVENT43
0000002c   EVENT44
0000002d   EVENT45
0000002e   EVENT46
0000002f   EVENT47
00000030   EVENT48
00000031   EVENT49
00000005   EVENT5
00000032   EVENT50
00000033   EVENT51
00000034   EVENT52
00000035   EVENT53
00000036   EVENT54
00000037   EVENT55
00000038   EVENT56
00000039   EVENT57
0000003a   EVENT58
0000003b   EVENT59
00000006   EVENT6
0000003c   EVENT60
0000003d   EVENT61
0000003e   EVENT62
0000003f   EVENT63
00000040   EVENT64
00000041   EVENT65
00000042   EVENT66
00000043   EVENT67
00000044   EVENT68
00000045   EVENT69
00000007   EVENT7
00000046   EVENT70
00000047   EVENT71
00000048   EVENT72
00000049   EVENT73
0000004a   EVENT74
0000004b   EVENT75
0000004c   EVENT76
0000004d   EVENT77
0000004e   EVENT78
0000004f   EVENT79
00000008   EVENT8
00000050   EVENT80
00000051   EVENT81
00000052   EVENT82
00000053   EVENT83
00000054   EVENT84
00000055   EVENT85
00000056   EVENT86
00000057   EVENT87
00000058   EVENT88
00000059   EVENT89
00000009   EVENT9
0000005a   EVENT90
0000005b   EVENT91
0000005c   EVENT92
0000005d   EVENT93
0000005e   EVENT94
0000005f   EVENT95
00000060   EVENT96
00000061   EVENT97
00000062   EVENT98
00000063   EVENT99
1180b7e0   FXN_F_nop
1180b7e4   FXN_F_run
1180b820   FXN_F_zero
00000001   GBL$
00005205   GBL_A_VERSION
00000000   GBL_BCACHEREADADDR0
00000000   GBL_BCACHEREADADDR1
00000000   GBL_BCACHEREADADDR2
00000000   GBL_BIGENDIAN
00000000   GBL_CACHE
00000000   GBL_CALLCSLCFGINIT
00004e20   GBL_CLKIN
00001a5b   GBL_CLKTYPE
00001a5c   GBL_DSPSUBTYPE
0000003e   GBL_DSPTYPE
00000001   GBL_ENABLEINST
00000000   GBL_ENABLE_SK
00000042   GBL_FOOTPRINT
000493e0   GBL_FREQ
00000000   GBL_GEMTRUECOMPEN
00000007   GBL_L1DMODE
00000007   GBL_L1PMODE
00000001   GBL_L2CONFIGURE
00000000   GBL_L2MAR0_31
00000001   GBL_L2MAR128_159
00000000   GBL_L2MAR160_191
ffffffff   GBL_L2MAR192_223
00000000   GBL_L2MAR224_255
00000000   GBL_L2MAR32_63
00000000   GBL_L2MAR64_95
00000000   GBL_L2MAR96_127
00000000   GBL_L2MODE
00000000   GBL_NULL
00000000   GBL_PROCID
00000000   GBL_ROM
00000000   GBL_SUPPORTCSL
0000dbef   GBL_TRCMASKVALUE
00000000   GBL_USERINIT
1180bb80   GBL_USERINITFXN
00000001   GBL_boot
1181400c   GBL_initdone
11813298   GBL_stackbeg
11813697   GBL_stackend
00000000   GIO$
1180bb80   GIO_CREATEFXN
1180bb80   GIO_DELETEFXN
1180bb80   GIO_PENDFXN
1180bb80   GIO_POSTFXN
00000000   HOOK$
00000000   HOOK_KNLID
00000001   HST$
11813f98   HST_A_TABBEG
11813fd4   HST_A_TABEND
00000000   HST_DSM
11813954   HST_DSMBUFSEG
00000400   HST_DSMMEMSIZE
1181382c   HST_D_chanmask
11813830   HST_D_tabbeg
11813834   HST_D_tabend
000000ff   HST_MAXFRAMEALLOWED
00000040   HST_MAXFRAMESET
00000000   HST_NONE
00000001   HST_RTDX
00000001   HWI$
11813c00   HWI_A_VECS
00005808   HWI_CFGDISPATCHED
118139a0   HWI_D_bss
118139a4   HWI_D_ccmask
11813990   HWI_D_spsave
00000001   HWI_ENABLE_EXC
118084c0   HWI_F_dispatch
00000000   HWI_GENERATE_RESET_VEC
0000000a   HWI_INT10
00000000   HWI_INT10$hwi
0000000b   HWI_INT11
00000000   HWI_INT11$hwi
0000000c   HWI_INT12
00000000   HWI_INT12$hwi
0000000d   HWI_INT13
00000000   HWI_INT13$hwi
0000000e   HWI_INT14
00000000   HWI_INT14$hwi
0000000f   HWI_INT15
00000000   HWI_INT15$hwi
00000004   HWI_INT4
00000000   HWI_INT4$hwi
00000005   HWI_INT5
00000000   HWI_INT5$hwi
00000006   HWI_INT6
00000000   HWI_INT6$hwi
00000007   HWI_INT7
00000000   HWI_INT7$hwi
00000008   HWI_INT8
00000000   HWI_INT8$hwi
00000009   HWI_INT9
00000000   HWI_INT9$hwi
07060504   HWI_INTRMUX1
0b0a0908   HWI_INTRMUX2
28040d0c   HWI_INTRMUX3
00000001   HWI_NMI
00000000   HWI_NMI$hwi
00000000   HWI_POLARITYMASK
00000002   HWI_RESERVED0
00000000   HWI_RESERVED0$hwi
00000003   HWI_RESERVED1
00000000   HWI_RESERVED1$hwi
00000000   HWI_RESET
00000000   HWI_RESET$hwi
00000000   HWI_ZEROTAB
00000001   IDL$
11812570   IDL_A_CALBEG
11812560   IDL_A_TABBEG
00000006   IDL_CALIBRERROR
1180ba80   IDL_CALIBRFXN
11813a10   IDL_D_busyObj
118137a0   IDL_D_calbeg
1181379c   IDL_D_calibrate
11813798   IDL_D_tabbeg
1181256c   IDL_END
1181257c   IDL_END$
1180b8a0   IDL_F_busy
1180b700   IDL_F_calibrate
1180bbc0   IDL_F_loop
1180ba80   IDL_F_stub
00000001   IDL_USECLKIDLTIME
11813efc   IDL_busyObj
11812f02   IDL_busyObj$avgfmt
00000001   IDL_busyObj$filter
00000001   IDL_busyObj$iA
00000000   IDL_busyObj$iB
00000001   IDL_busyObj$iC
11812efc   IDL_busyObj$maxfmt
00000000   IDL_busyObj$operation
11813ef8   IDL_busyObj$stsobj
11812eff   IDL_busyObj$sumfmt
00000002   IDL_busyObj$unittype
11812560   IDL_cpuLoad
11812570   IDL_cpuLoad$
11813954   IRAM
1180bc60   IRAM$B
00002000   IRAM$L
00000001   ISRC$
1180aad8   KNL_glue
11813e60   KNL_swi
00000001   KNL_swi$dorta
00000000   KNL_swi$ord
00000000   KNL_swi$pri
11813ecc   KNL_swi$sts
11812ebe   KNL_swi$sts$avgfmt
00000002   KNL_swi$sts$filter
00000001   KNL_swi$sts$filtmaxmult
00000001   KNL_swi$sts$filtsummult
11812eae   KNL_swi$sts$maxfmt
11813ec8   KNL_swi$sts$stsobj
11812eb6   KNL_swi$sts$sumfmt
00000000   KNL_swi$sts$unittype
00000000   KNL_swi$swi
ffffffff   L3_CBA_RAM
00000001   LCK$
11807980   LNK_F_checkBufferCall
11807a00   LNK_F_dataPump
118079a0   LNK_F_getChanPtr
118079f8   LNK_F_init
11807f08   LNK_F_readCallBack
11812564   LNK_dataPump
11812574   LNK_dataPump$
118139ac   LNK_dspFrameReadyMask
118139a8   LNK_dspFrameRequestMask
11807c80   LNK_newin
11807db4   LNK_newout
11807a10   LNK_rcloop
11807ad4   LNK_rdrtry
118139b4   LNK_readDone
118139b8   LNK_readFail
118139b0   LNK_readPend
11807ae4   LNK_rrloop
118139bc   LNK_writeFail
11807bb0   LNK_wrloop
11807ba4   LNK_wrrtry
00000001   LOG$
11813fd4   LOG_A_TABBEG
11814004   LOG_A_TABEND
00000002   LOG_A_TABLEN
118137a4   LOG_D_system
00000001   LOG_ENABLED
1180b680   LOG_F_event
11813fd4   LOG_system
11811800   LOG_system$buf
00000000   LOG_system$datatype
00000000   LOG_system$log
00000200   LOG_system$size
00000000   MBX$
00000001   MEM$
11813954   MEM_MALLOCSEG
00000000   MEM_NULL
11813954   MEM_SEGZERO
00000000   MEM_USEMPC
00000001   MEM_gNumHeap
00000000   MSGQ$
00000000   MSGQ_USEMSGQ
00000000   OBJ$
00000000   PIP$
11813b1c   PIP_A_TABBEG
11813be4   PIP_A_TABEND
00000002   PIP_A_TABLEN
118137a8   PIP_D_tabbeg
118137ac   PIP_D_tablen
1180a158   PIP_F_give
1180a158   PIP_F_probe
1180a228   PIP_F_start
1180a0e0   PIP_F_take
00000064   PIP_OBJSIZE
00000000   PIP_gNextId
00000002   PIP_gNumEmbed
00000000   POOL$
00000000   POOL_USEPOOL
00000001   PRD$
1180efe0   PRD0
1180effc   PRD0$aaa
00000000   PRD0$mode
00000001   PRD0$ord
000001f4   PRD0$period
00000000   PRD0$prd
11813ebc   PRD0$sts
11812ea3   PRD0$sts$avgfmt
00000000   PRD0$sts$filter
11812e91   PRD0$sts$maxfmt
11813eb8   PRD0$sts$stsobj
11812e9a   PRD0$sts$sumfmt
00000002   PRD0$sts$unittype
1180efe0   PRD_A_TABBEG
1180f000   PRD_A_TABEND
00000001   PRD_A_TABLEN
118137e8   PRD_D_cur
118137ec   PRD_D_elapsed
118137f0   PRD_D_prevtim
118137f4   PRD_D_scalar
118137f8   PRD_D_swihandle
118137fc   PRD_D_tabbeg
11813800   PRD_D_tablen
11813804   PRD_D_thook
118137e4   PRD_D_tick
11808e60   PRD_F_swi
118090e4   PRD_F_tick
00000001   PRD_SCALAR
11813e8c   PRD_SWIHANDLE
11809cf4   PRD_THOOKFXN
11814010   PRD_clock
11813e8c   PRD_swi
00000001   PRD_swi$dorta
00000000   PRD_swi$ord
00000001   PRD_swi$pri
11813edc   PRD_swi$sts
11812ed8   PRD_swi$sts$avgfmt
00000002   PRD_swi$sts$filter
00000001   PRD_swi$sts$filtmaxmult
00000001   PRD_swi$sts$filtsummult
11812ec8   PRD_swi$sts$maxfmt
11813ed8   PRD_swi$sts$stsobj
11812ed0   PRD_swi$sts$sumfmt
00000000   PRD_swi$sts$unittype
00000000   PRD_swi$swi
00000001   PWRM$
00000030   PWRM_PWRM_CAPSMASK
0000000a   PWRM_PWRM_CLKTICKSPERSLOT
00000000   PWRM_PWRM_ENABLE
00000002   PWRM_PWRM_INITSPCPU
00000000   PWRM_PWRM_INITSPPER
00000000   PWRM_PWRM_LOADENABLE
00000001   PWRM_PWRM_NUMSLOTS
00000000   PWRM_PWRM_RESOURCETRACKING
00000000   PWRM_PWRM_SCALING
1180bb80   PWRM_PWRM_SHAREDRESOURCEFXN
1180bb80   PWRM_PWRM_SLOTHOOKFXN
00000000   PWRM_PWRM_TIMERIDNUM
00000000   PWRM_PWRM_TIMERINTRMASK
00000000   PWRM_PWRM_TIMERWUGENMASK
00000000   PWRM_PWRM_USERRESOURCES
00000000   PWRM_PWRM_USETIMER
00000001   QUE$
11813808   RTA_D_fromHost
11813810   RTA_D_logval
11813820   RTA_D_stsval
1181380c   RTA_D_toHost
1180bac0   RTA_F_andn
11809540   RTA_F_dispatch
11809460   RTA_F_getlog
11809498   RTA_F_getsts
1180bad8   RTA_F_or
118094d8   RTA_F_readblk
11809500   RTA_F_resetmem
118094f4   RTA_F_writeword
11812568   RTA_dispatcher
11812578   RTA_dispatcher$
1180958c   RTA_execute
11813f9c   RTA_fromHost
118117f0   RTA_fromHost$buf
00000004   RTA_fromHost$framesize
00000000   RTA_fromHost$hst
00000001   RTA_fromHost$id
00000000   RTA_fromHost$mode
11813b1c   RTA_fromHost$pipe
11813b4c   RTA_fromHost$pipe$aaa
11813b7c   RTA_fromHost$pipe$bbb
11813958   RTA_fromHost$pipe$dtab
11813b20   RTA_fromHost$pipe$rd
11813b50   RTA_fromHost$pipe$wr
11813fa4   RTA_fromHost$rtdx
11813fb8   RTA_toHost
11813a1c   RTA_toHost$buf
00000040   RTA_toHost$framesize
00000000   RTA_toHost$hst
00000000   RTA_toHost$id
00000001   RTA_toHost$mode
11813b80   RTA_toHost$pipe
11813bb0   RTA_toHost$pipe$aaa
11813be0   RTA_toHost$pipe$bbb
11813964   RTA_toHost$pipe$dtab
11813b84   RTA_toHost$pipe$rd
11813bb4   RTA_toHost$pipe$wr
11813fc0   RTA_toHost$rtdx
00000001   RTDX$
00000408   RTDX_BUFMEMSIZE
11813954   RTDX_DATAMEMSEG
00000000   RTDX_MODE
00000001   RTDX_NORMALIZED_HDR
00000001   RTDX_USERTDX
00000000   RTDX_USERTEXECUTION
00000000   SEM$
00000000   SIO$
00000001   STS$
11813eb8   STS_A_TABBEG
11813f08   STS_A_TABEND
1180b98c   STS_F_add
1180b960   STS_F_delta
1180b9a8   STS_F_reset
00000001   SWI$
11813e60   SWI_A_TABBEG
11813eb8   SWI_A_TABEND
00000002   SWI_A_TABLEN
1181387c   SWI_D_curfxn
1181386c   SWI_D_curmask
11813878   SWI_D_curmbox
11813870   SWI_D_curset
11813868   SWI_D_execaddr
11813884   SWI_D_inswi
11813874   SWI_D_lock
11813880   SWI_D_rdybeg
11813888   SWI_D_rdytab
11813864   SWI_D_runaddr
00000000   SWI_EHOOKFXN
11808b84   SWI_EXECFXN
118089a0   SWI_F_enable
11808b84   SWI_F_exec
11808bac   SWI_F_iexec
11808a10   SWI_F_post
11808c2c   SWI_F_run
00000000   SWI_IHOOKFXN
11808c2c   SWI_RUNFXN
00000001   SYS$
11813be4   SYS$config
1180bb00   SYS_ABORTFXN
1180bc00   SYS_ERRORFXN
1180bc20   SYS_EXITFXN
1180bb40   SYS_PUTCFXN
11814008   TRC_R_mask
11814004   TRC_cinit
00000001   TSK$
00000000   TSK_NUM_HOOKS
00000001   TSK_PRIORITY
00000000   TSK_READYFXN
00000000   TSK_STACKSEG
00000400   TSK_STACKSIZE
00000000   TSK_SWITCHFXN
1180bb80   TSK_VCREATEFXN
1180bb80   TSK_VDELETEFXN
1180bb80   TSK_VEXITFXN
11813e0c   TSK_idle
00000000   TSK_idle$ord
00000000   TSK_idle$pri
11812e98   TSK_idle$stack
11813230   TSK_idle$stkptr
11813eec   TSK_idle$sts
11812ef2   TSK_idle$sts$avgfmt
00000002   TSK_idle$sts$filter
00000001   TSK_idle$sts$filtmaxmult
00000001   TSK_idle$sts$filtsummult
11812ee2   TSK_idle$sts$maxfmt
11813ee8   TSK_idle$sts$stsobj
11812eea   TSK_idle$sts$sumfmt
00000000   TSK_idle$sts$unittype
00000000   TSK_idle$tsk
00000000   UDEV$
1180104c   _AIC3106_Init
11801100   _AIC3106_readRegister
11801154   _AIC3106_writeRegister
1180bb80   _BCACHE_bootInit
1180ae94   _BCACHE_getMar
1180ae44   _BCACHE_getSize
1180ae14   _BCACHE_setCacheToSram
1180adc4   _BCACHE_setMar
1180ad80   _BCACHE_setSize
11812000   _BIOS_init
11812230   _BIOS_start
ffffffff   _CACHE_L1D
ffffffff   _CACHE_L1P
000493e0   _CLK_COUNTSPMS
118139fc   _CLK_DFLTMICROSECS
118137e0   _CLK_D_countspms
118137d4   _CLK_D_dirty
11813a00   _CLK_D_microseconds
118137d8   _CLK_D_prd
118137dc   _CLK_D_tddr
1180a930   _CLK_F_itime
00005dc0   _CLK_PRD
01c20000   _CLK_REGS
00000000   _CLK_TDDR
00000000   _CLK_TIMERNUM
00000001   _CLK_USETIMER
1180bc40   _CLK_gethtime
118137c4   _CLK_htimeDiv
118137c8   _CLK_htimeMult
11813a0c   _CLK_htimePerLtime
118112e4   _CLK_inputClock
1180a930   _CLK_itime
118137cc   _CLK_ltimeDiv
118137d0   _CLK_ltimeMult
1180ba20   _CLK_measure
ffffffff   _DDR
11805784   _DIP_get
118057e8   _DIP_getAll
11805760   _DIP_init
0000000a   _EVENT10
00000064   _EVENT100
00000065   _EVENT101
00000066   _EVENT102
00000067   _EVENT103
00000068   _EVENT104
00000069   _EVENT105
0000006a   _EVENT106
0000006b   _EVENT107
0000006c   _EVENT108
0000006d   _EVENT109
0000000b   _EVENT11
0000006e   _EVENT110
0000006f   _EVENT111
00000070   _EVENT112
00000071   _EVENT113
00000072   _EVENT114
00000073   _EVENT115
00000074   _EVENT116
00000075   _EVENT117
00000076   _EVENT118
00000077   _EVENT119
0000000c   _EVENT12
00000078   _EVENT120
00000079   _EVENT121
0000007a   _EVENT122
0000007b   _EVENT123
0000007c   _EVENT124
0000007d   _EVENT125
0000007e   _EVENT126
0000007f   _EVENT127
0000000d   _EVENT13
0000000e   _EVENT14
0000000f   _EVENT15
00000010   _EVENT16
00000011   _EVENT17
00000012   _EVENT18
00000013   _EVENT19
00000014   _EVENT20
00000015   _EVENT21
00000016   _EVENT22
00000017   _EVENT23
00000018   _EVENT24
00000019   _EVENT25
0000001a   _EVENT26
0000001b   _EVENT27
0000001c   _EVENT28
0000001d   _EVENT29
0000001e   _EVENT30
0000001f   _EVENT31
00000020   _EVENT32
00000021   _EVENT33
00000022   _EVENT34
00000023   _EVENT35
00000024   _EVENT36
00000025   _EVENT37
00000026   _EVENT38
00000027   _EVENT39
00000004   _EVENT4
00000028   _EVENT40
00000029   _EVENT41
0000002a   _EVENT42
0000002b   _EVENT43
0000002c   _EVENT44
0000002d   _EVENT45
0000002e   _EVENT46
0000002f   _EVENT47
00000030   _EVENT48
00000031   _EVENT49
00000005   _EVENT5
00000032   _EVENT50
00000033   _EVENT51
00000034   _EVENT52
00000035   _EVENT53
00000036   _EVENT54
00000037   _EVENT55
00000038   _EVENT56
00000039   _EVENT57
0000003a   _EVENT58
0000003b   _EVENT59
00000006   _EVENT6
0000003c   _EVENT60
0000003d   _EVENT61
0000003e   _EVENT62
0000003f   _EVENT63
00000040   _EVENT64
00000041   _EVENT65
00000042   _EVENT66
00000043   _EVENT67
00000044   _EVENT68
00000045   _EVENT69
00000007   _EVENT7
00000046   _EVENT70
00000047   _EVENT71
00000048   _EVENT72
00000049   _EVENT73
0000004a   _EVENT74
0000004b   _EVENT75
0000004c   _EVENT76
0000004d   _EVENT77
0000004e   _EVENT78
0000004f   _EVENT79
00000008   _EVENT8
00000050   _EVENT80
00000051   _EVENT81
00000052   _EVENT82
00000053   _EVENT83
00000054   _EVENT84
00000055   _EVENT85
00000056   _EVENT86
00000057   _EVENT87
00000058   _EVENT88
00000059   _EVENT89
00000009   _EVENT9
0000005a   _EVENT90
0000005b   _EVENT91
0000005c   _EVENT92
0000005d   _EVENT93
0000005e   _EVENT94
0000005f   _EVENT95
00000060   _EVENT96
00000061   _EVENT97
00000062   _EVENT98
00000063   _EVENT99
118001e8   _EVMC6748_enableDsp
11800000   _EVMC6748_init
1180002c   _EVMC6748_initRAM
118002b0   _EVMC6748_lpscTransition
11800214   _EVMC6748_pinmuxConfig
11808490   _EXC_clearLastStatus
11809f00   _EXC_dispatch
118082b4   _EXC_exceptionHandler
118139c0   _EXC_exceptionHook
11808280   _EXC_external
118139c8   _EXC_externalHook
11808260   _EXC_getLastStatus
11808220   _EXC_init
11807f74   _EXC_internal
118139c4   _EXC_internalHook
11807f40   _EXC_nmi
118139cc   _EXC_nmiHook
11813978   _EXC_returnPtr
1180a0c4   _EXC_setReturnPtr
118117a8   _EXC_status
11813970   _EXC_sysTrapTable
1180bb80   _FXN_F_nop
1180b7e4   _FXN_F_run
1180b820   _FXN_F_zero
00000000   _GBL_CACHE
1180af28   _GBL_cacheInit64P
1181383c   _GBL_clkIn
11813840   _GBL_freq
1180bba0   _GBL_getVersion
11813838   _GBL_procId
11802fb8   _GPIO_getInput
11802f40   _GPIO_setDir
1180302c   _GPIO_setOutput
118030ac   _GPIO_toggleLoop
11806ce0   _HOSTclose
11805ea0   _HOSTlseek
118061a0   _HOSTopen
11806280   _HOSTread
118055e0   _HOSTrename
118066e0   _HOSTunlink
118067a0   _HOSTwrite
11810000   _HSRTDX_rec
11810760   _HSRTDX_xmt
11813f98   _HST_A_TABBEG
11813fd4   _HST_A_TABEND
00005808   _HWI_CFGDISPATCHED
1181399c   _HWI_D_inhwi
11813990   _HWI_D_spsave
118084c0   _HWI_F_dispatch
0000000a   _HWI_INT10
0000000b   _HWI_INT11
0000000c   _HWI_INT12
0000000d   _HWI_INT13
0000000e   _HWI_INT14
0000000f   _HWI_INT15
00000004   _HWI_INT4
00000005   _HWI_INT5
00000006   _HWI_INT6
00000007   _HWI_INT7
00000008   _HWI_INT8
00000009   _HWI_INT9
00000001   _HWI_NMI
00000002   _HWI_RESERVED0
00000003   _HWI_RESERVED1
00000000   _HWI_RESET
11813690   _HWI_STKBOTTOM
11813298   _HWI_STKTOP
11813990   _HWI_data
1180b840   _HWI_disable
11813698   _HWI_dispatchTab
1180b858   _HWI_enable
1180b86c   _HWI_restore
11802354   _I2CGPIO_getInput
11802470   _I2CGPIO_getInputAll
11802280   _I2CGPIO_init
11802580   _I2CGPIO_setOutput
118026c8   _I2CGPIO_setOutputAll
118032c0   _I2C_init
118033ac   _I2C_read
11803508   _I2C_write
11813efc   _IDL_busyObj
11812560   _IDL_cpuLoad
1180bbc0   _IDL_loop
11813954   _IRAM
1180bc60   _IRAM_base
00002000   _IRAM_length
11813908   _KNL_alarm
1180afe0   _KNL_check
1181392c   _KNL_curqueue
1181391c   _KNL_curtask
11813924   _KNL_curtime
11811630   _KNL_dummy
1180b340   _KNL_enter
1180b300   _KNL_exit
1180b0a8   _KNL_idle
11813944   _KNL_idlefxn
11813910   _KNL_inactive
1180b500   _KNL_ipost
1180b0d0   _KNL_max
11813930   _KNL_maxqueue
1180b580   _KNL_post
11813920   _KNL_prevtask
11813914   _KNL_priority
11811590   _KNL_queues
118096e0   _KNL_run
1180a980   _KNL_saveIsrFrame
11813918   _KNL_set
1181390c   _KNL_setpri
11813e60   _KNL_swi
11813928   _KNL_swiptr
1180aa2c   _KNL_switch
11813938   _KNL_tcreatefxn
1181393c   _KNL_tdeletefxn
11809cf4   _KNL_tick
11813940   _KNL_treadyfxn
11813934   _KNL_tswitchfxn
11813900   _KNL_wFlag
11813904   _KNL_wList
ffffffff   _L3_CBA_RAM
1180b620   _LCK_pend
1180b600   _LCK_post
118050a0   _LED_init
118050ec   _LED_isOn
118051ec   _LED_toggle
118051a4   _LED_turnOff
11805154   _LED_turnOn
11812564   _LNK_dataPump
118139ac   _LNK_dspFrameReadyMask
118139a8   _LNK_dspFrameRequestMask
118139b4   _LNK_readDone
118139b8   _LNK_readFail
118139b0   _LNK_readPend
118139bc   _LNK_writeFail
11813fd4   _LOG_A_TABBEG
11814004   _LOG_A_TABEND
00000002   _LOG_A_TABLEN
118137a4   _LOG_D_system
1180b680   _LOG_event
11813fd4   _LOG_system
11813a14   _MEM
11813844   _MEM_D_NUMSEGMENTS
1181384c   _MEM_D_freelist
11813850   _MEM_D_lockaddr
11813848   _MEM_D_memtab
11813854   _MEM_D_unlockaddr
11809920   _MEM_alloc
11809d20   _MEM_free
11812440   _MEM_init
11813948   _MEM_memtab
11800cd0   _McASP_Init
11800e14   _McASP_Start
11811700   _OBJ_segtab
118116c8   _OBJ_table
11813b1c   _PIP_A_TABBEG
11813be4   _PIP_A_TABEND
1180efe0   _PRD0
118137e4   _PRD_D_tick
11814010   _PRD_clock
11813e8c   _PRD_swi
11812568   _RTA_dispatcher
11813f9c   _RTA_fromHost
11813fb8   _RTA_toHost
11812600   _RTDX_Buffer
11812a0c   _RTDX_Buffer_End
11810de0   _RTDX_Buffer_Initialize
11810f60   _RTDX_Buffer_Read
11810ea0   _RTDX_Buffer_ReadCB
11810ee0   _RTDX_Buffer_Size
11812a08   _RTDX_Buffer_Start
11810f80   _RTDX_Buffer_Write
118102a0   _RTDX_Buffer_WriteCB
11810d60   _RTDX_Final_RT_Monitor
11810e40   _RTDX_Init_RT_Monitor
00000002   _RTDX_JTAGONLY
11810fa0   _RTDX_Mask_IER
11810a60   _RTDX_Mon_Queue
11810cc0   _RTDX_Poll
00000000   _RTDX_interrupt_mask
11810f20   _RTDX_memfill
11812a60   _RTDX_writing
11813954   _SEG0
1180b900   _SEM_pend
1180a2c0   _SEM_pendEnterKnl
1180b220   _SEM_post
1180b220   _SEM_postBinary
1180b3c0   _SEM_postEnterKnl
11813eb8   _STS_A_TABBEG
11813f08   _STS_A_TABEND
1180b98c   _STS_add
1180b960   _STS_delta
1180b9a8   _STS_reset
1180bbe0   _STS_set
1181387c   _SWI_D_curfxn
1181386c   _SWI_D_curmask
11813870   _SWI_D_curset
11813868   _SWI_D_execaddr
11813884   _SWI_D_inswi
11813874   _SWI_D_lock
11813880   _SWI_D_rdybeg
11813864   _SWI_D_runaddr
11813864   _SWI_data
11808a10   _SWI_post
11813858   _SYS
1180ecbc   _SYS_PUTCBEG
1180eebb   _SYS_PUTCEND
1180b9c0   _SYS_abort
1180b780   _SYS_error
1180b460   _SYS_exit
11811770   _SYS_exitStack
11813a04   _SYS_exitStackPtr
11813a08   _SYS_exitStackTop
11801210   _SetGpio
11814008   _TRC_R_mask
118139f8   _TSK
11811668   _TSK_ATTRS
11811684   _TSK_config
1180ac40   _TSK_exit
11813e0c   _TSK_idle
11812500   _TSK_init
118139f0   _TSK_nTasks
118139f4   _TSK_pid
1180a640   _TSK_setup
1180b1a4   _TSK_startup
118116a4   _TSK_timerSem
11801198   _USTIMER_delay
11800c00   _UTIL_isUIBoardAttached
11800aa8   _UTIL_printMem
1180bb00   _UTL_doAbort
1180bc00   _UTL_doError
1180bb40   _UTL_doPutc
1180bc20   _UTL_halt
1180eec0   __CIOBUF_
1180a950   __CLK_lat1beg
1180a970   __CLK_lat1end
11813860   __HOOK_NUMHOOKS
1181385c   __HOOK_knlId
118084c0   __HWI_lat1beg
11808648   __HWI_lat1end
11808648   __HWI_lat2beg
11808824   __HWI_lat2end1
118087b0   __HWI_lat2end2
11808840   __HWI_lat3beg
118087e0   __HWI_lat3end2
1180b8a0   __IDL_lat1beg
1180b8e0   __IDL_lat1end
1180b02c   __KNL_lat1beg
1180b0a8   __KNL_lat1end
1180b680   __LOG_lat1beg
11811744   __MEM_mutex
11809500   __RTA_lat1beg
11809534   __RTA_lat1end
1180a4a0   __SEM_dopost
11813698   __STACK_END
00000400   __STACK_SIZE
11808b18   __SWI_lat1beg
11808bc4   __SWI_lat1end
11808bc8   __SWI_lat2beg
11808c28   __SWI_lat2end
118089a0   __SWI_lat3beg
11808a0c   __SWI_lat3end
1181171c   __TSK_mutex
118117dc   ___TI_enable_exit_profile_output
ffffffff   ___TI_pprof_out_hndl
ffffffff   ___TI_prof_data_size
ffffffff   ___TI_prof_data_start
118076e0   ___add_dtor
118112e8   ___atexit_func_id__
ffffffff   ___binit__
11813698   ___bss__
ffffffff   ___c_args__
1180dc60   ___cinit__
11800000   ___data__
11800000   ___edata__
11813a1c   ___end__
11807980   ___etext__
11807720   ___isinf
11813bf4   ___pinit__
11800000   ___text__
1180ab00   __auto_init
11806920   __c6xabi_divu
11806d80   __cleanup
118117d4   __cleanup_ptr
11805b40   __closefile
11812c10   __ctypes_
11801240   __divd
11806e20   __divli
11806920   __divu
11805440   __divul
11804160   __divull
118069e0   __doflush
118117d8   __dtors_ptr
11807000   __fixdli
118073c0   __fltlid
118077a0   __frcmpyd_div
118112e0   __ft_end
11810fc0   __ftable
11807440   __llshl
118077e0   __llshru
118117e0   __lock
118078a0   __negll
118078c0   __nop
11802760   __printfi
11807920   __register_lock
11807940   __register_unlock
11807820   __remli
11813298   __stack
118075c0   __subcull
118111a0   __tmpnams
118117e4   __unlock
11805fa0   __wrt_ok
11806aa0   _atexit
11806360   _atoi
11812d18   _bitval_u32
11812380   _c_int00
118060a0   _call_dtors
1180940c   _calloc
11806440   _close
11800688   _config_pll0
118008c4   _config_pll1
1180786c   _dipPRD
118116c4   _dtors
11804a80   _fputc
11802ba0   _fputs
118091e0   _free
11805d80   _fseek
11800c68   _initAll
118071e0   _lseek
11806b60   _ltoa
11807860   _main
11809204   _malloc
11809348   _memalign
11807620   _memccpy
11807280   _memcpy
11806520   _memset
11806600   _printf
11804a80   _putc
11800c20   _read_audio_sample
118074c0   _readmsg
11809264   _realloc
11807960   _remove
118139d8   _rtdxNullChanCnt
118139dc   _rtdxNullFuncCnt
118139e4   _rtdxRecNotDoneCnt
118139ec   _rtdxXmtErrorCnt
118139e0   _rtdxXmtNotDoneCnt
118139e8   _rtdxXmtRestartCnt
11812a54   _rtdx_buffer_state
11812a10   _rtdx_mon_state
11804ea0   _setvbuf
11813fec   _trace
11807540   _unlink
11807320   _write
11800c44   _write_audio_sample
11807680   _writemsg
ffffffff   binit
1180dc60   cinit
11800000   edata
11813a1c   end
11807980   etext
11813c00   hwi0
11813c20   hwi1
11813d40   hwi10
11813d60   hwi11
11813d80   hwi12
11813da0   hwi13
11813dc0   hwi14
11813de0   hwi15
11813c40   hwi2
11813c60   hwi3
11813c80   hwi4
11813ca0   hwi5
11813cc0   hwi6
11813ce0   hwi7
11813d00   hwi8
11813d20   hwi9
11813bf4   pinit
11813fec   trace
1180f000   trace$buf
00000001   trace$datatype
00000000   trace$log
00000400   trace$size


GLOBAL SYMBOLS: SORTED BY Symbol Address 

address    name
--------   ----
00000000   BUF$
00000000   CLK_PRDHIGH
00000000   CLK_TDDR
00000000   CLK_TDDRHIGH
00000000   CLK_TIMERNUM
00000000   DEV$
00000000   DGN$
00000000   DHL$
00000000   DHL_gChannelsAvailable
00000000   DIO$
00000000   DIO_NUMSWIBASE
00000000   DIO_NUMTSKBASE
00000000   DIO_STATIC
00000000   DPI$
00000000   ECM$
00000000   ECM_ENABLE
00000000   GBL_BCACHEREADADDR0
00000000   GBL_BCACHEREADADDR1
00000000   GBL_BCACHEREADADDR2
00000000   GBL_BIGENDIAN
00000000   GBL_CACHE
00000000   GBL_CALLCSLCFGINIT
00000000   GBL_ENABLE_SK
00000000   GBL_GEMTRUECOMPEN
00000000   GBL_L2MAR0_31
00000000   GBL_L2MAR160_191
00000000   GBL_L2MAR224_255
00000000   GBL_L2MAR32_63
00000000   GBL_L2MAR64_95
00000000   GBL_L2MAR96_127
00000000   GBL_L2MODE
00000000   GBL_NULL
00000000   GBL_PROCID
00000000   GBL_ROM
00000000   GBL_SUPPORTCSL
00000000   GBL_USERINIT
00000000   GIO$
00000000   HOOK$
00000000   HOOK_KNLID
00000000   HST_DSM
00000000   HST_NONE
00000000   HWI_GENERATE_RESET_VEC
00000000   HWI_INT10$hwi
00000000   HWI_INT11$hwi
00000000   HWI_INT12$hwi
00000000   HWI_INT13$hwi
00000000   HWI_INT14$hwi
00000000   HWI_INT15$hwi
00000000   HWI_INT4$hwi
00000000   HWI_INT5$hwi
00000000   HWI_INT6$hwi
00000000   HWI_INT7$hwi
00000000   HWI_INT8$hwi
00000000   HWI_INT9$hwi
00000000   HWI_NMI$hwi
00000000   HWI_POLARITYMASK
00000000   HWI_RESERVED0$hwi
00000000   HWI_RESERVED1$hwi
00000000   HWI_RESET
00000000   HWI_RESET$hwi
00000000   HWI_ZEROTAB
00000000   IDL_busyObj$iB
00000000   IDL_busyObj$operation
00000000   KNL_swi$ord
00000000   KNL_swi$pri
00000000   KNL_swi$sts$unittype
00000000   KNL_swi$swi
00000000   LOG_system$datatype
00000000   LOG_system$log
00000000   MBX$
00000000   MEM_NULL
00000000   MEM_USEMPC
00000000   MSGQ$
00000000   MSGQ_USEMSGQ
00000000   OBJ$
00000000   PIP$
00000000   PIP_gNextId
00000000   POOL$
00000000   POOL_USEPOOL
00000000   PRD0$mode
00000000   PRD0$prd
00000000   PRD0$sts$filter
00000000   PRD_swi$ord
00000000   PRD_swi$sts$unittype
00000000   PRD_swi$swi
00000000   PWRM_PWRM_ENABLE
00000000   PWRM_PWRM_INITSPPER
00000000   PWRM_PWRM_LOADENABLE
00000000   PWRM_PWRM_RESOURCETRACKING
00000000   PWRM_PWRM_SCALING
00000000   PWRM_PWRM_TIMERIDNUM
00000000   PWRM_PWRM_TIMERINTRMASK
00000000   PWRM_PWRM_TIMERWUGENMASK
00000000   PWRM_PWRM_USERRESOURCES
00000000   PWRM_PWRM_USETIMER
00000000   RTA_fromHost$hst
00000000   RTA_fromHost$mode
00000000   RTA_toHost$hst
00000000   RTA_toHost$id
00000000   RTDX_MODE
00000000   RTDX_USERTEXECUTION
00000000   SEM$
00000000   SIO$
00000000   SWI_EHOOKFXN
00000000   SWI_IHOOKFXN
00000000   TSK_NUM_HOOKS
00000000   TSK_READYFXN
00000000   TSK_STACKSEG
00000000   TSK_SWITCHFXN
00000000   TSK_idle$ord
00000000   TSK_idle$pri
00000000   TSK_idle$sts$unittype
00000000   TSK_idle$tsk
00000000   UDEV$
00000000   _CLK_TDDR
00000000   _CLK_TIMERNUM
00000000   _GBL_CACHE
00000000   _HWI_RESET
00000000   _RTDX_interrupt_mask
00000000   trace$log
00000001   BUF_ENABLED
00000001   CLK$
00000001   CLK_CALDIV
00000001   CLK_CALMULT
00000001   CLK_ENABLEHTIME
00000001   CLK_HTIMEDIV
00000001   CLK_HTIMEMULT
00000001   CLK_LTIMEDIV
00000001   CLK_POWERENABLE
00000001   CLK_RESETTIMER
00000001   CLK_USETIMER
00000001   GBL$
00000001   GBL_ENABLEINST
00000001   GBL_L2CONFIGURE
00000001   GBL_L2MAR128_159
00000001   GBL_boot
00000001   HST$
00000001   HST_RTDX
00000001   HWI$
00000001   HWI_ENABLE_EXC
00000001   HWI_NMI
00000001   IDL$
00000001   IDL_USECLKIDLTIME
00000001   IDL_busyObj$filter
00000001   IDL_busyObj$iA
00000001   IDL_busyObj$iC
00000001   ISRC$
00000001   KNL_swi$dorta
00000001   KNL_swi$sts$filtmaxmult
00000001   KNL_swi$sts$filtsummult
00000001   LCK$
00000001   LOG$
00000001   LOG_ENABLED
00000001   MEM$
00000001   MEM_gNumHeap
00000001   PRD$
00000001   PRD0$ord
00000001   PRD_A_TABLEN
00000001   PRD_SCALAR
00000001   PRD_swi$dorta
00000001   PRD_swi$pri
00000001   PRD_swi$sts$filtmaxmult
00000001   PRD_swi$sts$filtsummult
00000001   PWRM$
00000001   PWRM_PWRM_NUMSLOTS
00000001   QUE$
00000001   RTA_fromHost$id
00000001   RTA_toHost$mode
00000001   RTDX$
00000001   RTDX_NORMALIZED_HDR
00000001   RTDX_USERTDX
00000001   STS$
00000001   SWI$
00000001   SYS$
00000001   TSK$
00000001   TSK_PRIORITY
00000001   TSK_idle$sts$filtmaxmult
00000001   TSK_idle$sts$filtsummult
00000001   _CLK_USETIMER
00000001   _HWI_NMI
00000001   trace$datatype
00000002   HWI_RESERVED0
00000002   IDL_busyObj$unittype
00000002   KNL_swi$sts$filter
00000002   LOG_A_TABLEN
00000002   PIP_A_TABLEN
00000002   PIP_gNumEmbed
00000002   PRD0$sts$unittype
00000002   PRD_swi$sts$filter
00000002   PWRM_PWRM_INITSPCPU
00000002   SWI_A_TABLEN
00000002   TSK_idle$sts$filter
00000002   _HWI_RESERVED0
00000002   _LOG_A_TABLEN
00000002   _RTDX_JTAGONLY
00000003   HWI_RESERVED1
00000003   _HWI_RESERVED1
00000004   CLK_COUNTSPMSHIGH
00000004   EVENT4
00000004   HWI_INT4
00000004   RTA_fromHost$framesize
00000004   _EVENT4
00000004   _HWI_INT4
00000005   CLK_TIMMODE
00000005   EVENT5
00000005   HWI_INT5
00000005   _EVENT5
00000005   _HWI_INT5
00000006   EVENT6
00000006   HWI_INT6
00000006   IDL_CALIBRERROR
00000006   _EVENT6
00000006   _HWI_INT6
00000007   EVENT7
00000007   GBL_L1DMODE
00000007   GBL_L1PMODE
00000007   HWI_INT7
00000007   _EVENT7
00000007   _HWI_INT7
00000008   EVENT8
00000008   HWI_INT8
00000008   _EVENT8
00000008   _HWI_INT8
00000009   EVENT9
00000009   HWI_INT9
00000009   _EVENT9
00000009   _HWI_INT9
0000000a   EVENT10
0000000a   HWI_INT10
0000000a   PWRM_PWRM_CLKTICKSPERSLOT
0000000a   _EVENT10
0000000a   _HWI_INT10
0000000b   EVENT11
0000000b   HWI_INT11
0000000b   _EVENT11
0000000b   _HWI_INT11
0000000c   EVENT12
0000000c   HWI_INT12
0000000c   _EVENT12
0000000c   _HWI_INT12
0000000d   EVENT13
0000000d   HWI_INT13
0000000d   _EVENT13
0000000d   _HWI_INT13
0000000e   EVENT14
0000000e   HWI_INT14
0000000e   _EVENT14
0000000e   _HWI_INT14
0000000f   EVENT15
0000000f   HWI_INT15
0000000f   _EVENT15
0000000f   _HWI_INT15
00000010   EVENT16
00000010   _EVENT16
00000011   EVENT17
00000011   _EVENT17
00000012   EVENT18
00000012   _EVENT18
00000013   EVENT19
00000013   _EVENT19
00000014   EVENT20
00000014   _EVENT20
00000015   EVENT21
00000015   _EVENT21
00000016   EVENT22
00000016   _EVENT22
00000017   EVENT23
00000017   _EVENT23
00000018   EVENT24
00000018   _EVENT24
00000019   EVENT25
00000019   _EVENT25
0000001a   EVENT26
0000001a   _EVENT26
0000001b   EVENT27
0000001b   _EVENT27
0000001c   EVENT28
0000001c   _EVENT28
0000001d   EVENT29
0000001d   _EVENT29
0000001e   EVENT30
0000001e   _EVENT30
0000001f   EVENT31
0000001f   _EVENT31
00000020   CLK_TCR
00000020   EVENT32
00000020   _EVENT32
00000021   EVENT33
00000021   _EVENT33
00000022   EVENT34
00000022   _EVENT34
00000023   EVENT35
00000023   _EVENT35
00000024   EVENT36
00000024   _EVENT36
00000025   EVENT37
00000025   _EVENT37
00000026   EVENT38
00000026   _EVENT38
00000027   EVENT39
00000027   _EVENT39
00000028   EVENT40
00000028   _EVENT40
00000029   EVENT41
00000029   _EVENT41
0000002a   EVENT42
0000002a   _EVENT42
0000002b   EVENT43
0000002b   _EVENT43
0000002c   EVENT44
0000002c   _EVENT44
0000002d   EVENT45
0000002d   _EVENT45
0000002e   EVENT46
0000002e   _EVENT46
0000002f   EVENT47
0000002f   _EVENT47
00000030   EVENT48
00000030   PWRM_PWRM_CAPSMASK
00000030   _EVENT48
00000031   EVENT49
00000031   _EVENT49
00000032   EVENT50
00000032   _EVENT50
00000033   EVENT51
00000033   _EVENT51
00000034   EVENT52
00000034   _EVENT52
00000035   EVENT53
00000035   _EVENT53
00000036   EVENT54
00000036   _EVENT54
00000037   EVENT55
00000037   _EVENT55
00000038   EVENT56
00000038   _EVENT56
00000039   EVENT57
00000039   _EVENT57
0000003a   EVENT58
0000003a   _EVENT58
0000003b   EVENT59
0000003b   _EVENT59
0000003c   EVENT60
0000003c   _EVENT60
0000003d   EVENT61
0000003d   _EVENT61
0000003e   EVENT62
0000003e   GBL_DSPTYPE
0000003e   _EVENT62
0000003f   EVENT63
0000003f   _EVENT63
00000040   EVENT64
00000040   HST_MAXFRAMESET
00000040   RTA_toHost$framesize
00000040   _EVENT64
00000041   EVENT65
00000041   _EVENT65
00000042   EVENT66
00000042   GBL_FOOTPRINT
00000042   _EVENT66
00000043   EVENT67
00000043   _EVENT67
00000044   EVENT68
00000044   _EVENT68
00000045   EVENT69
00000045   _EVENT69
00000046   EVENT70
00000046   _EVENT70
00000047   EVENT71
00000047   _EVENT71
00000048   EVENT72
00000048   _EVENT72
00000049   EVENT73
00000049   _EVENT73
0000004a   EVENT74
0000004a   _EVENT74
0000004b   EVENT75
0000004b   _EVENT75
0000004c   EVENT76
0000004c   _EVENT76
0000004d   EVENT77
0000004d   _EVENT77
0000004e   EVENT78
0000004e   _EVENT78
0000004f   EVENT79
0000004f   _EVENT79
00000050   EVENT80
00000050   _EVENT80
00000051   EVENT81
00000051   _EVENT81
00000052   EVENT82
00000052   _EVENT82
00000053   EVENT83
00000053   _EVENT83
00000054   EVENT84
00000054   _EVENT84
00000055   EVENT85
00000055   _EVENT85
00000056   EVENT86
00000056   _EVENT86
00000057   EVENT87
00000057   _EVENT87
00000058   EVENT88
00000058   _EVENT88
00000059   EVENT89
00000059   _EVENT89
0000005a   EVENT90
0000005a   _EVENT90
0000005b   EVENT91
0000005b   _EVENT91
0000005c   EVENT92
0000005c   _EVENT92
0000005d   EVENT93
0000005d   _EVENT93
0000005e   EVENT94
0000005e   _EVENT94
0000005f   EVENT95
0000005f   _EVENT95
00000060   EVENT96
00000060   _EVENT96
00000061   EVENT97
00000061   _EVENT97
00000062   EVENT98
00000062   _EVENT98
00000063   EVENT99
00000063   _EVENT99
00000064   EVENT100
00000064   PIP_OBJSIZE
00000064   _EVENT100
00000065   EVENT101
00000065   _EVENT101
00000066   EVENT102
00000066   _EVENT102
00000067   EVENT103
00000067   _EVENT103
00000068   EVENT104
00000068   _EVENT104
00000069   EVENT105
00000069   _EVENT105
0000006a   EVENT106
0000006a   _EVENT106
0000006b   EVENT107
0000006b   _EVENT107
0000006c   EVENT108
0000006c   _EVENT108
0000006d   EVENT109
0000006d   _EVENT109
0000006e   EVENT110
0000006e   _EVENT110
0000006f   EVENT111
0000006f   _EVENT111
00000070   EVENT112
00000070   _EVENT112
00000071   EVENT113
00000071   _EVENT113
00000072   EVENT114
00000072   _EVENT114
00000073   EVENT115
00000073   _EVENT115
00000074   EVENT116
00000074   _EVENT116
00000075   EVENT117
00000075   _EVENT117
00000076   EVENT118
00000076   _EVENT118
00000077   EVENT119
00000077   _EVENT119
00000078   EVENT120
00000078   _EVENT120
00000079   EVENT121
00000079   _EVENT121
0000007a   EVENT122
0000007a   _EVENT122
0000007b   EVENT123
0000007b   _EVENT123
0000007c   EVENT124
0000007c   _EVENT124
0000007d   EVENT125
0000007d   _EVENT125
0000007e   EVENT126
0000007e   _EVENT126
0000007f   EVENT127
0000007f   _EVENT127
000000ff   HST_MAXFRAMEALLOWED
000001f4   PRD0$period
00000200   LOG_system$size
000003e8   CLK_MICROSECS
00000400   HST_DSMMEMSIZE
00000400   TSK_STACKSIZE
00000400   __STACK_SIZE
00000400   trace$size
00000408   RTDX_BUFMEMSIZE
00001a5b   GBL_CLKTYPE
00001a5c   GBL_DSPSUBTYPE
00002000   IRAM$L
00002000   _IRAM_length
00004000   CLK_INTBIT
00004e20   GBL_CLKIN
00005205   GBL_A_VERSION
00005808   HWI_CFGDISPATCHED
00005808   _HWI_CFGDISPATCHED
00005dc0   CLK_INPUTCLK
00005dc0   CLK_PRD
00005dc0   _CLK_PRD
0000dbef   GBL_TRCMASKVALUE
000493e0   CLK_COUNTSPMS
000493e0   CLK_HTIMEPERLTIME
000493e0   CLK_LTIMEMULT
000493e0   GBL_FREQ
000493e0   _CLK_COUNTSPMS
01c20000   CLK_REGS
01c20000   _CLK_REGS
07060504   HWI_INTRMUX1
0b0a0908   HWI_INTRMUX2
11800000   .data
11800000   .text
11800000   _EVMC6748_init
11800000   ___data__
11800000   ___edata__
11800000   ___text__
11800000   edata
1180002c   _EVMC6748_initRAM
118001e8   _EVMC6748_enableDsp
11800214   _EVMC6748_pinmuxConfig
118002b0   _EVMC6748_lpscTransition
11800688   _config_pll0
118008c4   _config_pll1
11800aa8   _UTIL_printMem
11800c00   _UTIL_isUIBoardAttached
11800c20   _read_audio_sample
11800c44   _write_audio_sample
11800c68   _initAll
11800cd0   _McASP_Init
11800e14   _McASP_Start
1180104c   _AIC3106_Init
11801100   _AIC3106_readRegister
11801154   _AIC3106_writeRegister
11801198   _USTIMER_delay
11801210   _SetGpio
11801240   __divd
11802280   _I2CGPIO_init
11802354   _I2CGPIO_getInput
11802470   _I2CGPIO_getInputAll
11802580   _I2CGPIO_setOutput
118026c8   _I2CGPIO_setOutputAll
11802760   __printfi
11802ba0   _fputs
11802f40   _GPIO_setDir
11802fb8   _GPIO_getInput
1180302c   _GPIO_setOutput
118030ac   _GPIO_toggleLoop
118032c0   _I2C_init
118033ac   _I2C_read
11803508   _I2C_write
11804160   __divull
11804a80   _fputc
11804a80   _putc
11804ea0   _setvbuf
118050a0   _LED_init
118050ec   _LED_isOn
11805154   _LED_turnOn
118051a4   _LED_turnOff
118051ec   _LED_toggle
11805440   __divul
118055e0   _HOSTrename
11805760   _DIP_init
11805784   _DIP_get
118057e8   _DIP_getAll
11805b40   __closefile
11805d80   _fseek
11805ea0   _HOSTlseek
11805fa0   __wrt_ok
118060a0   _call_dtors
118061a0   _HOSTopen
11806280   _HOSTread
11806360   _atoi
11806440   _close
11806520   _memset
11806600   _printf
118066e0   _HOSTunlink
118067a0   _HOSTwrite
11806920   __c6xabi_divu
11806920   __divu
118069e0   __doflush
11806aa0   _atexit
11806b60   _ltoa
11806ce0   _HOSTclose
11806d80   __cleanup
11806e20   __divli
11807000   __fixdli
118071e0   _lseek
11807280   _memcpy
11807320   _write
118073c0   __fltlid
11807440   __llshl
118074c0   _readmsg
11807540   _unlink
118075c0   __subcull
11807620   _memccpy
11807680   _writemsg
118076d8   C$$IO$$
118076e0   ___add_dtor
11807720   ___isinf
118077a0   __frcmpyd_div
118077e0   __llshru
11807820   __remli
11807860   _main
1180786c   _dipPRD
118078a0   __negll
118078c0   __nop
11807920   __register_lock
11807940   __register_unlock
11807960   _remove
11807980   LNK_F_checkBufferCall
11807980   ___etext__
11807980   etext
118079a0   LNK_F_getChanPtr
118079f8   LNK_F_init
11807a00   LNK_F_dataPump
11807a10   LNK_rcloop
11807ad4   LNK_rdrtry
11807ae4   LNK_rrloop
11807ba4   LNK_wrrtry
11807bb0   LNK_wrloop
11807c80   LNK_newin
11807db4   LNK_newout
11807f08   LNK_F_readCallBack
11807f40   _EXC_nmi
11807f74   _EXC_internal
11808220   _EXC_init
11808260   _EXC_getLastStatus
11808280   _EXC_external
118082b4   _EXC_exceptionHandler
11808490   _EXC_clearLastStatus
118084c0   CLK_HOOKFXN
118084c0   HWI_F_dispatch
118084c0   _HWI_F_dispatch
118084c0   __HWI_lat1beg
11808648   __HWI_lat1end
11808648   __HWI_lat2beg
118087b0   __HWI_lat2end2
118087e0   __HWI_lat3end2
11808824   __HWI_lat2end1
11808840   __HWI_lat3beg
118089a0   SWI_F_enable
118089a0   __SWI_lat3beg
11808a0c   __SWI_lat3end
11808a10   SWI_F_post
11808a10   _SWI_post
11808b18   __SWI_lat1beg
11808b84   SWI_EXECFXN
11808b84   SWI_F_exec
11808bac   SWI_F_iexec
11808bc4   __SWI_lat1end
11808bc8   __SWI_lat2beg
11808c28   __SWI_lat2end
11808c2c   SWI_F_run
11808c2c   SWI_RUNFXN
11808e60   PRD_F_swi
118090e4   PRD_F_tick
118091e0   _free
11809204   _malloc
11809264   _realloc
11809348   _memalign
1180940c   _calloc
11809460   RTA_F_getlog
11809498   RTA_F_getsts
118094d8   RTA_F_readblk
118094f4   RTA_F_writeword
11809500   RTA_F_resetmem
11809500   __RTA_lat1beg
11809534   __RTA_lat1end
11809540   RTA_F_dispatch
1180958c   RTA_execute
118096e0   _KNL_run
11809920   _MEM_alloc
11809cf4   PRD_THOOKFXN
11809cf4   _KNL_tick
11809d20   _MEM_free
11809f00   _EXC_dispatch
1180a0c4   _EXC_setReturnPtr
1180a0e0   PIP_F_take
1180a158   PIP_F_give
1180a158   PIP_F_probe
1180a228   PIP_F_start
1180a2c0   _SEM_pendEnterKnl
1180a4a0   __SEM_dopost
1180a640   _TSK_setup
1180a7e0   CLK_F_getltime
1180a7f0   CLK_F_isr
1180a930   CLK_F_itime
1180a930   _CLK_F_itime
1180a930   _CLK_itime
1180a950   __CLK_lat1beg
1180a970   __CLK_lat1end
1180a980   _KNL_saveIsrFrame
1180aa2c   _KNL_switch
1180aad8   KNL_glue
1180ab00   __auto_init
1180ac40   _TSK_exit
1180ad80   _BCACHE_setSize
1180adc4   _BCACHE_setMar
1180ae14   _BCACHE_setCacheToSram
1180ae44   _BCACHE_getSize
1180ae94   _BCACHE_getMar
1180af28   _GBL_cacheInit64P
1180afe0   _KNL_check
1180b02c   __KNL_lat1beg
1180b0a8   _KNL_idle
1180b0a8   __KNL_lat1end
1180b0d0   _KNL_max
1180b1a4   _TSK_startup
1180b220   _SEM_post
1180b220   _SEM_postBinary
1180b300   _KNL_exit
1180b340   _KNL_enter
1180b3c0   _SEM_postEnterKnl
1180b460   _SYS_exit
1180b500   _KNL_ipost
1180b580   _KNL_post
1180b600   _LCK_post
1180b620   _LCK_pend
1180b680   LOG_F_event
1180b680   _LOG_event
1180b680   __LOG_lat1beg
1180b700   IDL_F_calibrate
1180b780   _SYS_error
1180b7e0   FXN_F_nop
1180b7e4   FXN_F_run
1180b7e4   _FXN_F_run
1180b820   FXN_F_zero
1180b820   _FXN_F_zero
1180b840   _HWI_disable
1180b858   _HWI_enable
1180b86c   _HWI_restore
1180b8a0   IDL_F_busy
1180b8a0   __IDL_lat1beg
1180b8e0   __IDL_lat1end
1180b900   _SEM_pend
1180b960   STS_F_delta
1180b960   _STS_delta
1180b98c   STS_F_add
1180b98c   _STS_add
1180b9a8   STS_F_reset
1180b9a8   _STS_reset
1180b9c0   _SYS_abort
1180ba20   _CLK_measure
1180ba80   IDL_CALIBRFXN
1180ba80   IDL_F_stub
1180bac0   RTA_F_andn
1180bad8   RTA_F_or
1180bb00   SYS_ABORTFXN
1180bb00   _UTL_doAbort
1180bb40   SYS_PUTCFXN
1180bb40   _UTL_doPutc
1180bb80   GBL_USERINITFXN
1180bb80   GIO_CREATEFXN
1180bb80   GIO_DELETEFXN
1180bb80   GIO_PENDFXN
1180bb80   GIO_POSTFXN
1180bb80   PWRM_PWRM_SHAREDRESOURCEFXN
1180bb80   PWRM_PWRM_SLOTHOOKFXN
1180bb80   TSK_VCREATEFXN
1180bb80   TSK_VDELETEFXN
1180bb80   TSK_VEXITFXN
1180bb80   _BCACHE_bootInit
1180bb80   _FXN_F_nop
1180bba0   _GBL_getVersion
1180bbc0   IDL_F_loop
1180bbc0   _IDL_loop
1180bbe0   _STS_set
1180bc00   SYS_ERRORFXN
1180bc00   _UTL_doError
1180bc20   SYS_EXITFXN
1180bc20   _UTL_halt
1180bc40   CLK_F_gethtime
1180bc40   CLK_TIMEFXN
1180bc40   _CLK_gethtime
1180bc60   IRAM$B
1180bc60   _IRAM_base
1180dc60   ___cinit__
1180dc60   cinit
1180ecbc   _SYS_PUTCBEG
1180eebb   _SYS_PUTCEND
1180eec0   __CIOBUF_
1180efe0   PRD0
1180efe0   PRD_A_TABBEG
1180efe0   _PRD0
1180effc   PRD0$aaa
1180f000   PRD_A_TABEND
1180f000   trace$buf
11810000   _HSRTDX_rec
118102a0   _RTDX_Buffer_WriteCB
11810760   _HSRTDX_xmt
11810a60   _RTDX_Mon_Queue
11810cc0   _RTDX_Poll
11810d60   _RTDX_Final_RT_Monitor
11810de0   _RTDX_Buffer_Initialize
11810e40   _RTDX_Init_RT_Monitor
11810ea0   _RTDX_Buffer_ReadCB
11810ee0   _RTDX_Buffer_Size
11810f20   _RTDX_memfill
11810f60   _RTDX_Buffer_Read
11810f80   _RTDX_Buffer_Write
11810fa0   _RTDX_Mask_IER
11810fc0   __ftable
118111a0   __tmpnams
118112e0   __ft_end
118112e4   _CLK_inputClock
118112e8   ___atexit_func_id__
11811590   _KNL_queues
11811630   _KNL_dummy
11811668   _TSK_ATTRS
11811684   _TSK_config
118116a4   _TSK_timerSem
118116c4   _dtors
118116c8   _OBJ_table
11811700   _OBJ_segtab
1181171c   __TSK_mutex
11811744   __MEM_mutex
11811770   _SYS_exitStack
118117a8   _EXC_status
118117d4   __cleanup_ptr
118117d8   __dtors_ptr
118117dc   ___TI_enable_exit_profile_output
118117e0   __lock
118117e4   __unlock
118117f0   RTA_fromHost$buf
11811800   LOG_system$buf
11812000   BIOS_init
11812000   _BIOS_init
11812184   BIOS$$CLKON
118121c4   BIOS$$CLKOFF
11812230   BIOS_start
11812230   _BIOS_start
11812380   _c_int00
11812440   _MEM_init
11812500   _TSK_init
11812560   IDL_A_TABBEG
11812560   IDL_cpuLoad
11812560   _IDL_cpuLoad
11812564   LNK_dataPump
11812564   _LNK_dataPump
11812568   RTA_dispatcher
11812568   _RTA_dispatcher
1181256c   IDL_END
11812570   IDL_A_CALBEG
11812570   IDL_cpuLoad$
11812574   LNK_dataPump$
11812578   RTA_dispatcher$
1181257c   IDL_END$
11812600   _RTDX_Buffer
11812a08   _RTDX_Buffer_Start
11812a0c   _RTDX_Buffer_End
11812a10   _rtdx_mon_state
11812a54   _rtdx_buffer_state
11812a60   _RTDX_writing
11812c10   __ctypes_
11812d18   _bitval_u32
11812e91   PRD0$sts$maxfmt
11812e98   TSK_idle$stack
11812e9a   PRD0$sts$sumfmt
11812ea3   PRD0$sts$avgfmt
11812eae   KNL_swi$sts$maxfmt
11812eb6   KNL_swi$sts$sumfmt
11812ebe   KNL_swi$sts$avgfmt
11812ec8   PRD_swi$sts$maxfmt
11812ed0   PRD_swi$sts$sumfmt
11812ed8   PRD_swi$sts$avgfmt
11812ee2   TSK_idle$sts$maxfmt
11812eea   TSK_idle$sts$sumfmt
11812ef2   TSK_idle$sts$avgfmt
11812efc   IDL_busyObj$maxfmt
11812eff   IDL_busyObj$sumfmt
11812f02   IDL_busyObj$avgfmt
11813230   TSK_idle$stkptr
11813298   GBL_stackbeg
11813298   _HWI_STKTOP
11813298   __stack
11813690   _HWI_STKBOTTOM
11813697   GBL_stackend
11813698   $bss
11813698   .bss
11813698   _HWI_dispatchTab
11813698   __STACK_END
11813698   ___bss__
11813798   IDL_D_tabbeg
1181379c   IDL_D_calibrate
118137a0   IDL_D_calbeg
118137a4   LOG_D_system
118137a4   _LOG_D_system
118137a8   PIP_D_tabbeg
118137ac   PIP_D_tablen
118137b0   CLK_R_time
118137b4   CLK_D_timefxn
118137b8   CLK_D_tabbeg
118137bc   CLK_D_isrhook
118137c0   CLK_D_idletime
118137c4   _CLK_htimeDiv
118137c8   _CLK_htimeMult
118137cc   _CLK_ltimeDiv
118137d0   _CLK_ltimeMult
118137d4   _CLK_D_dirty
118137d8   _CLK_D_prd
118137dc   _CLK_D_tddr
118137e0   _CLK_D_countspms
118137e4   PRD_D_tick
118137e4   _PRD_D_tick
118137e8   PRD_D_cur
118137ec   PRD_D_elapsed
118137f0   PRD_D_prevtim
118137f4   PRD_D_scalar
118137f8   PRD_D_swihandle
118137fc   PRD_D_tabbeg
11813800   PRD_D_tablen
11813804   PRD_D_thook
11813808   RTA_D_fromHost
1181380c   RTA_D_toHost
11813810   RTA_D_logval
11813820   RTA_D_stsval
1181382c   HST_D_chanmask
11813830   HST_D_tabbeg
11813834   HST_D_tabend
11813838   _GBL_procId
1181383c   _GBL_clkIn
11813840   _GBL_freq
11813844   _MEM_D_NUMSEGMENTS
11813848   _MEM_D_memtab
1181384c   _MEM_D_freelist
11813850   _MEM_D_lockaddr
11813854   _MEM_D_unlockaddr
11813858   _SYS
1181385c   __HOOK_knlId
11813860   __HOOK_NUMHOOKS
11813864   SWI_D_runaddr
11813864   _SWI_D_runaddr
11813864   _SWI_data
11813868   SWI_D_execaddr
11813868   _SWI_D_execaddr
1181386c   SWI_D_curmask
1181386c   _SWI_D_curmask
11813870   SWI_D_curset
11813870   _SWI_D_curset
11813874   SWI_D_lock
11813874   _SWI_D_lock
11813878   SWI_D_curmbox
1181387c   SWI_D_curfxn
1181387c   _SWI_D_curfxn
11813880   SWI_D_rdybeg
11813880   _SWI_D_rdybeg
11813884   SWI_D_inswi
11813884   _SWI_D_inswi
11813888   SWI_D_rdytab
11813900   _KNL_wFlag
11813904   _KNL_wList
11813908   _KNL_alarm
1181390c   _KNL_setpri
11813910   _KNL_inactive
11813914   _KNL_priority
11813918   _KNL_set
1181391c   _KNL_curtask
11813920   _KNL_prevtask
11813924   _KNL_curtime
11813928   _KNL_swiptr
1181392c   _KNL_curqueue
11813930   _KNL_maxqueue
11813934   _KNL_tswitchfxn
11813938   _KNL_tcreatefxn
1181393c   _KNL_tdeletefxn
11813940   _KNL_treadyfxn
11813944   _KNL_idlefxn
11813948   _MEM_memtab
11813954   HST_DSMBUFSEG
11813954   IRAM
11813954   MEM_MALLOCSEG
11813954   MEM_SEGZERO
11813954   RTDX_DATAMEMSEG
11813954   _IRAM
11813954   _SEG0
11813958   RTA_fromHost$pipe$dtab
11813964   RTA_toHost$pipe$dtab
11813970   _EXC_sysTrapTable
11813978   _EXC_returnPtr
11813990   HWI_D_spsave
11813990   _HWI_D_spsave
11813990   _HWI_data
1181399c   _HWI_D_inhwi
118139a0   HWI_D_bss
118139a4   HWI_D_ccmask
118139a8   LNK_dspFrameRequestMask
118139a8   _LNK_dspFrameRequestMask
118139ac   LNK_dspFrameReadyMask
118139ac   _LNK_dspFrameReadyMask
118139b0   LNK_readPend
118139b0   _LNK_readPend
118139b4   LNK_readDone
118139b4   _LNK_readDone
118139b8   LNK_readFail
118139b8   _LNK_readFail
118139bc   LNK_writeFail
118139bc   _LNK_writeFail
118139c0   _EXC_exceptionHook
118139c4   _EXC_internalHook
118139c8   _EXC_externalHook
118139cc   _EXC_nmiHook
118139d8   _rtdxNullChanCnt
118139dc   _rtdxNullFuncCnt
118139e0   _rtdxXmtNotDoneCnt
118139e4   _rtdxRecNotDoneCnt
118139e8   _rtdxXmtRestartCnt
118139ec   _rtdxXmtErrorCnt
118139f0   _TSK_nTasks
118139f4   _TSK_pid
118139f8   _TSK
118139fc   _CLK_DFLTMICROSECS
11813a00   _CLK_D_microseconds
11813a04   _SYS_exitStackPtr
11813a08   _SYS_exitStackTop
11813a0c   _CLK_htimePerLtime
11813a10   IDL_D_busyObj
11813a14   _MEM
11813a1c   RTA_toHost$buf
11813a1c   ___end__
11813a1c   end
11813b1c   PIP_A_TABBEG
11813b1c   RTA_fromHost$pipe
11813b1c   _PIP_A_TABBEG
11813b20   RTA_fromHost$pipe$rd
11813b4c   RTA_fromHost$pipe$aaa
11813b50   RTA_fromHost$pipe$wr
11813b7c   RTA_fromHost$pipe$bbb
11813b80   RTA_toHost$pipe
11813b84   RTA_toHost$pipe$rd
11813bb0   RTA_toHost$pipe$aaa
11813bb4   RTA_toHost$pipe$wr
11813be0   RTA_toHost$pipe$bbb
11813be4   PIP_A_TABEND
11813be4   SYS$config
11813be4   _PIP_A_TABEND
11813bf4   ___pinit__
11813bf4   pinit
11813c00   HWI_A_VECS
11813c00   hwi0
11813c20   hwi1
11813c40   hwi2
11813c60   hwi3
11813c80   hwi4
11813ca0   hwi5
11813cc0   hwi6
11813ce0   hwi7
11813d00   hwi8
11813d20   hwi9
11813d40   hwi10
11813d60   hwi11
11813d80   hwi12
11813da0   hwi13
11813dc0   hwi14
11813de0   hwi15
11813e0c   TSK_idle
11813e0c   _TSK_idle
11813e60   KNL_swi
11813e60   SWI_A_TABBEG
11813e60   _KNL_swi
11813e8c   PRD_SWIHANDLE
11813e8c   PRD_swi
11813e8c   _PRD_swi
11813eb8   PRD0$sts$stsobj
11813eb8   STS_A_TABBEG
11813eb8   SWI_A_TABEND
11813eb8   _STS_A_TABBEG
11813ebc   PRD0$sts
11813ec8   KNL_swi$sts$stsobj
11813ecc   KNL_swi$sts
11813ed8   PRD_swi$sts$stsobj
11813edc   PRD_swi$sts
11813ee8   TSK_idle$sts$stsobj
11813eec   TSK_idle$sts
11813ef8   IDL_busyObj$stsobj
11813efc   IDL_busyObj
11813efc   _IDL_busyObj
11813f08   STS_A_TABEND
11813f08   _STS_A_TABEND
11813f98   HST_A_TABBEG
11813f98   _HST_A_TABBEG
11813f9c   RTA_fromHost
11813f9c   _RTA_fromHost
11813fa4   RTA_fromHost$rtdx
11813fb8   RTA_toHost
11813fb8   _RTA_toHost
11813fc0   RTA_toHost$rtdx
11813fd4   HST_A_TABEND
11813fd4   LOG_A_TABBEG
11813fd4   LOG_system
11813fd4   _HST_A_TABEND
11813fd4   _LOG_A_TABBEG
11813fd4   _LOG_system
11813fec   _trace
11813fec   trace
11814004   LOG_A_TABEND
11814004   TRC_cinit
11814004   _LOG_A_TABEND
11814008   TRC_R_mask
11814008   _TRC_R_mask
1181400c   GBL_initdone
11814010   CLK_A_TABBEG
11814010   PRD_clock
11814010   _PRD_clock
11814014   CLK_null
28040d0c   HWI_INTRMUX3
ffffffff   CACHE_L1D
ffffffff   CACHE_L1P
ffffffff   DDR
ffffffff   ECM_EVTMASK0
ffffffff   ECM_EVTMASK1
ffffffff   ECM_EVTMASK2
ffffffff   ECM_EVTMASK3
ffffffff   GBL_L2MAR192_223
ffffffff   L3_CBA_RAM
ffffffff   _CACHE_L1D
ffffffff   _CACHE_L1P
ffffffff   _DDR
ffffffff   _L3_CBA_RAM
ffffffff   ___TI_pprof_out_hndl
ffffffff   ___TI_prof_data_size
ffffffff   ___TI_prof_data_start
ffffffff   ___binit__
ffffffff   ___c_args__
ffffffff   binit

[1128 symbols]
