<?xml version="1.0"?>
<link_info>
   <banner>TMS320C6x Linker PC v7.4.16</banner>
   <copyright>Copyright (c) 1996-2015 Texas Instruments Incorporated</copyright>
   <link_time>0x5e4eab54</link_time>
   <output_file>Lab3_Round3.out</output_file>
   <entry_point>
      <name>_c_int00</name>
      <address>0x11812380</address>
   </entry_point>
   <input_file_list>
      <input_file id="fl-2">
         <path>.\</path>
         <kind>object</kind>
         <file>framework.obj</file>
         <name>framework.obj</name>
      </input_file>
      <input_file id="fl-3">
         <path>.\</path>
         <kind>object</kind>
         <file>hello.obj</file>
         <name>hello.obj</name>
      </input_file>
      <input_file id="fl-4">
         <path>.\</path>
         <kind>object</kind>
         <file>hellocfg.obj</file>
         <name>hellocfg.obj</name>
      </input_file>
      <input_file id="fl-5">
         <path>.\</path>
         <kind>object</kind>
         <file>hellocfg_c.obj</file>
         <name>hellocfg_c.obj</name>
      </input_file>
      <input_file id="fl-88">
         <path>C:\ti\bios_5_42_02_10\packages\ti\bios\lib\</path>
         <kind>archive</kind>
         <file>bios.a674</file>
         <name>biosdata.o674</name>
      </input_file>
      <input_file id="fl-89">
         <path>C:\ti\bios_5_42_02_10\packages\ti\bios\lib\</path>
         <kind>archive</kind>
         <file>bios.a674</file>
         <name>hwi_disp_asm.o674</name>
      </input_file>
      <input_file id="fl-8a">
         <path>C:\ti\bios_5_42_02_10\packages\ti\bios\lib\</path>
         <kind>archive</kind>
         <file>bios.a674</file>
         <name>idl_stub.o674</name>
      </input_file>
      <input_file id="fl-8b">
         <path>C:\ti\bios_5_42_02_10\packages\ti\bios\lib\</path>
         <kind>archive</kind>
         <file>lnkrtdx.a674</file>
         <name>rtdx.o674</name>
      </input_file>
      <input_file id="fl-8c">
         <path>C:\ti\bios_5_42_02_10\packages\ti\bios\lib\</path>
         <kind>archive</kind>
         <file>bios.a674</file>
         <name>swi.o674</name>
      </input_file>
      <input_file id="fl-8d">
         <path>C:\ti\bios_5_42_02_10\packages\ti\bios\lib\</path>
         <kind>archive</kind>
         <file>bios6748.a674</file>
         <name>clk_gethtime.o674</name>
      </input_file>
      <input_file id="fl-8e">
         <path>C:\ti\bios_5_42_02_10\packages\ti\bios\lib\</path>
         <kind>archive</kind>
         <file>bios.a674</file>
         <name>fxn_c.o674</name>
      </input_file>
      <input_file id="fl-8f">
         <path>C:\ti\bios_5_42_02_10\packages\ti\bios\lib\</path>
         <kind>archive</kind>
         <file>bios.a674</file>
         <name>knl_tick.o674</name>
      </input_file>
      <input_file id="fl-90">
         <path>C:\ti\bios_5_42_02_10\packages\ti\bios\lib\</path>
         <kind>archive</kind>
         <file>bios.a674</file>
         <name>utl_doab.o674</name>
      </input_file>
      <input_file id="fl-91">
         <path>C:\ti\bios_5_42_02_10\packages\ti\bios\lib\</path>
         <kind>archive</kind>
         <file>bios.a674</file>
         <name>utl_doer.o674</name>
      </input_file>
      <input_file id="fl-92">
         <path>C:\ti\bios_5_42_02_10\packages\ti\bios\lib\</path>
         <kind>archive</kind>
         <file>bios.a674</file>
         <name>utl_putc.o674</name>
      </input_file>
      <input_file id="fl-93">
         <path>C:\ti\bios_5_42_02_10\packages\ti\bios\lib\</path>
         <kind>archive</kind>
         <file>bios.a674</file>
         <name>utl_halt.o674</name>
      </input_file>
      <input_file id="fl-94">
         <path>C:\ti\bios_5_42_02_10\packages\ti\bios\lib\</path>
         <kind>archive</kind>
         <file>bios6748.a674</file>
         <name>clk.o674</name>
      </input_file>
      <input_file id="fl-95">
         <path>C:\ti\bios_5_42_02_10\packages\ti\bios\lib\</path>
         <kind>archive</kind>
         <file>bios.a674</file>
         <name>fxn.o674</name>
      </input_file>
      <input_file id="fl-96">
         <path>C:\ti\bios_5_42_02_10\packages\ti\bios\lib\</path>
         <kind>archive</kind>
         <file>bios.a674</file>
         <name>boot.o674</name>
      </input_file>
      <input_file id="fl-97">
         <path>C:\ti\bios_5_42_02_10\packages\ti\bios\lib\</path>
         <kind>archive</kind>
         <file>bios.a674</file>
         <name>trc.o674</name>
      </input_file>
      <input_file id="fl-98">
         <path>C:\ti\bios_5_42_02_10\packages\ti\bios\lib\</path>
         <kind>archive</kind>
         <file>bios.a674</file>
         <name>hwi.o674</name>
      </input_file>
      <input_file id="fl-99">
         <path>C:\ti\bios_5_42_02_10\packages\ti\bios\lib\</path>
         <kind>archive</kind>
         <file>bios.a674</file>
         <name>idl_busy.o674</name>
      </input_file>
      <input_file id="fl-9a">
         <path>C:\ti\bios_5_42_02_10\packages\ti\bios\lib\</path>
         <kind>archive</kind>
         <file>bios6748.a674</file>
         <name>idl_cal.o674</name>
      </input_file>
      <input_file id="fl-9b">
         <path>C:\ti\bios_5_42_02_10\packages\ti\bios\lib\</path>
         <kind>archive</kind>
         <file>bios.a674</file>
         <name>idl.o674</name>
      </input_file>
      <input_file id="fl-9c">
         <path>C:\ti\bios_5_42_02_10\packages\ti\bios\lib\</path>
         <kind>archive</kind>
         <file>bios.a674</file>
         <name>knl_swit.o674</name>
      </input_file>
      <input_file id="fl-9d">
         <path>C:\ti\bios_5_42_02_10\packages\ti\bios\lib\</path>
         <kind>archive</kind>
         <file>bios.a674</file>
         <name>log.o674</name>
      </input_file>
      <input_file id="fl-9e">
         <path>C:\ti\bios_5_42_02_10\packages\ti\bios\lib\</path>
         <kind>archive</kind>
         <file>bios.a674</file>
         <name>pip.o674</name>
      </input_file>
      <input_file id="fl-9f">
         <path>C:\ti\bios_5_42_02_10\packages\ti\bios\lib\</path>
         <kind>archive</kind>
         <file>bios.a674</file>
         <name>prd.o674</name>
      </input_file>
      <input_file id="fl-a0">
         <path>C:\ti\bios_5_42_02_10\packages\ti\bios\lib\</path>
         <kind>archive</kind>
         <file>bios.a674</file>
         <name>rta.o674</name>
      </input_file>
      <input_file id="fl-a1">
         <path>C:\ti\bios_5_42_02_10\packages\ti\bios\lib\</path>
         <kind>archive</kind>
         <file>bios.a674</file>
         <name>rta_andn.o674</name>
      </input_file>
      <input_file id="fl-a2">
         <path>C:\ti\bios_5_42_02_10\packages\ti\bios\lib\</path>
         <kind>archive</kind>
         <file>bios.a674</file>
         <name>sts.o674</name>
      </input_file>
      <input_file id="fl-a3">
         <path>C:\ti\bios_5_42_02_10\packages\ti\bios\lib\</path>
         <kind>archive</kind>
         <file>bios.a674</file>
         <name>clk_data.o674</name>
      </input_file>
      <input_file id="fl-a4">
         <path>C:\ti\bios_5_42_02_10\packages\ti\bios\lib\</path>
         <kind>archive</kind>
         <file>bios.a674</file>
         <name>clk_data2.o674</name>
      </input_file>
      <input_file id="fl-a5">
         <path>C:\ti\bios_5_42_02_10\packages\ti\bios\lib\</path>
         <kind>archive</kind>
         <file>bios6748.a674</file>
         <name>clk_data.o674</name>
      </input_file>
      <input_file id="fl-a6">
         <path>C:\ti\bios_5_42_02_10\packages\ti\bios\lib\</path>
         <kind>archive</kind>
         <file>bios6748.a674</file>
         <name>clk_meas.o674</name>
      </input_file>
      <input_file id="fl-a7">
         <path>C:\Users\szb15138\Downloads\c6748\c6748\bsl\lib\</path>
         <kind>archive</kind>
         <file>evmc6748_bsl.lib</file>
         <name>evmc6748_dip.obj</name>
      </input_file>
      <input_file id="fl-a8">
         <path>C:\Users\szb15138\Downloads\c6748\c6748\bsl\lib\</path>
         <kind>archive</kind>
         <file>evmc6748_bsl.lib</file>
         <name>evmc6748.obj</name>
      </input_file>
      <input_file id="fl-a9">
         <path>C:\ti\bios_5_42_02_10\packages\ti\bios\lib\</path>
         <kind>archive</kind>
         <file>bios.a674</file>
         <name>exc_asm.o674</name>
      </input_file>
      <input_file id="fl-aa">
         <path>C:\ti\bios_5_42_02_10\packages\ti\bios\lib\</path>
         <kind>archive</kind>
         <file>bios.a674</file>
         <name>exc.o674</name>
      </input_file>
      <input_file id="fl-ab">
         <path>C:\ti\bios_5_42_02_10\packages\ti\bios\lib\</path>
         <kind>archive</kind>
         <file>bios.a674</file>
         <name>gbl_cacheinit64P.o674</name>
      </input_file>
      <input_file id="fl-ac">
         <path>C:\ti\bios_5_42_02_10\packages\ti\bios\lib\</path>
         <kind>archive</kind>
         <file>bios6748.a674</file>
         <name>bcache_init.o674</name>
      </input_file>
      <input_file id="fl-ad">
         <path>C:\ti\bios_5_42_02_10\packages\ti\bios\lib\</path>
         <kind>archive</kind>
         <file>bios.a674</file>
         <name>gbl_vers.o674</name>
      </input_file>
      <input_file id="fl-ae">
         <path>C:\Users\szb15138\Downloads\c6748\c6748\bsl\lib\</path>
         <kind>archive</kind>
         <file>evmc6748_bsl.lib</file>
         <name>evmc6748_gpio.obj</name>
      </input_file>
      <input_file id="fl-af">
         <path>C:\ti\bios_5_42_02_10\packages\ti\rtdx\lib\c6000\</path>
         <kind>archive</kind>
         <file>rtdx64xplus.lib</file>
         <name>rtdx_mon.o64P</name>
      </input_file>
      <input_file id="fl-b0">
         <path>C:\ti\bios_5_42_02_10\packages\ti\bios\lib\</path>
         <kind>archive</kind>
         <file>bios.a674</file>
         <name>hwi_c.o674</name>
      </input_file>
      <input_file id="fl-b1">
         <path>C:\Users\szb15138\Downloads\c6748\c6748\bsl\lib\</path>
         <kind>archive</kind>
         <file>evmc6748_bsl.lib</file>
         <name>evmc6748_i2c_gpio.obj</name>
      </input_file>
      <input_file id="fl-b2">
         <path>C:\Users\szb15138\Downloads\c6748\c6748\bsl\lib\</path>
         <kind>archive</kind>
         <file>evmc6748_bsl.lib</file>
         <name>evmc6748_i2c.obj</name>
      </input_file>
      <input_file id="fl-b3">
         <path>C:\ti\bios_5_42_02_10\packages\ti\bios\lib\</path>
         <kind>archive</kind>
         <file>bios.a674</file>
         <name>knl.o674</name>
      </input_file>
      <input_file id="fl-b4">
         <path>C:\ti\bios_5_42_02_10\packages\ti\bios\lib\</path>
         <kind>archive</kind>
         <file>bios.a674</file>
         <name>knl_exit.o674</name>
      </input_file>
      <input_file id="fl-b5">
         <path>C:\ti\bios_5_42_02_10\packages\ti\bios\lib\</path>
         <kind>archive</kind>
         <file>bios.a674</file>
         <name>knl_chec.o674</name>
      </input_file>
      <input_file id="fl-b6">
         <path>C:\ti\bios_5_42_02_10\packages\ti\bios\lib\</path>
         <kind>archive</kind>
         <file>bios.a674</file>
         <name>knl_post.o674</name>
      </input_file>
      <input_file id="fl-b7">
         <path>C:\ti\bios_5_42_02_10\packages\ti\bios\lib\</path>
         <kind>archive</kind>
         <file>bios.a674</file>
         <name>knl_ipos.o674</name>
      </input_file>
      <input_file id="fl-b8">
         <path>C:\ti\bios_5_42_02_10\packages\ti\bios\lib\</path>
         <kind>archive</kind>
         <file>bios.a674</file>
         <name>knl_run.o674</name>
      </input_file>
      <input_file id="fl-b9">
         <path>C:\Users\szb15138\Downloads\c6748\c6748\bsl\lib\</path>
         <kind>archive</kind>
         <file>evmc6748_bsl.lib</file>
         <name>evmc6748_led.obj</name>
      </input_file>
      <input_file id="fl-ba">
         <path>C:\ti\bios_5_42_02_10\packages\ti\bios\lib\</path>
         <kind>archive</kind>
         <file>bios.a674</file>
         <name>mem_asm.o674</name>
      </input_file>
      <input_file id="fl-bb">
         <path>C:\ti\bios_5_42_02_10\packages\ti\bios\lib\</path>
         <kind>archive</kind>
         <file>bios.a674</file>
         <name>mem_init.o674</name>
      </input_file>
      <input_file id="fl-bc">
         <path>C:\ti\bios_5_42_02_10\packages\ti\bios\lib\</path>
         <kind>archive</kind>
         <file>bios.a674</file>
         <name>obj_init.o674</name>
      </input_file>
      <input_file id="fl-bd">
         <path>C:\ti\bios_5_42_02_10\packages\ti\rtdx\lib\c6000\</path>
         <kind>archive</kind>
         <file>rtdx64xplus.lib</file>
         <name>buffer2.o64P</name>
      </input_file>
      <input_file id="fl-be">
         <path>C:\ti\bios_5_42_02_10\packages\ti\rtdx\lib\c6000\</path>
         <kind>archive</kind>
         <file>rtdx64xplus.lib</file>
         <name>buffer1.o64P</name>
      </input_file>
      <input_file id="fl-bf">
         <path>C:\ti\bios_5_42_02_10\packages\ti\rtdx\lib\c6000\</path>
         <kind>archive</kind>
         <file>rtdx64xplus.lib</file>
         <name>intr_tgt.o64P</name>
      </input_file>
      <input_file id="fl-c0">
         <path>C:\ti\bios_5_42_02_10\packages\ti\rtdx\lib\c6000\</path>
         <kind>archive</kind>
         <file>rtdx64xplus.lib</file>
         <name>memfill.o64P</name>
      </input_file>
      <input_file id="fl-c1">
         <path>C:\ti\bios_5_42_02_10\packages\ti\bios\lib\</path>
         <kind>archive</kind>
         <file>bios.a674</file>
         <name>sts_set.o674</name>
      </input_file>
      <input_file id="fl-c2">
         <path>C:\ti\bios_5_42_02_10\packages\ti\bios\lib\</path>
         <kind>archive</kind>
         <file>bios.a674</file>
         <name>sys_abor.o674</name>
      </input_file>
      <input_file id="fl-c3">
         <path>C:\ti\bios_5_42_02_10\packages\ti\bios\lib\</path>
         <kind>archive</kind>
         <file>bios.a674</file>
         <name>tsk.o674</name>
      </input_file>
      <input_file id="fl-c4">
         <path>C:\ti\bios_5_42_02_10\packages\ti\bios\lib\</path>
         <kind>archive</kind>
         <file>bios.a674</file>
         <name>tsk_exit.o674</name>
      </input_file>
      <input_file id="fl-c5">
         <path>C:\ti\bios_5_42_02_10\packages\ti\bios\lib\</path>
         <kind>archive</kind>
         <file>bios.a674</file>
         <name>sys_exit.o674</name>
      </input_file>
      <input_file id="fl-c6">
         <path>C:\ti\bios_5_42_02_10\packages\ti\bios\lib\</path>
         <kind>archive</kind>
         <file>bios.a674</file>
         <name>sys.o674</name>
      </input_file>
      <input_file id="fl-c7">
         <path>C:\ti\bios_5_42_02_10\packages\ti\bios\lib\</path>
         <kind>archive</kind>
         <file>bios.a674</file>
         <name>tsk_init.o674</name>
      </input_file>
      <input_file id="fl-c8">
         <path>C:\ti\bios_5_42_02_10\packages\ti\bios\lib\</path>
         <kind>archive</kind>
         <file>bios.a674</file>
         <name>tsk_setu.o674</name>
      </input_file>
      <input_file id="fl-c9">
         <path>C:\ti\bios_5_42_02_10\packages\ti\bios\lib\</path>
         <kind>archive</kind>
         <file>bios.a674</file>
         <name>tsk_stup.o674</name>
      </input_file>
      <input_file id="fl-ca">
         <path>C:\ti\bios_5_42_02_10\packages\ti\bios\lib\</path>
         <kind>archive</kind>
         <file>bios.a674</file>
         <name>lck.o674</name>
      </input_file>
      <input_file id="fl-cb">
         <path>C:\ti\bios_5_42_02_10\packages\ti\bios\lib\</path>
         <kind>archive</kind>
         <file>bios.a674</file>
         <name>sem_pend_counting.o674</name>
      </input_file>
      <input_file id="fl-cc">
         <path>C:\ti\bios_5_42_02_10\packages\ti\bios\lib\</path>
         <kind>archive</kind>
         <file>bios.a674</file>
         <name>sem_pend.o674</name>
      </input_file>
      <input_file id="fl-cd">
         <path>C:\ti\bios_5_42_02_10\packages\ti\bios\lib\</path>
         <kind>archive</kind>
         <file>bios.a674</file>
         <name>sem_post_asm.o674</name>
      </input_file>
      <input_file id="fl-ce">
         <path>C:\ti\bios_5_42_02_10\packages\ti\bios\lib\</path>
         <kind>archive</kind>
         <file>bios.a674</file>
         <name>sem_post.o674</name>
      </input_file>
      <input_file id="fl-cf">
         <path>C:\ti\bios_5_42_02_10\packages\ti\bios\lib\</path>
         <kind>archive</kind>
         <file>bios.a674</file>
         <name>sem_dopo.o674</name>
      </input_file>
      <input_file id="fl-d0">
         <path>C:\ti\bios_5_42_02_10\packages\ti\bios\lib\</path>
         <kind>archive</kind>
         <file>bios.a674</file>
         <name>autoinit.o674</name>
      </input_file>
      <input_file id="fl-d1">
         <path>C:\ti\ccsv6\tools\compiler\c6000_7.4.16\lib\</path>
         <kind>archive</kind>
         <file>rts6740.lib</file>
         <name>_lock.obj</name>
      </input_file>
      <input_file id="fl-d2">
         <path>C:\ti\ccsv6\tools\compiler\c6000_7.4.16\lib\</path>
         <kind>archive</kind>
         <file>rts6740.lib</file>
         <name>atexit.obj</name>
      </input_file>
      <input_file id="fl-d3">
         <path>C:\ti\ccsv6\tools\compiler\c6000_7.4.16\lib\</path>
         <kind>archive</kind>
         <file>rts6740.lib</file>
         <name>sinit.obj</name>
      </input_file>
      <input_file id="fl-d4">
         <path>C:\ti\ccsv6\tools\compiler\c6000_7.4.16\lib\</path>
         <kind>archive</kind>
         <file>rts6740.lib</file>
         <name>exit.obj</name>
      </input_file>
      <input_file id="fl-d5">
         <path>C:\ti\ccsv6\tools\compiler\c6000_7.4.16\lib\</path>
         <kind>archive</kind>
         <file>rts6740.lib</file>
         <name>memcpy64.obj</name>
      </input_file>
      <input_file id="fl-d6">
         <path>C:\ti\ccsv6\tools\compiler\c6000_7.4.16\lib\</path>
         <kind>archive</kind>
         <file>rts6740.lib</file>
         <name>printf.obj</name>
      </input_file>
      <input_file id="fl-d7">
         <path>C:\ti\ccsv6\tools\compiler\c6000_7.4.16\lib\</path>
         <kind>archive</kind>
         <file>rts6740.lib</file>
         <name>defs.obj</name>
      </input_file>
      <input_file id="fl-d8">
         <path>C:\ti\ccsv6\tools\compiler\c6000_7.4.16\lib\</path>
         <kind>archive</kind>
         <file>rts6740.lib</file>
         <name>_printfi.obj</name>
      </input_file>
      <input_file id="fl-d9">
         <path>C:\ti\ccsv6\tools\compiler\c6000_7.4.16\lib\</path>
         <kind>archive</kind>
         <file>rts6740.lib</file>
         <name>isinf.obj</name>
      </input_file>
      <input_file id="fl-da">
         <path>C:\ti\ccsv6\tools\compiler\c6000_7.4.16\lib\</path>
         <kind>archive</kind>
         <file>rts6740.lib</file>
         <name>divd.obj</name>
      </input_file>
      <input_file id="fl-db">
         <path>C:\ti\ccsv6\tools\compiler\c6000_7.4.16\lib\</path>
         <kind>archive</kind>
         <file>rts6740.lib</file>
         <name>divu.obj</name>
      </input_file>
      <input_file id="fl-dc">
         <path>C:\ti\ccsv6\tools\compiler\c6000_7.4.16\lib\</path>
         <kind>archive</kind>
         <file>rts6740.lib</file>
         <name>imath40.obj</name>
      </input_file>
      <input_file id="fl-dd">
         <path>C:\ti\ccsv6\tools\compiler\c6000_7.4.16\lib\</path>
         <kind>archive</kind>
         <file>rts6740.lib</file>
         <name>imath64.obj</name>
      </input_file>
      <input_file id="fl-de">
         <path>C:\ti\ccsv6\tools\compiler\c6000_7.4.16\lib\</path>
         <kind>archive</kind>
         <file>rts6740.lib</file>
         <name>fixdli.obj</name>
      </input_file>
      <input_file id="fl-df">
         <path>C:\ti\ccsv6\tools\compiler\c6000_7.4.16\lib\</path>
         <kind>archive</kind>
         <file>rts6740.lib</file>
         <name>fltlid.obj</name>
      </input_file>
      <input_file id="fl-e0">
         <path>C:\ti\ccsv6\tools\compiler\c6000_7.4.16\lib\</path>
         <kind>archive</kind>
         <file>rts6740.lib</file>
         <name>frcmpyd_div.obj</name>
      </input_file>
      <input_file id="fl-e1">
         <path>C:\ti\ccsv6\tools\compiler\c6000_7.4.16\lib\</path>
         <kind>archive</kind>
         <file>rts6740.lib</file>
         <name>llshift.obj</name>
      </input_file>
      <input_file id="fl-e2">
         <path>C:\ti\ccsv6\tools\compiler\c6000_7.4.16\lib\</path>
         <kind>archive</kind>
         <file>rts6740.lib</file>
         <name>negll.obj</name>
      </input_file>
      <input_file id="fl-e3">
         <path>C:\ti\ccsv6\tools\compiler\c6000_7.4.16\lib\</path>
         <kind>archive</kind>
         <file>rts6740.lib</file>
         <name>atoi.obj</name>
      </input_file>
      <input_file id="fl-e4">
         <path>C:\ti\ccsv6\tools\compiler\c6000_7.4.16\lib\</path>
         <kind>archive</kind>
         <file>rts6740.lib</file>
         <name>ctype.obj</name>
      </input_file>
      <input_file id="fl-e5">
         <path>C:\ti\ccsv6\tools\compiler\c6000_7.4.16\lib\</path>
         <kind>archive</kind>
         <file>rts6740.lib</file>
         <name>fputc.obj</name>
      </input_file>
      <input_file id="fl-e6">
         <path>C:\ti\ccsv6\tools\compiler\c6000_7.4.16\lib\</path>
         <kind>archive</kind>
         <file>rts6740.lib</file>
         <name>fflush.obj</name>
      </input_file>
      <input_file id="fl-e7">
         <path>C:\ti\ccsv6\tools\compiler\c6000_7.4.16\lib\</path>
         <kind>archive</kind>
         <file>rts6740.lib</file>
         <name>_io_perm.obj</name>
      </input_file>
      <input_file id="fl-e8">
         <path>C:\ti\ccsv6\tools\compiler\c6000_7.4.16\lib\</path>
         <kind>archive</kind>
         <file>rts6740.lib</file>
         <name>fputs.obj</name>
      </input_file>
      <input_file id="fl-e9">
         <path>C:\ti\ccsv6\tools\compiler\c6000_7.4.16\lib\</path>
         <kind>archive</kind>
         <file>rts6740.lib</file>
         <name>fseek.obj</name>
      </input_file>
      <input_file id="fl-ea">
         <path>C:\ti\ccsv6\tools\compiler\c6000_7.4.16\lib\</path>
         <kind>archive</kind>
         <file>rts6740.lib</file>
         <name>abs.obj</name>
      </input_file>
      <input_file id="fl-eb">
         <path>C:\ti\ccsv6\tools\compiler\c6000_7.4.16\lib\</path>
         <kind>archive</kind>
         <file>rts6740.lib</file>
         <name>lowlev.obj</name>
      </input_file>
      <input_file id="fl-ec">
         <path>C:\ti\ccsv6\tools\compiler\c6000_7.4.16\lib\</path>
         <kind>archive</kind>
         <file>rts6740.lib</file>
         <name>trgdrv.obj</name>
      </input_file>
      <input_file id="fl-ed">
         <path>C:\ti\ccsv6\tools\compiler\c6000_7.4.16\lib\</path>
         <kind>archive</kind>
         <file>rts6740.lib</file>
         <name>ltoa.obj</name>
      </input_file>
      <input_file id="fl-ee">
         <path>C:\ti\ccsv6\tools\compiler\c6000_7.4.16\lib\</path>
         <kind>archive</kind>
         <file>rts6740.lib</file>
         <name>memccpy.obj</name>
      </input_file>
      <input_file id="fl-ef">
         <path>C:\ti\ccsv6\tools\compiler\c6000_7.4.16\lib\</path>
         <kind>archive</kind>
         <file>rts6740.lib</file>
         <name>memset.obj</name>
      </input_file>
      <input_file id="fl-f0">
         <path>C:\ti\ccsv6\tools\compiler\c6000_7.4.16\lib\</path>
         <kind>archive</kind>
         <file>rts6740.lib</file>
         <name>trgmsg.obj</name>
      </input_file>
      <input_file id="fl-f1">
         <path>C:\ti\ccsv6\tools\compiler\c6000_7.4.16\lib\</path>
         <kind>archive</kind>
         <file>rts6740.lib</file>
         <name>setvbuf.obj</name>
      </input_file>
      <input_file id="fl-f2">
         <path>C:\ti\ccsv6\tools\compiler\c6000_7.4.16\lib\</path>
         <kind>archive</kind>
         <file>rts6740.lib</file>
         <name>fopen.obj</name>
      </input_file>
      <input_file id="fl-f3">
         <path>C:\ti\ccsv6\tools\compiler\c6000_7.4.16\lib\</path>
         <kind>archive</kind>
         <file>rts6740.lib</file>
         <name>fclose.obj</name>
      </input_file>
      <input_file id="fl-f4">
         <path>C:\ti\bios_5_42_02_10\packages\ti\bios\lib\</path>
         <kind>archive</kind>
         <file>bios.a674</file>
         <name>malloc.o674</name>
      </input_file>
      <input_file id="fl-f5">
         <path>C:\ti\bios_5_42_02_10\packages\ti\bios\lib\</path>
         <kind>archive</kind>
         <file>bios.a674</file>
         <name>mem_allo.o674</name>
      </input_file>
      <input_file id="fl-f6">
         <path>C:\ti\bios_5_42_02_10\packages\ti\bios\lib\</path>
         <kind>archive</kind>
         <file>bios.a674</file>
         <name>mem_free.o674</name>
      </input_file>
      <input_file id="fl-f7">
         <path>C:\ti\bios_5_42_02_10\packages\ti\bios\lib\</path>
         <kind>archive</kind>
         <file>bios.a674</file>
         <name>sys_erro.o674</name>
      </input_file>
      <input_file id="fl-f8">
         <path>C:\ti\ccsv6\tools\compiler\c6000_7.4.16\lib\</path>
         <kind>archive</kind>
         <file>rts6740.lib</file>
         <name>remove.obj</name>
      </input_file>
   </input_file_list>
   <object_component_list>
      <object_component id="oc-6c">
         <name>.vers</name>
         <load_address>0x0</load_address>
         <run_address>0x0</run_address>
         <size>0x3c</size>
         <input_file_ref idref="fl-4"/>
      </object_component>
      <object_component id="oc-5a">
         <name>.clk</name>
         <uninitialized>true</uninitialized>
         <run_address>0x11814010</run_address>
         <size>0x8</size>
         <input_file_ref idref="fl-4"/>
      </object_component>
      <object_component id="oc-5b">
         <name>.prd</name>
         <uninitialized>true</uninitialized>
         <run_address>0x1180efe0</run_address>
         <size>0x20</size>
         <input_file_ref idref="fl-4"/>
      </object_component>
      <object_component id="oc-63">
         <name>.swi</name>
         <uninitialized>true</uninitialized>
         <run_address>0x11813e60</run_address>
         <size>0x58</size>
         <input_file_ref idref="fl-4"/>
      </object_component>
      <object_component id="oc-64">
         <name>.tsk</name>
         <uninitialized>true</uninitialized>
         <run_address>0x11813e00</run_address>
         <size>0x60</size>
         <input_file_ref idref="fl-4"/>
      </object_component>
      <object_component id="oc-67">
         <name>.idl</name>
         <uninitialized>true</uninitialized>
         <run_address>0x11812560</run_address>
         <size>0x10</size>
         <input_file_ref idref="fl-4"/>
      </object_component>
      <object_component id="oc-66">
         <name>.idlcal</name>
         <uninitialized>true</uninitialized>
         <run_address>0x11812570</run_address>
         <size>0x10</size>
         <input_file_ref idref="fl-4"/>
      </object_component>
      <object_component id="oc-45">
         <name>.bss</name>
         <uninitialized>true</uninitialized>
         <run_address>0x11813948</run_address>
         <size>0x28</size>
         <input_file_ref idref="fl-4"/>
      </object_component>
      <object_component id="oc-72">
         <name>.bss</name>
         <uninitialized>true</uninitialized>
         <run_address>0x11813798</run_address>
         <size>0xcc</size>
         <input_file_ref idref="fl-88"/>
      </object_component>
      <object_component id="oc-74">
         <name>.bss</name>
         <uninitialized>true</uninitialized>
         <run_address>0x11813698</run_address>
         <size>0x100</size>
         <input_file_ref idref="fl-89"/>
      </object_component>
      <object_component id="oc-7b">
         <name>.bss</name>
         <uninitialized>true</uninitialized>
         <run_address>0x118139a8</run_address>
         <size>0x18</size>
         <input_file_ref idref="fl-8b"/>
      </object_component>
      <object_component id="oc-81">
         <name>.bss</name>
         <uninitialized>true</uninitialized>
         <run_address>0x11813864</run_address>
         <size>0x9c</size>
         <input_file_ref idref="fl-8c"/>
      </object_component>
      <object_component id="oc-af">
         <name>.bss</name>
         <uninitialized>true</uninitialized>
         <run_address>0x11813990</run_address>
         <size>0x18</size>
         <input_file_ref idref="fl-98"/>
      </object_component>
      <object_component id="oc-b1">
         <name>.bss</name>
         <uninitialized>true</uninitialized>
         <run_address>0x11813a10</run_address>
         <size>0x4</size>
         <input_file_ref idref="fl-99"/>
      </object_component>
      <object_component id="oc-dd">
         <name>.bss</name>
         <uninitialized>true</uninitialized>
         <run_address>0x118139fc</run_address>
         <size>0x8</size>
         <input_file_ref idref="fl-a3"/>
      </object_component>
      <object_component id="oc-e0">
         <name>.bss</name>
         <uninitialized>true</uninitialized>
         <run_address>0x11813a0c</run_address>
         <size>0x4</size>
         <input_file_ref idref="fl-a4"/>
      </object_component>
      <object_component id="oc-f3">
         <name>.bss</name>
         <uninitialized>true</uninitialized>
         <run_address>0x11813970</run_address>
         <size>0x20</size>
         <input_file_ref idref="fl-a9"/>
      </object_component>
      <object_component id="oc-f9">
         <name>.bss</name>
         <uninitialized>true</uninitialized>
         <run_address>0x118139c0</run_address>
         <size>0x10</size>
         <input_file_ref idref="fl-aa"/>
      </object_component>
      <object_component id="oc-10e">
         <name>.bss</name>
         <uninitialized>true</uninitialized>
         <run_address>0x118139e0</run_address>
         <size>0x10</size>
         <input_file_ref idref="fl-af"/>
      </object_component>
      <object_component id="oc-11e">
         <name>.bss</name>
         <uninitialized>true</uninitialized>
         <run_address>0x11813a18</run_address>
         <size>0x4</size>
         <input_file_ref idref="fl-b2"/>
      </object_component>
      <object_component id="oc-123">
         <name>.bss</name>
         <uninitialized>true</uninitialized>
         <run_address>0x11813900</run_address>
         <size>0x48</size>
         <input_file_ref idref="fl-b3"/>
      </object_component>
      <object_component id="oc-13c">
         <name>.bss</name>
         <uninitialized>true</uninitialized>
         <run_address>0x11813a14</run_address>
         <size>0x4</size>
         <input_file_ref idref="fl-ba"/>
      </object_component>
      <object_component id="oc-148">
         <name>.bss</name>
         <uninitialized>true</uninitialized>
         <run_address>0x118139d0</run_address>
         <size>0x10</size>
         <input_file_ref idref="fl-be"/>
      </object_component>
      <object_component id="oc-15d">
         <name>.bss</name>
         <uninitialized>true</uninitialized>
         <run_address>0x118139f0</run_address>
         <size>0xc</size>
         <input_file_ref idref="fl-c3"/>
      </object_component>
      <object_component id="oc-169">
         <name>.bss</name>
         <uninitialized>true</uninitialized>
         <run_address>0x11813a04</run_address>
         <size>0x8</size>
         <input_file_ref idref="fl-c6"/>
      </object_component>
      <object_component id="oc-62">
         <name>.hwi_vec</name>
         <load_address>0x11813c00</load_address>
         <run_address>0x11813c00</run_address>
         <size>0x200</size>
         <input_file_ref idref="fl-4"/>
      </object_component>
      <object_component id="oc-8e">
         <name>.far</name>
         <uninitialized>true</uninitialized>
         <run_address>0x118117b8</run_address>
         <size>0x10</size>
         <input_file_ref idref="fl-8f"/>
      </object_component>
      <object_component id="oc-9b">
         <name>.far</name>
         <uninitialized>true</uninitialized>
         <run_address>0x118117c8</run_address>
         <size>0xc</size>
         <input_file_ref idref="fl-92"/>
      </object_component>
      <object_component id="oc-e4">
         <name>.far</name>
         <uninitialized>true</uninitialized>
         <run_address>0x118112e4</run_address>
         <size>0x4</size>
         <input_file_ref idref="fl-a5"/>
      </object_component>
      <object_component id="oc-fc">
         <name>.far</name>
         <uninitialized>true</uninitialized>
         <run_address>0x118117a8</run_address>
         <size>0x10</size>
         <input_file_ref idref="fl-aa"/>
      </object_component>
      <object_component id="oc-112">
         <name>.far</name>
         <uninitialized>true</uninitialized>
         <run_address>0x11811790</run_address>
         <size>0x18</size>
         <input_file_ref idref="fl-af"/>
      </object_component>
      <object_component id="oc-126">
         <name>.far</name>
         <uninitialized>true</uninitialized>
         <run_address>0x11811590</run_address>
         <size>0xd8</size>
         <input_file_ref idref="fl-b3"/>
      </object_component>
      <object_component id="oc-142">
         <name>.far</name>
         <uninitialized>true</uninitialized>
         <run_address>0x118116c8</run_address>
         <size>0x54</size>
         <input_file_ref idref="fl-bc"/>
      </object_component>
      <object_component id="oc-160">
         <name>.far</name>
         <uninitialized>true</uninitialized>
         <run_address>0x11811668</run_address>
         <size>0x5c</size>
         <input_file_ref idref="fl-c3"/>
      </object_component>
      <object_component id="oc-16c">
         <name>.far</name>
         <uninitialized>true</uninitialized>
         <run_address>0x11811770</run_address>
         <size>0x20</size>
         <input_file_ref idref="fl-c6"/>
      </object_component>
      <object_component id="oc-176">
         <name>.far</name>
         <uninitialized>true</uninitialized>
         <run_address>0x1181171c</run_address>
         <size>0x50</size>
         <input_file_ref idref="fl-c9"/>
      </object_component>
      <object_component id="oc-193">
         <name>.far</name>
         <uninitialized>true</uninitialized>
         <run_address>0x118117e0</run_address>
         <size>0x8</size>
         <input_file_ref idref="fl-d1"/>
      </object_component>
      <object_component id="oc-198">
         <name>.far</name>
         <uninitialized>true</uninitialized>
         <run_address>0x118112e8</run_address>
         <size>0x188</size>
         <input_file_ref idref="fl-d2"/>
      </object_component>
      <object_component id="oc-19d">
         <name>.far</name>
         <uninitialized>true</uninitialized>
         <run_address>0x118116c4</run_address>
         <size>0x4</size>
         <input_file_ref idref="fl-d3"/>
      </object_component>
      <object_component id="oc-1a2">
         <name>.far</name>
         <uninitialized>true</uninitialized>
         <run_address>0x118117d4</run_address>
         <size>0xc</size>
         <input_file_ref idref="fl-d4"/>
      </object_component>
      <object_component id="oc-1ad">
         <name>.far</name>
         <uninitialized>true</uninitialized>
         <run_address>0x11810fc0</run_address>
         <size>0x324</size>
         <input_file_ref idref="fl-d7"/>
      </object_component>
      <object_component id="oc-1eb">
         <name>.far</name>
         <uninitialized>true</uninitialized>
         <run_address>0x11811470</run_address>
         <size>0x11c</size>
         <input_file_ref idref="fl-eb"/>
      </object_component>
      <object_component id="oc-1ef">
         <name>.far</name>
         <uninitialized>true</uninitialized>
         <run_address>0x118117e8</run_address>
         <size>0x8</size>
         <input_file_ref idref="fl-ec"/>
      </object_component>
      <object_component id="oc-204">
         <name>.far</name>
         <uninitialized>true</uninitialized>
         <run_address>0x1181158c</run_address>
         <size>0x4</size>
         <input_file_ref idref="fl-f2"/>
      </object_component>
      <object_component id="oc-56">
         <name>.mem</name>
         <uninitialized>true</uninitialized>
         <run_address>0x11812a74</run_address>
         <size>0x4</size>
         <input_file_ref idref="fl-4"/>
      </object_component>
      <object_component id="oc-7d">
         <name>.bios</name>
         <load_address>0x11807980</load_address>
         <run_address>0x11807980</run_address>
         <size>0x5c0</size>
         <input_file_ref idref="fl-8b"/>
      </object_component>
      <object_component id="oc-226">
         <name>.bios</name>
         <load_address>0x11807f40</load_address>
         <run_address>0x11807f40</run_address>
         <size>0x580</size>
         <input_file_ref idref="fl-aa"/>
      </object_component>
      <object_component id="oc-46">
         <name>.bios</name>
         <load_address>0x118084c0</load_address>
         <run_address>0x118084c0</run_address>
         <size>0x4e0</size>
         <input_file_ref idref="fl-89"/>
      </object_component>
      <object_component id="oc-44">
         <name>.bios</name>
         <load_address>0x118089a0</load_address>
         <run_address>0x118089a0</run_address>
         <size>0x4c0</size>
         <input_file_ref idref="fl-8c"/>
      </object_component>
      <object_component id="oc-cc">
         <name>.bios</name>
         <load_address>0x11808e60</load_address>
         <run_address>0x11808e60</run_address>
         <size>0x380</size>
         <input_file_ref idref="fl-9f"/>
      </object_component>
      <object_component id="oc-279">
         <name>.bios</name>
         <load_address>0x118091e0</load_address>
         <run_address>0x118091e0</run_address>
         <size>0x280</size>
         <input_file_ref idref="fl-f4"/>
      </object_component>
      <object_component id="oc-d1">
         <name>.bios</name>
         <load_address>0x11809460</load_address>
         <run_address>0x11809460</run_address>
         <size>0x280</size>
         <input_file_ref idref="fl-a0"/>
      </object_component>
      <object_component id="oc-221">
         <name>.bios</name>
         <load_address>0x118096e0</load_address>
         <run_address>0x118096e0</run_address>
         <size>0x240</size>
         <input_file_ref idref="fl-b8"/>
      </object_component>
      <object_component id="oc-283">
         <name>.bios:.near</name>
         <load_address>0x11809920</load_address>
         <run_address>0x11809920</run_address>
         <size>0x200</size>
         <input_file_ref idref="fl-f5"/>
      </object_component>
      <object_component id="oc-49">
         <name>.bios</name>
         <load_address>0x11809b20</load_address>
         <run_address>0x11809b20</run_address>
         <size>0x200</size>
         <input_file_ref idref="fl-8f"/>
      </object_component>
      <object_component id="oc-282">
         <name>.bios:.near</name>
         <load_address>0x11809d20</load_address>
         <run_address>0x11809d20</run_address>
         <size>0x1e0</size>
         <input_file_ref idref="fl-f6"/>
      </object_component>
      <object_component id="oc-f5">
         <name>.bios</name>
         <load_address>0x11809f00</load_address>
         <run_address>0x11809f00</run_address>
         <size>0x1e0</size>
         <input_file_ref idref="fl-a9"/>
      </object_component>
      <object_component id="oc-c8">
         <name>.bios</name>
         <load_address>0x1180a0e0</load_address>
         <run_address>0x1180a0e0</run_address>
         <size>0x1e0</size>
         <input_file_ref idref="fl-9e"/>
      </object_component>
      <object_component id="oc-22f">
         <name>.bios</name>
         <load_address>0x1180a2c0</load_address>
         <run_address>0x1180a2c0</run_address>
         <size>0x1e0</size>
         <input_file_ref idref="fl-cc"/>
      </object_component>
      <object_component id="oc-22e">
         <name>.bios</name>
         <load_address>0x1180a4a0</load_address>
         <run_address>0x1180a4a0</run_address>
         <size>0x1a0</size>
         <input_file_ref idref="fl-cf"/>
      </object_component>
      <object_component id="oc-228">
         <name>.bios</name>
         <load_address>0x1180a640</load_address>
         <run_address>0x1180a640</run_address>
         <size>0x1a0</size>
         <input_file_ref idref="fl-c8"/>
      </object_component>
      <object_component id="oc-a1">
         <name>.bios</name>
         <load_address>0x1180a7e0</load_address>
         <run_address>0x1180a7e0</run_address>
         <size>0x1a0</size>
         <input_file_ref idref="fl-94"/>
      </object_component>
      <object_component id="oc-c0">
         <name>.bios</name>
         <load_address>0x1180a980</load_address>
         <run_address>0x1180a980</run_address>
         <size>0x180</size>
         <input_file_ref idref="fl-9c"/>
      </object_component>
      <object_component id="oc-21b">
         <name>.bios</name>
         <load_address>0x1180ab00</load_address>
         <run_address>0x1180ab00</run_address>
         <size>0x140</size>
         <input_file_ref idref="fl-d0"/>
      </object_component>
      <object_component id="oc-223">
         <name>.bios</name>
         <load_address>0x1180ac40</load_address>
         <run_address>0x1180ac40</run_address>
         <size>0x140</size>
         <input_file_ref idref="fl-c4"/>
      </object_component>
      <object_component id="oc-242">
         <name>.bios</name>
         <load_address>0x1180ad80</load_address>
         <run_address>0x1180ad80</run_address>
         <size>0x140</size>
         <input_file_ref idref="fl-ac"/>
      </object_component>
      <object_component id="oc-224">
         <name>.bios</name>
         <load_address>0x1180aec0</load_address>
         <run_address>0x1180aec0</run_address>
         <size>0x120</size>
         <input_file_ref idref="fl-ab"/>
      </object_component>
      <object_component id="oc-12b">
         <name>.bios</name>
         <load_address>0x1180afe0</load_address>
         <run_address>0x1180afe0</run_address>
         <size>0x120</size>
         <input_file_ref idref="fl-b5"/>
      </object_component>
      <object_component id="oc-229">
         <name>.bios</name>
         <load_address>0x1180b100</load_address>
         <run_address>0x1180b100</run_address>
         <size>0x120</size>
         <input_file_ref idref="fl-c9"/>
      </object_component>
      <object_component id="oc-184">
         <name>.bios</name>
         <load_address>0x1180b220</load_address>
         <run_address>0x1180b220</run_address>
         <size>0xe0</size>
         <input_file_ref idref="fl-cd"/>
      </object_component>
      <object_component id="oc-222">
         <name>.bios</name>
         <load_address>0x1180b300</load_address>
         <run_address>0x1180b300</run_address>
         <size>0xc0</size>
         <input_file_ref idref="fl-b4"/>
      </object_component>
      <object_component id="oc-231">
         <name>.bios</name>
         <load_address>0x1180b3c0</load_address>
         <run_address>0x1180b3c0</run_address>
         <size>0xa0</size>
         <input_file_ref idref="fl-ce"/>
      </object_component>
      <object_component id="oc-241">
         <name>.bios</name>
         <load_address>0x1180b460</load_address>
         <run_address>0x1180b460</run_address>
         <size>0xa0</size>
         <input_file_ref idref="fl-c5"/>
      </object_component>
      <object_component id="oc-230">
         <name>.bios</name>
         <load_address>0x1180b500</load_address>
         <run_address>0x1180b500</run_address>
         <size>0x80</size>
         <input_file_ref idref="fl-b7"/>
      </object_component>
      <object_component id="oc-21d">
         <name>.bios</name>
         <load_address>0x1180b580</load_address>
         <run_address>0x1180b580</run_address>
         <size>0x80</size>
         <input_file_ref idref="fl-b6"/>
      </object_component>
      <object_component id="oc-244">
         <name>.bios</name>
         <load_address>0x1180b600</load_address>
         <run_address>0x1180b600</run_address>
         <size>0x80</size>
         <input_file_ref idref="fl-ca"/>
      </object_component>
      <object_component id="oc-c4">
         <name>.bios</name>
         <load_address>0x1180b680</load_address>
         <run_address>0x1180b680</run_address>
         <size>0x80</size>
         <input_file_ref idref="fl-9d"/>
      </object_component>
      <object_component id="oc-b7">
         <name>.bios</name>
         <load_address>0x1180b700</load_address>
         <run_address>0x1180b700</run_address>
         <size>0x80</size>
         <input_file_ref idref="fl-9a"/>
      </object_component>
      <object_component id="oc-28d">
         <name>.bios:.near</name>
         <load_address>0x1180b780</load_address>
         <run_address>0x1180b780</run_address>
         <size>0x60</size>
         <input_file_ref idref="fl-f7"/>
      </object_component>
      <object_component id="oc-a5">
         <name>.bios</name>
         <load_address>0x1180b7e0</load_address>
         <run_address>0x1180b7e0</run_address>
         <size>0x60</size>
         <input_file_ref idref="fl-95"/>
      </object_component>
      <object_component id="oc-116">
         <name>.bios</name>
         <load_address>0x1180b840</load_address>
         <run_address>0x1180b840</run_address>
         <size>0x60</size>
         <input_file_ref idref="fl-b0"/>
      </object_component>
      <object_component id="oc-b3">
         <name>.bios</name>
         <load_address>0x1180b8a0</load_address>
         <run_address>0x1180b8a0</run_address>
         <size>0x60</size>
         <input_file_ref idref="fl-99"/>
      </object_component>
      <object_component id="oc-17d">
         <name>.bios</name>
         <load_address>0x1180b900</load_address>
         <run_address>0x1180b900</run_address>
         <size>0x60</size>
         <input_file_ref idref="fl-cb"/>
      </object_component>
      <object_component id="oc-d9">
         <name>.bios</name>
         <load_address>0x1180b960</load_address>
         <run_address>0x1180b960</run_address>
         <size>0x60</size>
         <input_file_ref idref="fl-a2"/>
      </object_component>
      <object_component id="oc-243">
         <name>.bios</name>
         <load_address>0x1180b9c0</load_address>
         <run_address>0x1180b9c0</run_address>
         <size>0x60</size>
         <input_file_ref idref="fl-c2"/>
      </object_component>
      <object_component id="oc-e6">
         <name>.bios</name>
         <load_address>0x1180ba20</load_address>
         <run_address>0x1180ba20</run_address>
         <size>0x60</size>
         <input_file_ref idref="fl-a6"/>
      </object_component>
      <object_component id="oc-42">
         <name>.bios</name>
         <load_address>0x1180ba80</load_address>
         <run_address>0x1180ba80</run_address>
         <size>0x40</size>
         <input_file_ref idref="fl-8a"/>
      </object_component>
      <object_component id="oc-d5">
         <name>.bios</name>
         <load_address>0x1180bac0</load_address>
         <run_address>0x1180bac0</run_address>
         <size>0x40</size>
         <input_file_ref idref="fl-a1"/>
      </object_component>
      <object_component id="oc-41">
         <name>.bios</name>
         <load_address>0x1180bb00</load_address>
         <run_address>0x1180bb00</run_address>
         <size>0x40</size>
         <input_file_ref idref="fl-90"/>
      </object_component>
      <object_component id="oc-48">
         <name>.bios</name>
         <load_address>0x1180bb40</load_address>
         <run_address>0x1180bb40</run_address>
         <size>0x40</size>
         <input_file_ref idref="fl-92"/>
      </object_component>
      <object_component id="oc-4c">
         <name>.bios</name>
         <load_address>0x1180bb80</load_address>
         <run_address>0x1180bb80</run_address>
         <size>0x20</size>
         <input_file_ref idref="fl-8e"/>
      </object_component>
      <object_component id="oc-106">
         <name>.bios</name>
         <load_address>0x1180bba0</load_address>
         <run_address>0x1180bba0</run_address>
         <size>0x20</size>
         <input_file_ref idref="fl-ad"/>
      </object_component>
      <object_component id="oc-bb">
         <name>.bios</name>
         <load_address>0x1180bbc0</load_address>
         <run_address>0x1180bbc0</run_address>
         <size>0x20</size>
         <input_file_ref idref="fl-9b"/>
      </object_component>
      <object_component id="oc-156">
         <name>.bios</name>
         <load_address>0x1180bbe0</load_address>
         <run_address>0x1180bbe0</run_address>
         <size>0x20</size>
         <input_file_ref idref="fl-c1"/>
      </object_component>
      <object_component id="oc-4b">
         <name>.bios</name>
         <load_address>0x1180bc00</load_address>
         <run_address>0x1180bc00</run_address>
         <size>0x20</size>
         <input_file_ref idref="fl-91"/>
      </object_component>
      <object_component id="oc-4a">
         <name>.bios</name>
         <load_address>0x1180bc20</load_address>
         <run_address>0x1180bc20</run_address>
         <size>0x20</size>
         <input_file_ref idref="fl-93"/>
      </object_component>
      <object_component id="oc-47">
         <name>.bios</name>
         <load_address>0x1180bc40</load_address>
         <run_address>0x1180bc40</run_address>
         <size>0x20</size>
         <input_file_ref idref="fl-8d"/>
      </object_component>
      <object_component id="oc-1fc">
         <name>.cio</name>
         <uninitialized>true</uninitialized>
         <run_address>0x1180eec0</run_address>
         <size>0x120</size>
         <input_file_ref idref="fl-f0"/>
      </object_component>
      <object_component id="oc-14c">
         <name>.pinit</name>
         <load_address>0x11813bf4</load_address>
         <run_address>0x11813bf4</run_address>
         <size>0x4</size>
         <input_file_ref idref="fl-be"/>
      </object_component>
      <object_component id="oc-113">
         <name>.pinit</name>
         <load_address>0x11813bf8</load_address>
         <run_address>0x11813bf8</run_address>
         <size>0x4</size>
         <input_file_ref idref="fl-af"/>
      </object_component>
      <object_component id="oc-59">
         <name>.sys</name>
         <uninitialized>true</uninitialized>
         <run_address>0x11813be4</run_address>
         <size>0x10</size>
         <input_file_ref idref="fl-4"/>
      </object_component>
      <object_component id="oc-250">
         <name>.text</name>
         <load_address>0x11800000</load_address>
         <run_address>0x11800000</run_address>
         <size>0xc20</size>
         <input_file_ref idref="fl-a8"/>
      </object_component>
      <object_component id="oc-23b">
         <name>.text</name>
         <load_address>0x11800c20</load_address>
         <run_address>0x11800c20</run_address>
         <size>0x620</size>
         <input_file_ref idref="fl-2"/>
      </object_component>
      <object_component id="oc-280">
         <name>.text:__divd</name>
         <load_address>0x11801240</load_address>
         <run_address>0x11801240</run_address>
         <size>0x5a0</size>
         <input_file_ref idref="fl-da"/>
      </object_component>
      <object_component id="oc-275">
         <name>.text:__getarg_diouxp</name>
         <load_address>0x118017e0</load_address>
         <run_address>0x118017e0</run_address>
         <size>0x580</size>
         <input_file_ref idref="fl-d8"/>
      </object_component>
      <object_component id="oc-262">
         <name>.text:__setfield</name>
         <load_address>0x11801d60</load_address>
         <run_address>0x11801d60</run_address>
         <size>0x520</size>
         <input_file_ref idref="fl-d8"/>
      </object_component>
      <object_component id="oc-252">
         <name>.text</name>
         <load_address>0x11802280</load_address>
         <run_address>0x11802280</run_address>
         <size>0x4e0</size>
         <input_file_ref idref="fl-b1"/>
      </object_component>
      <object_component id="oc-25d">
         <name>.text:__printfi</name>
         <load_address>0x11802760</load_address>
         <run_address>0x11802760</run_address>
         <size>0x440</size>
         <input_file_ref idref="fl-d8"/>
      </object_component>
      <object_component id="oc-25f">
         <name>.text:_fputs</name>
         <load_address>0x11802ba0</load_address>
         <run_address>0x11802ba0</run_address>
         <size>0x3a0</size>
         <input_file_ref idref="fl-e8"/>
      </object_component>
      <object_component id="oc-251">
         <name>.text</name>
         <load_address>0x11802f40</load_address>
         <run_address>0x11802f40</run_address>
         <size>0x380</size>
         <input_file_ref idref="fl-ae"/>
      </object_component>
      <object_component id="oc-24e">
         <name>.text</name>
         <load_address>0x118032c0</load_address>
         <run_address>0x118032c0</run_address>
         <size>0x380</size>
         <input_file_ref idref="fl-b2"/>
      </object_component>
      <object_component id="oc-26a">
         <name>.text:__pproc_fge</name>
         <load_address>0x11803640</load_address>
         <run_address>0x11803640</run_address>
         <size>0x320</size>
         <input_file_ref idref="fl-d8"/>
      </object_component>
      <object_component id="oc-261">
         <name>.text:__pproc_fwp</name>
         <load_address>0x11803960</load_address>
         <run_address>0x11803960</run_address>
         <size>0x2c0</size>
         <input_file_ref idref="fl-d8"/>
      </object_component>
      <object_component id="oc-27b">
         <name>.text:_ecvt</name>
         <load_address>0x11803c20</load_address>
         <run_address>0x11803c20</run_address>
         <size>0x2a0</size>
         <input_file_ref idref="fl-d8"/>
      </object_component>
      <object_component id="oc-27e">
         <name>.text:_fcvt</name>
         <load_address>0x11803ec0</load_address>
         <run_address>0x11803ec0</run_address>
         <size>0x2a0</size>
         <input_file_ref idref="fl-d8"/>
      </object_component>
      <object_component id="oc-28c">
         <name>.text:__divull</name>
         <load_address>0x11804160</load_address>
         <run_address>0x11804160</run_address>
         <size>0x260</size>
         <input_file_ref idref="fl-dd"/>
      </object_component>
      <object_component id="oc-274">
         <name>.text:__pconv_e</name>
         <load_address>0x118043c0</load_address>
         <run_address>0x118043c0</run_address>
         <size>0x260</size>
         <input_file_ref idref="fl-d8"/>
      </object_component>
      <object_component id="oc-26b">
         <name>.text:__pproc_diouxp</name>
         <load_address>0x11804620</load_address>
         <run_address>0x11804620</run_address>
         <size>0x240</size>
         <input_file_ref idref="fl-d8"/>
      </object_component>
      <object_component id="oc-263">
         <name>.text:__pproc_str</name>
         <load_address>0x11804860</load_address>
         <run_address>0x11804860</run_address>
         <size>0x220</size>
         <input_file_ref idref="fl-d8"/>
      </object_component>
      <object_component id="oc-264">
         <name>.text:_fputc</name>
         <load_address>0x11804a80</load_address>
         <run_address>0x11804a80</run_address>
         <size>0x220</size>
         <input_file_ref idref="fl-e5"/>
      </object_component>
      <object_component id="oc-272">
         <name>.text:__pconv_g</name>
         <load_address>0x11804ca0</load_address>
         <run_address>0x11804ca0</run_address>
         <size>0x200</size>
         <input_file_ref idref="fl-d8"/>
      </object_component>
      <object_component id="oc-26e">
         <name>.text:_setvbuf</name>
         <load_address>0x11804ea0</load_address>
         <run_address>0x11804ea0</run_address>
         <size>0x200</size>
         <input_file_ref idref="fl-f1"/>
      </object_component>
      <object_component id="oc-23c">
         <name>.text</name>
         <load_address>0x118050a0</load_address>
         <run_address>0x118050a0</run_address>
         <size>0x1e0</size>
         <input_file_ref idref="fl-b9"/>
      </object_component>
      <object_component id="oc-27d">
         <name>.text:__mcpy</name>
         <load_address>0x11805280</load_address>
         <run_address>0x11805280</run_address>
         <size>0x1c0</size>
         <input_file_ref idref="fl-d8"/>
      </object_component>
      <object_component id="oc-28b">
         <name>.text:__divul</name>
         <load_address>0x11805440</load_address>
         <run_address>0x11805440</run_address>
         <size>0x1a0</size>
         <input_file_ref idref="fl-dc"/>
      </object_component>
      <object_component id="oc-239">
         <name>.text:_HOSTrename</name>
         <load_address>0x118055e0</load_address>
         <run_address>0x118055e0</run_address>
         <size>0x180</size>
         <input_file_ref idref="fl-ec"/>
      </object_component>
      <object_component id="oc-24f">
         <name>.text</name>
         <load_address>0x11805760</load_address>
         <run_address>0x11805760</run_address>
         <size>0x160</size>
         <input_file_ref idref="fl-a7"/>
      </object_component>
      <object_component id="oc-260">
         <name>.text:__pproc_fflags</name>
         <load_address>0x118058c0</load_address>
         <run_address>0x118058c0</run_address>
         <size>0x140</size>
         <input_file_ref idref="fl-d8"/>
      </object_component>
      <object_component id="oc-295">
         <name>.text:_getdevice</name>
         <load_address>0x11805a00</load_address>
         <run_address>0x11805a00</run_address>
         <size>0x140</size>
         <input_file_ref idref="fl-eb"/>
      </object_component>
      <object_component id="oc-284">
         <name>.text:__closefile</name>
         <load_address>0x11805b40</load_address>
         <run_address>0x11805b40</run_address>
         <size>0x120</size>
         <input_file_ref idref="fl-f3"/>
      </object_component>
      <object_component id="oc-277">
         <name>.text:__ltostr</name>
         <load_address>0x11805c60</load_address>
         <run_address>0x11805c60</run_address>
         <size>0x120</size>
         <input_file_ref idref="fl-d8"/>
      </object_component>
      <object_component id="oc-26d">
         <name>.text:_fseek</name>
         <load_address>0x11805d80</load_address>
         <run_address>0x11805d80</run_address>
         <size>0x120</size>
         <input_file_ref idref="fl-e9"/>
      </object_component>
      <object_component id="oc-237">
         <name>.text:_HOSTlseek</name>
         <load_address>0x11805ea0</load_address>
         <run_address>0x11805ea0</run_address>
         <size>0x100</size>
         <input_file_ref idref="fl-ec"/>
      </object_component>
      <object_component id="oc-265">
         <name>.text:__wrt_ok</name>
         <load_address>0x11805fa0</load_address>
         <run_address>0x11805fa0</run_address>
         <size>0x100</size>
         <input_file_ref idref="fl-e7"/>
      </object_component>
      <object_component id="oc-25b">
         <name>.text:_call_dtors</name>
         <load_address>0x118060a0</load_address>
         <run_address>0x118060a0</run_address>
         <size>0x100</size>
         <input_file_ref idref="fl-d3"/>
      </object_component>
      <object_component id="oc-233">
         <name>.text:_HOSTopen</name>
         <load_address>0x118061a0</load_address>
         <run_address>0x118061a0</run_address>
         <size>0xe0</size>
         <input_file_ref idref="fl-ec"/>
      </object_component>
      <object_component id="oc-235">
         <name>.text:_HOSTread</name>
         <load_address>0x11806280</load_address>
         <run_address>0x11806280</run_address>
         <size>0xe0</size>
         <input_file_ref idref="fl-ec"/>
      </object_component>
      <object_component id="oc-269">
         <name>.text:_atoi</name>
         <load_address>0x11806360</load_address>
         <run_address>0x11806360</run_address>
         <size>0xe0</size>
         <input_file_ref idref="fl-e3"/>
      </object_component>
      <object_component id="oc-28e">
         <name>.text:_close</name>
         <load_address>0x11806440</load_address>
         <run_address>0x11806440</run_address>
         <size>0xe0</size>
         <input_file_ref idref="fl-eb"/>
      </object_component>
      <object_component id="oc-268">
         <name>.text:_memset</name>
         <load_address>0x11806520</load_address>
         <run_address>0x11806520</run_address>
         <size>0xe0</size>
         <input_file_ref idref="fl-ef"/>
      </object_component>
      <object_component id="oc-258">
         <name>.text:_printf</name>
         <load_address>0x11806600</load_address>
         <run_address>0x11806600</run_address>
         <size>0xe0</size>
         <input_file_ref idref="fl-d6"/>
      </object_component>
      <object_component id="oc-238">
         <name>.text:_HOSTunlink</name>
         <load_address>0x118066e0</load_address>
         <run_address>0x118066e0</run_address>
         <size>0xc0</size>
         <input_file_ref idref="fl-ec"/>
      </object_component>
      <object_component id="oc-236">
         <name>.text:_HOSTwrite</name>
         <load_address>0x118067a0</load_address>
         <run_address>0x118067a0</run_address>
         <size>0xc0</size>
         <input_file_ref idref="fl-ec"/>
      </object_component>
      <object_component id="oc-281">
         <name>.text:__div</name>
         <load_address>0x11806860</load_address>
         <run_address>0x11806860</run_address>
         <size>0xc0</size>
         <input_file_ref idref="fl-d8"/>
      </object_component>
      <object_component id="oc-28a">
         <name>.text:__divu</name>
         <load_address>0x11806920</load_address>
         <run_address>0x11806920</run_address>
         <size>0xc0</size>
         <input_file_ref idref="fl-db"/>
      </object_component>
      <object_component id="oc-266">
         <name>.text:__doflush</name>
         <load_address>0x118069e0</load_address>
         <run_address>0x118069e0</run_address>
         <size>0xc0</size>
         <input_file_ref idref="fl-e6"/>
      </object_component>
      <object_component id="oc-24b">
         <name>.text:_atexit</name>
         <load_address>0x11806aa0</load_address>
         <run_address>0x11806aa0</run_address>
         <size>0xc0</size>
         <input_file_ref idref="fl-d2"/>
      </object_component>
      <object_component id="oc-286">
         <name>.text:_ltoa</name>
         <load_address>0x11806b60</load_address>
         <run_address>0x11806b60</run_address>
         <size>0xc0</size>
         <input_file_ref idref="fl-ed"/>
      </object_component>
      <object_component id="oc-247">
         <name>.text</name>
         <load_address>0x11806c20</load_address>
         <run_address>0x11806c20</run_address>
         <size>0xc0</size>
         <input_file_ref idref="fl-c9"/>
      </object_component>
      <object_component id="oc-234">
         <name>.text:_HOSTclose</name>
         <load_address>0x11806ce0</load_address>
         <run_address>0x11806ce0</run_address>
         <size>0xa0</size>
         <input_file_ref idref="fl-ec"/>
      </object_component>
      <object_component id="oc-27a">
         <name>.text:__cleanup</name>
         <load_address>0x11806d80</load_address>
         <run_address>0x11806d80</run_address>
         <size>0xa0</size>
         <input_file_ref idref="fl-f2"/>
      </object_component>
      <object_component id="oc-291">
         <name>.text:__divli</name>
         <load_address>0x11806e20</load_address>
         <run_address>0x11806e20</run_address>
         <size>0xa0</size>
         <input_file_ref idref="fl-dc"/>
      </object_component>
      <object_component id="oc-27c">
         <name>.text:__ecpy</name>
         <load_address>0x11806ec0</load_address>
         <run_address>0x11806ec0</run_address>
         <size>0xa0</size>
         <input_file_ref idref="fl-d8"/>
      </object_component>
      <object_component id="oc-27f">
         <name>.text:__fcpy</name>
         <load_address>0x11806f60</load_address>
         <run_address>0x11806f60</run_address>
         <size>0xa0</size>
         <input_file_ref idref="fl-d8"/>
      </object_component>
      <object_component id="oc-285">
         <name>.text:__fixdli</name>
         <load_address>0x11807000</load_address>
         <run_address>0x11807000</run_address>
         <size>0xa0</size>
         <input_file_ref idref="fl-de"/>
      </object_component>
      <object_component id="oc-273">
         <name>.text:__pconv_f</name>
         <load_address>0x118070a0</load_address>
         <run_address>0x118070a0</run_address>
         <size>0xa0</size>
         <input_file_ref idref="fl-d8"/>
      </object_component>
      <object_component id="oc-296">
         <name>.text:_finddevice</name>
         <load_address>0x11807140</load_address>
         <run_address>0x11807140</run_address>
         <size>0xa0</size>
         <input_file_ref idref="fl-eb"/>
      </object_component>
      <object_component id="oc-278">
         <name>.text:_lseek</name>
         <load_address>0x118071e0</load_address>
         <run_address>0x118071e0</run_address>
         <size>0xa0</size>
         <input_file_ref idref="fl-eb"/>
      </object_component>
      <object_component id="oc-23a">
         <name>.text:_memcpy</name>
         <load_address>0x11807280</load_address>
         <run_address>0x11807280</run_address>
         <size>0xa0</size>
         <input_file_ref idref="fl-d5"/>
      </object_component>
      <object_component id="oc-267">
         <name>.text:_write</name>
         <load_address>0x11807320</load_address>
         <run_address>0x11807320</run_address>
         <size>0xa0</size>
         <input_file_ref idref="fl-eb"/>
      </object_component>
      <object_component id="oc-287">
         <name>.text:__fltlid</name>
         <load_address>0x118073c0</load_address>
         <run_address>0x118073c0</run_address>
         <size>0x80</size>
         <input_file_ref idref="fl-df"/>
      </object_component>
      <object_component id="oc-292">
         <name>.text:__llshl</name>
         <load_address>0x11807440</load_address>
         <run_address>0x11807440</run_address>
         <size>0x80</size>
         <input_file_ref idref="fl-e1"/>
      </object_component>
      <object_component id="oc-24d">
         <name>.text:_readmsg</name>
         <load_address>0x118074c0</load_address>
         <run_address>0x118074c0</run_address>
         <size>0x80</size>
         <input_file_ref idref="fl-f0"/>
      </object_component>
      <object_component id="oc-294">
         <name>.text:_unlink</name>
         <load_address>0x11807540</load_address>
         <run_address>0x11807540</run_address>
         <size>0x80</size>
         <input_file_ref idref="fl-eb"/>
      </object_component>
      <object_component id="oc-293">
         <name>.text:__subcull</name>
         <load_address>0x118075c0</load_address>
         <run_address>0x118075c0</run_address>
         <size>0x60</size>
         <input_file_ref idref="fl-dd"/>
      </object_component>
      <object_component id="oc-26c">
         <name>.text:_memccpy</name>
         <load_address>0x11807620</load_address>
         <run_address>0x11807620</run_address>
         <size>0x60</size>
         <input_file_ref idref="fl-ee"/>
      </object_component>
      <object_component id="oc-24c">
         <name>.text:_writemsg</name>
         <load_address>0x11807680</load_address>
         <run_address>0x11807680</run_address>
         <size>0x60</size>
         <input_file_ref idref="fl-f0"/>
      </object_component>
      <object_component id="oc-256">
         <name>.text:___add_dtor</name>
         <load_address>0x118076e0</load_address>
         <run_address>0x118076e0</run_address>
         <size>0x40</size>
         <input_file_ref idref="fl-d3"/>
      </object_component>
      <object_component id="oc-271">
         <name>.text:___isinf</name>
         <load_address>0x11807720</load_address>
         <run_address>0x11807720</run_address>
         <size>0x40</size>
         <input_file_ref idref="fl-d9"/>
      </object_component>
      <object_component id="oc-270">
         <name>.text:___isnan</name>
         <load_address>0x11807760</load_address>
         <run_address>0x11807760</run_address>
         <size>0x40</size>
         <input_file_ref idref="fl-d8"/>
      </object_component>
      <object_component id="oc-289">
         <name>.text:__frcmpyd_div</name>
         <load_address>0x118077a0</load_address>
         <run_address>0x118077a0</run_address>
         <size>0x40</size>
         <input_file_ref idref="fl-e0"/>
      </object_component>
      <object_component id="oc-288">
         <name>.text:__llshru</name>
         <load_address>0x118077e0</load_address>
         <run_address>0x118077e0</run_address>
         <size>0x40</size>
         <input_file_ref idref="fl-e1"/>
      </object_component>
      <object_component id="oc-290">
         <name>.text:__remli</name>
         <load_address>0x11807820</load_address>
         <run_address>0x11807820</run_address>
         <size>0x40</size>
         <input_file_ref idref="fl-dc"/>
      </object_component>
      <object_component id="oc-21c">
         <name>.text</name>
         <load_address>0x11807860</load_address>
         <run_address>0x11807860</run_address>
         <size>0x40</size>
         <input_file_ref idref="fl-3"/>
      </object_component>
      <object_component id="oc-276">
         <name>.text:__negll</name>
         <load_address>0x118078a0</load_address>
         <run_address>0x118078a0</run_address>
         <size>0x20</size>
         <input_file_ref idref="fl-e2"/>
      </object_component>
      <object_component id="oc-232">
         <name>.text:__nop</name>
         <load_address>0x118078c0</load_address>
         <run_address>0x118078c0</run_address>
         <size>0x20</size>
         <input_file_ref idref="fl-d1"/>
      </object_component>
      <object_component id="oc-25e">
         <name>.text:__outc</name>
         <load_address>0x118078e0</load_address>
         <run_address>0x118078e0</run_address>
         <size>0x20</size>
         <input_file_ref idref="fl-d6"/>
      </object_component>
      <object_component id="oc-25c">
         <name>.text:__outs</name>
         <load_address>0x11807900</load_address>
         <run_address>0x11807900</run_address>
         <size>0x20</size>
         <input_file_ref idref="fl-d6"/>
      </object_component>
      <object_component id="oc-245">
         <name>.text:__register_lock</name>
         <load_address>0x11807920</load_address>
         <run_address>0x11807920</run_address>
         <size>0x20</size>
         <input_file_ref idref="fl-d1"/>
      </object_component>
      <object_component id="oc-246">
         <name>.text:__register_unlock</name>
         <load_address>0x11807940</load_address>
         <run_address>0x11807940</run_address>
         <size>0x20</size>
         <input_file_ref idref="fl-d1"/>
      </object_component>
      <object_component id="oc-28f">
         <name>.text:_remove</name>
         <load_address>0x11807960</load_address>
         <run_address>0x11807960</run_address>
         <size>0x20</size>
         <input_file_ref idref="fl-f8"/>
      </object_component>
      <object_component id="oc-57">
         <name>.cinit</name>
         <load_address>0x1180dc60</load_address>
         <run_address>0x1180dc60</run_address>
         <size>0x6ac</size>
         <input_file_ref idref="fl-4"/>
      </object_component>
      <object_component id="oc-73">
         <name>.cinit</name>
         <load_address>0x1180e310</load_address>
         <run_address>0x1180e310</run_address>
         <size>0x26c</size>
         <input_file_ref idref="fl-88"/>
      </object_component>
      <object_component id="oc-125">
         <name>.cinit</name>
         <load_address>0x1180e580</load_address>
         <run_address>0x1180e580</run_address>
         <size>0x1a4</size>
         <input_file_ref idref="fl-b3"/>
      </object_component>
      <object_component id="oc-82">
         <name>.cinit</name>
         <load_address>0x1180e728</load_address>
         <run_address>0x1180e728</run_address>
         <size>0xb0</size>
         <input_file_ref idref="fl-8c"/>
      </object_component>
      <object_component id="oc-15f">
         <name>.cinit</name>
         <load_address>0x1180e7d8</load_address>
         <run_address>0x1180e7d8</run_address>
         <size>0x80</size>
         <input_file_ref idref="fl-c3"/>
      </object_component>
      <object_component id="oc-110">
         <name>.cinit</name>
         <load_address>0x1180e858</load_address>
         <run_address>0x1180e858</run_address>
         <size>0x68</size>
         <input_file_ref idref="fl-af"/>
      </object_component>
      <object_component id="oc-175">
         <name>.cinit</name>
         <load_address>0x1180e8c0</load_address>
         <run_address>0x1180e8c0</run_address>
         <size>0x60</size>
         <input_file_ref idref="fl-c9"/>
      </object_component>
      <object_component id="oc-7c">
         <name>.cinit</name>
         <load_address>0x1180e920</load_address>
         <run_address>0x1180e920</run_address>
         <size>0x5c</size>
         <input_file_ref idref="fl-8b"/>
      </object_component>
      <object_component id="oc-1ac">
         <name>.cinit</name>
         <load_address>0x1180e980</load_address>
         <run_address>0x1180e980</run_address>
         <size>0x5c</size>
         <input_file_ref idref="fl-d7"/>
      </object_component>
      <object_component id="oc-1ea">
         <name>.cinit</name>
         <load_address>0x1180e9e0</load_address>
         <run_address>0x1180e9e0</run_address>
         <size>0x5c</size>
         <input_file_ref idref="fl-eb"/>
      </object_component>
      <object_component id="oc-d0">
         <name>.cinit</name>
         <load_address>0x1180ea40</load_address>
         <run_address>0x1180ea40</run_address>
         <size>0x4c</size>
         <input_file_ref idref="fl-a0"/>
      </object_component>
      <object_component id="oc-14a">
         <name>.cinit</name>
         <load_address>0x1180ea90</load_address>
         <run_address>0x1180ea90</run_address>
         <size>0x4c</size>
         <input_file_ref idref="fl-be"/>
      </object_component>
      <object_component id="oc-fb">
         <name>.cinit</name>
         <load_address>0x1180eae0</load_address>
         <run_address>0x1180eae0</run_address>
         <size>0x3c</size>
         <input_file_ref idref="fl-aa"/>
      </object_component>
      <object_component id="oc-b0">
         <name>.cinit</name>
         <load_address>0x1180eb20</load_address>
         <run_address>0x1180eb20</run_address>
         <size>0x34</size>
         <input_file_ref idref="fl-98"/>
      </object_component>
      <object_component id="oc-9a">
         <name>.cinit</name>
         <load_address>0x1180eb58</load_address>
         <run_address>0x1180eb58</run_address>
         <size>0x2c</size>
         <input_file_ref idref="fl-92"/>
      </object_component>
      <object_component id="oc-1a1">
         <name>.cinit</name>
         <load_address>0x1180eb88</load_address>
         <run_address>0x1180eb88</run_address>
         <size>0x2c</size>
         <input_file_ref idref="fl-d4"/>
      </object_component>
      <object_component id="oc-141">
         <name>.cinit</name>
         <load_address>0x1180ebb8</load_address>
         <run_address>0x1180ebb8</run_address>
         <size>0x24</size>
         <input_file_ref idref="fl-bc"/>
      </object_component>
      <object_component id="oc-f4">
         <name>.cinit</name>
         <load_address>0x1180ebe0</load_address>
         <run_address>0x1180ebe0</run_address>
         <size>0x1c</size>
         <input_file_ref idref="fl-a9"/>
      </object_component>
      <object_component id="oc-16b">
         <name>.cinit</name>
         <load_address>0x1180ec00</load_address>
         <run_address>0x1180ec00</run_address>
         <size>0x1c</size>
         <input_file_ref idref="fl-c6"/>
      </object_component>
      <object_component id="oc-192">
         <name>.cinit</name>
         <load_address>0x1180ec20</load_address>
         <run_address>0x1180ec20</run_address>
         <size>0x1c</size>
         <input_file_ref idref="fl-d1"/>
      </object_component>
      <object_component id="oc-197">
         <name>.cinit</name>
         <load_address>0x1180ec40</load_address>
         <run_address>0x1180ec40</run_address>
         <size>0x1c</size>
         <input_file_ref idref="fl-d2"/>
      </object_component>
      <object_component id="oc-8d">
         <name>.cinit</name>
         <load_address>0x1180ec60</load_address>
         <run_address>0x1180ec60</run_address>
         <size>0x18</size>
         <input_file_ref idref="fl-8f"/>
      </object_component>
      <object_component id="oc-b2">
         <name>.cinit</name>
         <load_address>0x1180ec78</load_address>
         <run_address>0x1180ec78</run_address>
         <size>0xc</size>
         <input_file_ref idref="fl-99"/>
[...]
         <name>_KNL_run</name>
         <value>0x118096e0</value>
         <object_component_ref idref="oc-221"/>
      </symbol>
      <symbol id="sm-98f">
         <name>_LED_isOn</name>
         <value>0x118050ec</value>
         <object_component_ref idref="oc-23c"/>
      </symbol>
      <symbol id="sm-990">
         <name>_LED_toggle</name>
         <value>0x118051ec</value>
         <object_component_ref idref="oc-23c"/>
      </symbol>
      <symbol id="sm-991">
         <name>_LED_turnOn</name>
         <value>0x11805154</value>
         <object_component_ref idref="oc-23c"/>
      </symbol>
      <symbol id="sm-992">
         <name>_LED_turnOff</name>
         <value>0x118051a4</value>
         <object_component_ref idref="oc-23c"/>
      </symbol>
      <symbol id="sm-993">
         <name>_LED_init</name>
         <value>0x118050a0</value>
         <object_component_ref idref="oc-23c"/>
      </symbol>
      <symbol id="sm-997">
         <name>_MEM</name>
         <value>0x11813a14</value>
         <object_component_ref idref="oc-13c"/>
      </symbol>
      <symbol id="sm-9a3">
         <name>_MEM_init</name>
         <value>0x11812440</value>
         <object_component_ref idref="oc-225"/>
      </symbol>
      <symbol id="sm-9af">
         <name>_OBJ_table</name>
         <value>0x118116c8</value>
         <object_component_ref idref="oc-142"/>
      </symbol>
      <symbol id="sm-9b0">
         <name>_OBJ_segtab</name>
         <value>0x11811700</value>
         <object_component_ref idref="oc-142"/>
      </symbol>
      <symbol id="sm-9bc">
         <name>_RTDX_Buffer_ReadCB</name>
         <value>0x11810ea0</value>
         <object_component_ref idref="oc-248"/>
      </symbol>
      <symbol id="sm-9bd">
         <name>RTDX_NORMALIZED_HDR</name>
         <value>0x1</value>
      </symbol>
      <symbol id="sm-9be">
         <name>_RTDX_Buffer_Read</name>
         <value>0x11810f60</value>
         <object_component_ref idref="oc-22a"/>
      </symbol>
      <symbol id="sm-9fe">
         <name>_rtdx_buffer_state</name>
         <value>0x11812a54</value>
         <object_component_ref idref="oc-14b"/>
      </symbol>
      <symbol id="sm-9ff">
         <name>_RTDX_Buffer_WriteCB</name>
         <value>0x118102a0</value>
         <object_component_ref idref="oc-249"/>
      </symbol>
      <symbol id="sm-a00">
         <name>_rtdxNullChanCnt</name>
         <value>0x118139d8</value>
         <object_component_ref idref="oc-148"/>
      </symbol>
      <symbol id="sm-a01">
         <name>_RTDX_writing</name>
         <value>0x11812a60</value>
         <object_component_ref idref="oc-14b"/>
      </symbol>
      <symbol id="sm-a02">
         <name>_RTDX_Buffer_Initialize</name>
         <value>0x11810de0</value>
         <object_component_ref idref="oc-22d"/>
      </symbol>
      <symbol id="sm-a03">
         <name>_RTDX_Buffer_Write</name>
         <value>0x11810f80</value>
         <object_component_ref idref="oc-22b"/>
      </symbol>
      <symbol id="sm-a04">
         <name>_rtdxNullFuncCnt</name>
         <value>0x118139dc</value>
         <object_component_ref idref="oc-148"/>
      </symbol>
      <symbol id="sm-a05">
         <name>_RTDX_Buffer_Size</name>
         <value>0x11810ee0</value>
         <object_component_ref idref="oc-253"/>
      </symbol>
      <symbol id="sm-a0f">
         <name>_RTDX_Mask_IER</name>
         <value>0x11810fa0</value>
         <object_component_ref idref="oc-150"/>
      </symbol>
      <symbol id="sm-a1a">
         <name>_RTDX_memfill</name>
         <value>0x11810f20</value>
         <object_component_ref idref="oc-24a"/>
      </symbol>
      <symbol id="sm-a22">
         <name>_STS_set</name>
         <value>0x1180bbe0</value>
         <object_component_ref idref="oc-156"/>
      </symbol>
      <symbol id="sm-a2f">
         <name>_SYS_abort</name>
         <value>0x1180b9c0</value>
         <object_component_ref idref="oc-243"/>
      </symbol>
      <symbol id="sm-a3e">
         <name>_TSK_timerSem</name>
         <value>0x118116a4</value>
         <object_component_ref idref="oc-160"/>
      </symbol>
      <symbol id="sm-a3f">
         <name>_TSK_nTasks</name>
         <value>0x118139f0</value>
         <object_component_ref idref="oc-15d"/>
      </symbol>
      <symbol id="sm-a40">
         <name>_TSK</name>
         <value>0x118139f8</value>
         <object_component_ref idref="oc-15d"/>
      </symbol>
      <symbol id="sm-a41">
         <name>_TSK_ATTRS</name>
         <value>0x11811668</value>
         <object_component_ref idref="oc-160"/>
      </symbol>
      <symbol id="sm-a42">
         <name>_TSK_pid</name>
         <value>0x118139f4</value>
         <object_component_ref idref="oc-15d"/>
      </symbol>
      <symbol id="sm-a43">
         <name>_TSK_config</name>
         <value>0x11811684</value>
         <object_component_ref idref="oc-160"/>
      </symbol>
      <symbol id="sm-a54">
         <name>_TSK_exit</name>
         <value>0x1180ac40</value>
         <object_component_ref idref="oc-223"/>
      </symbol>
      <symbol id="sm-a62">
         <name>_SYS_exit</name>
         <value>0x1180b460</value>
         <object_component_ref idref="oc-241"/>
      </symbol>
      <symbol id="sm-a6e">
         <name>_SYS_exitStack</name>
         <value>0x11811770</value>
         <object_component_ref idref="oc-16c"/>
      </symbol>
      <symbol id="sm-a6f">
         <name>_SYS_exitStackPtr</name>
         <value>0x11813a04</value>
         <object_component_ref idref="oc-169"/>
      </symbol>
      <symbol id="sm-a70">
         <name>_SYS_exitStackTop</name>
         <value>0x11813a08</value>
         <object_component_ref idref="oc-169"/>
      </symbol>
      <symbol id="sm-a7a">
         <name>_TSK_init</name>
         <value>0x11812500</value>
         <object_component_ref idref="oc-227"/>
      </symbol>
      <symbol id="sm-a8e">
         <name>_TSK_setup</name>
         <value>0x1180a640</value>
         <object_component_ref idref="oc-228"/>
      </symbol>
      <symbol id="sm-aae">
         <name>__MEM_mutex</name>
         <value>0x11811744</value>
         <object_component_ref idref="oc-176"/>
      </symbol>
      <symbol id="sm-aaf">
         <name>__TSK_mutex</name>
         <value>0x1181171c</value>
         <object_component_ref idref="oc-176"/>
      </symbol>
      <symbol id="sm-ab0">
         <name>_TSK_startup</name>
         <value>0x1180b1a4</value>
         <object_component_ref idref="oc-229"/>
      </symbol>
      <symbol id="sm-abd">
         <name>_LCK_pend</name>
         <value>0x1180b620</value>
         <object_component_ref idref="oc-244"/>
      </symbol>
      <symbol id="sm-abe">
         <name>_LCK_post</name>
         <value>0x1180b600</value>
         <object_component_ref idref="oc-244"/>
      </symbol>
      <symbol id="sm-ac7">
         <name>_SEM_pend</name>
         <value>0x1180b900</value>
         <object_component_ref idref="oc-17d"/>
      </symbol>
      <symbol id="sm-adb">
         <name>_SEM_pendEnterKnl</name>
         <value>0x1180a2c0</value>
         <object_component_ref idref="oc-22f"/>
      </symbol>
      <symbol id="sm-ae7">
         <name>_SEM_postBinary</name>
         <value>0x1180b220</value>
         <object_component_ref idref="oc-184"/>
      </symbol>
      <symbol id="sm-ae8">
         <name>_SEM_post</name>
         <value>0x1180b220</value>
         <object_component_ref idref="oc-184"/>
      </symbol>
      <symbol id="sm-af7">
         <name>_SEM_postEnterKnl</name>
         <value>0x1180b3c0</value>
         <object_component_ref idref="oc-231"/>
      </symbol>
      <symbol id="sm-b09">
         <name>__SEM_dopost</name>
         <value>0x1180a4a0</value>
         <object_component_ref idref="oc-22e"/>
      </symbol>
      <symbol id="sm-b1c">
         <name>__auto_init</name>
         <value>0x1180ab00</value>
         <object_component_ref idref="oc-21b"/>
      </symbol>
      <symbol id="sm-b2e">
         <name>__unlock</name>
         <value>0x118117e4</value>
         <object_component_ref idref="oc-193"/>
      </symbol>
      <symbol id="sm-b2f">
         <name>__lock</name>
         <value>0x118117e0</value>
         <object_component_ref idref="oc-193"/>
      </symbol>
      <symbol id="sm-b30">
         <name>__register_lock</name>
         <value>0x11807920</value>
         <object_component_ref idref="oc-245"/>
      </symbol>
      <symbol id="sm-b31">
         <name>__nop</name>
         <value>0x118078c0</value>
         <object_component_ref idref="oc-232"/>
      </symbol>
      <symbol id="sm-b32">
         <name>__register_unlock</name>
         <value>0x11807940</value>
         <object_component_ref idref="oc-246"/>
      </symbol>
      <symbol id="sm-b46">
         <name>_atexit</name>
         <value>0x11806aa0</value>
         <object_component_ref idref="oc-24b"/>
      </symbol>
      <symbol id="sm-b47">
         <name>___atexit_func_id__</name>
         <value>0x118112e8</value>
         <object_component_ref idref="oc-198"/>
      </symbol>
      <symbol id="sm-b5f">
         <name>_dtors</name>
         <value>0x118116c4</value>
         <object_component_ref idref="oc-19d"/>
      </symbol>
      <symbol id="sm-b60">
         <name>_call_dtors</name>
         <value>0x118060a0</value>
         <object_component_ref idref="oc-25b"/>
      </symbol>
      <symbol id="sm-b61">
         <name>___add_dtor</name>
         <value>0x118076e0</value>
         <object_component_ref idref="oc-256"/>
      </symbol>
      <symbol id="sm-b6d">
         <name>___TI_enable_exit_profile_output</name>
         <value>0x118117dc</value>
         <object_component_ref idref="oc-1a2"/>
      </symbol>
      <symbol id="sm-b6e">
         <name>__cleanup_ptr</name>
         <value>0x118117d4</value>
         <object_component_ref idref="oc-1a2"/>
      </symbol>
      <symbol id="sm-b6f">
         <name>__dtors_ptr</name>
         <value>0x118117d8</value>
         <object_component_ref idref="oc-1a2"/>
      </symbol>
      <symbol id="sm-b77">
         <name>_memcpy</name>
         <value>0x11807280</value>
         <object_component_ref idref="oc-23a"/>
      </symbol>
      <symbol id="sm-b8c">
         <name>_printf</name>
         <value>0x11806600</value>
         <object_component_ref idref="oc-258"/>
      </symbol>
      <symbol id="sm-b96">
         <name>__tmpnams</name>
         <value>0x118111a0</value>
         <object_component_ref idref="oc-1ad"/>
      </symbol>
      <symbol id="sm-b97">
         <name>__ft_end</name>
         <value>0x118112e0</value>
         <object_component_ref idref="oc-1ad"/>
      </symbol>
      <symbol id="sm-b98">
         <name>__ftable</name>
         <value>0x11810fc0</value>
         <object_component_ref idref="oc-1ad"/>
      </symbol>
      <symbol id="sm-ca1">
         <name>__printfi</name>
         <value>0x11802760</value>
         <object_component_ref idref="oc-25d"/>
      </symbol>
      <symbol id="sm-cab">
         <name>___isinf</name>
         <value>0x11807720</value>
         <object_component_ref idref="oc-271"/>
      </symbol>
      <symbol id="sm-cbd">
         <name>__divd</name>
         <value>0x11801240</value>
         <object_component_ref idref="oc-280"/>
      </symbol>
      <symbol id="sm-cc6">
         <name>__c6xabi_divu</name>
         <value>0x11806920</value>
         <object_component_ref idref="oc-28a"/>
      </symbol>
      <symbol id="sm-cc7">
         <name>__divu</name>
         <value>0x11806920</value>
         <object_component_ref idref="oc-28a"/>
      </symbol>
      <symbol id="sm-cd7">
         <name>__divul</name>
         <value>0x11805440</value>
         <object_component_ref idref="oc-28b"/>
      </symbol>
      <symbol id="sm-cd8">
         <name>__remli</name>
         <value>0x11807820</value>
         <object_component_ref idref="oc-290"/>
      </symbol>
      <symbol id="sm-cd9">
         <name>__divli</name>
         <value>0x11806e20</value>
         <object_component_ref idref="oc-291"/>
      </symbol>
      <symbol id="sm-ced">
         <name>__subcull</name>
         <value>0x118075c0</value>
         <object_component_ref idref="oc-293"/>
      </symbol>
      <symbol id="sm-cee">
         <name>__divull</name>
         <value>0x11804160</value>
         <object_component_ref idref="oc-28c"/>
      </symbol>
      <symbol id="sm-cfb">
         <name>__fixdli</name>
         <value>0x11807000</value>
         <object_component_ref idref="oc-285"/>
      </symbol>
      <symbol id="sm-d06">
         <name>__fltlid</name>
         <value>0x118073c0</value>
         <object_component_ref idref="oc-287"/>
      </symbol>
      <symbol id="sm-d10">
         <name>__frcmpyd_div</name>
         <value>0x118077a0</value>
         <object_component_ref idref="oc-289"/>
      </symbol>
      <symbol id="sm-d1e">
         <name>__llshl</name>
         <value>0x11807440</value>
         <object_component_ref idref="oc-292"/>
      </symbol>
      <symbol id="sm-d1f">
         <name>__llshru</name>
         <value>0x118077e0</value>
         <object_component_ref idref="oc-288"/>
      </symbol>
      <symbol id="sm-d29">
         <name>__negll</name>
         <value>0x118078a0</value>
         <object_component_ref idref="oc-276"/>
      </symbol>
      <symbol id="sm-d37">
         <name>_atoi</name>
         <value>0x11806360</value>
         <object_component_ref idref="oc-269"/>
      </symbol>
      <symbol id="sm-d3f">
         <name>__ctypes_</name>
         <value>0x11812c10</value>
         <object_component_ref idref="oc-26f"/>
      </symbol>
      <symbol id="sm-d5a">
         <name>_putc</name>
         <value>0x11804a80</value>
         <object_component_ref idref="oc-264"/>
      </symbol>
      <symbol id="sm-d5b">
         <name>_fputc</name>
         <value>0x11804a80</value>
         <object_component_ref idref="oc-264"/>
      </symbol>
      <symbol id="sm-d68">
         <name>__doflush</name>
         <value>0x118069e0</value>
         <object_component_ref idref="oc-266"/>
      </symbol>
      <symbol id="sm-d77">
         <name>__wrt_ok</name>
         <value>0x11805fa0</value>
         <object_component_ref idref="oc-265"/>
      </symbol>
      <symbol id="sm-d99">
         <name>_fputs</name>
         <value>0x11802ba0</value>
         <object_component_ref idref="oc-25f"/>
      </symbol>
      <symbol id="sm-daa">
         <name>_fseek</name>
         <value>0x11805d80</value>
         <object_component_ref idref="oc-26d"/>
      </symbol>
      <symbol id="sm-dee">
         <name>_unlink</name>
         <value>0x11807540</value>
         <object_component_ref idref="oc-294"/>
      </symbol>
      <symbol id="sm-def">
         <name>_lseek</name>
         <value>0x118071e0</value>
         <object_component_ref idref="oc-278"/>
      </symbol>
      <symbol id="sm-df0">
         <name>_close</name>
         <value>0x11806440</value>
         <object_component_ref idref="oc-28e"/>
      </symbol>
      <symbol id="sm-df1">
         <name>_write</name>
         <value>0x11807320</value>
         <object_component_ref idref="oc-267"/>
      </symbol>
      <symbol id="sm-e1a">
         <name>_HOSTopen</name>
         <value>0x118061a0</value>
         <object_component_ref idref="oc-233"/>
      </symbol>
      <symbol id="sm-e1b">
         <name>_HOSTread</name>
         <value>0x11806280</value>
         <object_component_ref idref="oc-235"/>
      </symbol>
      <symbol id="sm-e1c">
         <name>_HOSTrename</name>
         <value>0x118055e0</value>
         <object_component_ref idref="oc-239"/>
      </symbol>
      <symbol id="sm-e1d">
         <name>_HOSTwrite</name>
         <value>0x118067a0</value>
         <object_component_ref idref="oc-236"/>
      </symbol>
      <symbol id="sm-e1e">
         <name>_HOSTlseek</name>
         <value>0x11805ea0</value>
         <object_component_ref idref="oc-237"/>
      </symbol>
      <symbol id="sm-e1f">
         <name>_HOSTunlink</name>
         <value>0x118066e0</value>
         <object_component_ref idref="oc-238"/>
      </symbol>
      <symbol id="sm-e20">
         <name>_HOSTclose</name>
         <value>0x11806ce0</value>
         <object_component_ref idref="oc-234"/>
      </symbol>
      <symbol id="sm-e2d">
         <name>_ltoa</name>
         <value>0x11806b60</value>
         <object_component_ref idref="oc-286"/>
      </symbol>
      <symbol id="sm-e3a">
         <name>_memccpy</name>
         <value>0x11807620</value>
         <object_component_ref idref="oc-26c"/>
      </symbol>
      <symbol id="sm-e45">
         <name>_memset</name>
         <value>0x11806520</value>
         <object_component_ref idref="oc-268"/>
      </symbol>
      <symbol id="sm-e55">
         <name>C$$IO$$</name>
         <value>0x118076d8</value>
         <object_component_ref idref="oc-24c"/>
      </symbol>
      <symbol id="sm-e56">
         <name>__CIOBUF_</name>
         <value>0x1180eec0</value>
         <object_component_ref idref="oc-1fc"/>
      </symbol>
      <symbol id="sm-e57">
         <name>_readmsg</name>
         <value>0x118074c0</value>
         <object_component_ref idref="oc-24d"/>
      </symbol>
      <symbol id="sm-e58">
         <name>_writemsg</name>
         <value>0x11807680</value>
         <object_component_ref idref="oc-24c"/>
      </symbol>
      <symbol id="sm-e6f">
         <name>_setvbuf</name>
         <value>0x11804ea0</value>
         <object_component_ref idref="oc-26e"/>
      </symbol>
      <symbol id="sm-e82">
         <name>__cleanup</name>
         <value>0x11806d80</value>
         <object_component_ref idref="oc-27a"/>
      </symbol>
      <symbol id="sm-e94">
         <name>__closefile</name>
         <value>0x11805b40</value>
         <object_component_ref idref="oc-284"/>
      </symbol>
      <symbol id="sm-eb0">
         <name>_free</name>
         <value>0x118091e0</value>
         <object_component_ref idref="oc-279"/>
      </symbol>
      <symbol id="sm-eb1">
         <name>_calloc</name>
         <value>0x1180940c</value>
         <object_component_ref idref="oc-279"/>
      </symbol>
      <symbol id="sm-eb2">
         <name>_memalign</name>
         <value>0x11809348</value>
         <object_component_ref idref="oc-279"/>
      </symbol>
      <symbol id="sm-eb3">
         <name>_realloc</name>
         <value>0x11809264</value>
         <object_component_ref idref="oc-279"/>
      </symbol>
      <symbol id="sm-eb4">
         <name>_malloc</name>
         <value>0x11809204</value>
         <object_component_ref idref="oc-279"/>
      </symbol>
      <symbol id="sm-ecb">
         <name>_MEM_alloc</name>
         <value>0x11809920</value>
         <object_component_ref idref="oc-283"/>
      </symbol>
      <symbol id="sm-edd">
         <name>_MEM_free</name>
         <value>0x11809d20</value>
         <object_component_ref idref="oc-282"/>
      </symbol>
      <symbol id="sm-ee8">
         <name>_SYS_error</name>
         <value>0x1180b780</value>
         <object_component_ref idref="oc-28d"/>
      </symbol>
      <symbol id="sm-ef2">
         <name>_remove</name>
         <value>0x11807960</value>
         <object_component_ref idref="oc-28f"/>
      </symbol>
   </symbol_table>
</link_info>
