<?xml version="1.0"?>
<link_info>
   <banner>TMS320C6x Linker PC v7.4.16</banner>
   <copyright>Copyright (c) 1996-2015 Texas Instruments Incorporated</copyright>
   <link_time>0x5e57e5d6</link_time>
   <output_file>Lab3_Round3.out</output_file>
   <entry_point>
      <name>_c_int00</name>
      <address>0x11812b80</address>
   </entry_point>
   <input_file_list>
      <input_file id="fl-2">
         <path>.\</path>
         <kind>object</kind>
         <file>framework.obj</file>
         <name>framework.obj</name>
      </input_file>
      <input_file id="fl-3">
         <path>.\</path>
         <kind>object</kind>
         <file>hello.obj</file>
         <name>hello.obj</name>
      </input_file>
      <input_file id="fl-4">
         <path>.\</path>
         <kind>object</kind>
         <file>hellocfg.obj</file>
         <name>hellocfg.obj</name>
      </input_file>
      <input_file id="fl-5">
         <path>.\</path>
         <kind>object</kind>
         <file>hellocfg_c.obj</file>
         <name>hellocfg_c.obj</name>
      </input_file>
      <input_file id="fl-88">
         <path>C:\ti\bios_5_42_02_10\packages\ti\bios\lib\</path>
         <kind>archive</kind>
         <file>bios.a674</file>
         <name>biosdata.o674</name>
      </input_file>
      <input_file id="fl-89">
         <path>C:\ti\bios_5_42_02_10\packages\ti\bios\lib\</path>
         <kind>archive</kind>
         <file>bios.a674</file>
         <name>hwi_disp_asm.o674</name>
      </input_file>
      <input_file id="fl-8a">
         <path>C:\ti\bios_5_42_02_10\packages\ti\bios\lib\</path>
         <kind>archive</kind>
         <file>bios.a674</file>
         <name>idl_stub.o674</name>
      </input_file>
      <input_file id="fl-8b">
         <path>C:\ti\bios_5_42_02_10\packages\ti\bios\lib\</path>
         <kind>archive</kind>
         <file>lnkrtdx.a674</file>
         <name>rtdx.o674</name>
      </input_file>
      <input_file id="fl-8c">
         <path>C:\ti\bios_5_42_02_10\packages\ti\bios\lib\</path>
         <kind>archive</kind>
         <file>bios.a674</file>
         <name>swi.o674</name>
      </input_file>
      <input_file id="fl-8d">
         <path>C:\ti\bios_5_42_02_10\packages\ti\bios\lib\</path>
         <kind>archive</kind>
         <file>bios6748.a674</file>
         <name>clk_gethtime.o674</name>
      </input_file>
      <input_file id="fl-8e">
         <path>C:\ti\bios_5_42_02_10\packages\ti\bios\lib\</path>
         <kind>archive</kind>
         <file>bios.a674</file>
         <name>fxn_c.o674</name>
      </input_file>
      <input_file id="fl-8f">
         <path>C:\ti\bios_5_42_02_10\packages\ti\bios\lib\</path>
         <kind>archive</kind>
         <file>bios.a674</file>
         <name>knl_tick.o674</name>
      </input_file>
      <input_file id="fl-90">
         <path>C:\ti\bios_5_42_02_10\packages\ti\bios\lib\</path>
         <kind>archive</kind>
         <file>bios.a674</file>
         <name>utl_doab.o674</name>
      </input_file>
      <input_file id="fl-91">
         <path>C:\ti\bios_5_42_02_10\packages\ti\bios\lib\</path>
         <kind>archive</kind>
         <file>bios.a674</file>
         <name>utl_doer.o674</name>
      </input_file>
      <input_file id="fl-92">
         <path>C:\ti\bios_5_42_02_10\packages\ti\bios\lib\</path>
         <kind>archive</kind>
         <file>bios.a674</file>
         <name>utl_putc.o674</name>
      </input_file>
      <input_file id="fl-93">
         <path>C:\ti\bios_5_42_02_10\packages\ti\bios\lib\</path>
         <kind>archive</kind>
         <file>bios.a674</file>
         <name>utl_halt.o674</name>
      </input_file>
      <input_file id="fl-94">
         <path>C:\ti\bios_5_42_02_10\packages\ti\bios\lib\</path>
         <kind>archive</kind>
         <file>bios6748.a674</file>
         <name>clk.o674</name>
      </input_file>
      <input_file id="fl-95">
         <path>C:\ti\bios_5_42_02_10\packages\ti\bios\lib\</path>
         <kind>archive</kind>
         <file>bios.a674</file>
         <name>fxn.o674</name>
      </input_file>
      <input_file id="fl-96">
         <path>C:\ti\bios_5_42_02_10\packages\ti\bios\lib\</path>
         <kind>archive</kind>
         <file>bios.a674</file>
         <name>boot.o674</name>
      </input_file>
      <input_file id="fl-97">
         <path>C:\ti\bios_5_42_02_10\packages\ti\bios\lib\</path>
         <kind>archive</kind>
         <file>bios.a674</file>
         <name>trc.o674</name>
      </input_file>
      <input_file id="fl-98">
         <path>C:\ti\bios_5_42_02_10\packages\ti\bios\lib\</path>
         <kind>archive</kind>
         <file>bios.a674</file>
         <name>hwi.o674</name>
      </input_file>
      <input_file id="fl-99">
         <path>C:\ti\bios_5_42_02_10\packages\ti\bios\lib\</path>
         <kind>archive</kind>
         <file>bios.a674</file>
         <name>idl_busy.o674</name>
      </input_file>
      <input_file id="fl-9a">
         <path>C:\ti\bios_5_42_02_10\packages\ti\bios\lib\</path>
         <kind>archive</kind>
         <file>bios6748.a674</file>
         <name>idl_cal.o674</name>
      </input_file>
      <input_file id="fl-9b">
         <path>C:\ti\bios_5_42_02_10\packages\ti\bios\lib\</path>
         <kind>archive</kind>
         <file>bios.a674</file>
         <name>idl.o674</name>
      </input_file>
      <input_file id="fl-9c">
         <path>C:\ti\bios_5_42_02_10\packages\ti\bios\lib\</path>
         <kind>archive</kind>
         <file>bios.a674</file>
         <name>knl_swit.o674</name>
      </input_file>
      <input_file id="fl-9d">
         <path>C:\ti\bios_5_42_02_10\packages\ti\bios\lib\</path>
         <kind>archive</kind>
         <file>bios.a674</file>
         <name>log.o674</name>
      </input_file>
      <input_file id="fl-9e">
         <path>C:\ti\bios_5_42_02_10\packages\ti\bios\lib\</path>
         <kind>archive</kind>
         <file>bios.a674</file>
         <name>pip.o674</name>
      </input_file>
      <input_file id="fl-9f">
         <path>C:\ti\bios_5_42_02_10\packages\ti\bios\lib\</path>
         <kind>archive</kind>
         <file>bios.a674</file>
         <name>prd.o674</name>
      </input_file>
      <input_file id="fl-a0">
         <path>C:\ti\bios_5_42_02_10\packages\ti\bios\lib\</path>
         <kind>archive</kind>
         <file>bios.a674</file>
         <name>rta.o674</name>
      </input_file>
      <input_file id="fl-a1">
         <path>C:\ti\bios_5_42_02_10\packages\ti\bios\lib\</path>
         <kind>archive</kind>
         <file>bios.a674</file>
         <name>rta_andn.o674</name>
      </input_file>
      <input_file id="fl-a2">
         <path>C:\ti\bios_5_42_02_10\packages\ti\bios\lib\</path>
         <kind>archive</kind>
         <file>bios.a674</file>
         <name>sts.o674</name>
      </input_file>
      <input_file id="fl-a3">
         <path>C:\ti\bios_5_42_02_10\packages\ti\bios\lib\</path>
         <kind>archive</kind>
         <file>bios.a674</file>
         <name>clk_data.o674</name>
      </input_file>
      <input_file id="fl-a4">
         <path>C:\ti\bios_5_42_02_10\packages\ti\bios\lib\</path>
         <kind>archive</kind>
         <file>bios.a674</file>
         <name>clk_data2.o674</name>
      </input_file>
      <input_file id="fl-a5">
         <path>C:\ti\bios_5_42_02_10\packages\ti\bios\lib\</path>
         <kind>archive</kind>
         <file>bios6748.a674</file>
         <name>clk_data.o674</name>
      </input_file>
      <input_file id="fl-a6">
         <path>C:\ti\bios_5_42_02_10\packages\ti\bios\lib\</path>
         <kind>archive</kind>
         <file>bios6748.a674</file>
         <name>clk_meas.o674</name>
      </input_file>
      <input_file id="fl-a7">
         <path>C:\Users\szb15138\Downloads\c6748\c6748\bsl\lib\</path>
         <kind>archive</kind>
         <file>evmc6748_bsl.lib</file>
         <name>evmc6748_dip.obj</name>
      </input_file>
      <input_file id="fl-a8">
         <path>C:\Users\szb15138\Downloads\c6748\c6748\bsl\lib\</path>
         <kind>archive</kind>
         <file>evmc6748_bsl.lib</file>
         <name>evmc6748.obj</name>
      </input_file>
      <input_file id="fl-a9">
         <path>C:\ti\bios_5_42_02_10\packages\ti\bios\lib\</path>
         <kind>archive</kind>
         <file>bios.a674</file>
         <name>exc_asm.o674</name>
      </input_file>
      <input_file id="fl-aa">
         <path>C:\ti\bios_5_42_02_10\packages\ti\bios\lib\</path>
         <kind>archive</kind>
         <file>bios.a674</file>
         <name>exc.o674</name>
      </input_file>
      <input_file id="fl-ab">
         <path>C:\ti\bios_5_42_02_10\packages\ti\bios\lib\</path>
         <kind>archive</kind>
         <file>bios.a674</file>
         <name>gbl_cacheinit64P.o674</name>
      </input_file>
      <input_file id="fl-ac">
         <path>C:\ti\bios_5_42_02_10\packages\ti\bios\lib\</path>
         <kind>archive</kind>
         <file>bios6748.a674</file>
         <name>bcache_init.o674</name>
      </input_file>
      <input_file id="fl-ad">
         <path>C:\ti\bios_5_42_02_10\packages\ti\bios\lib\</path>
         <kind>archive</kind>
         <file>bios.a674</file>
         <name>gbl_vers.o674</name>
      </input_file>
      <input_file id="fl-ae">
         <path>C:\Users\szb15138\Downloads\c6748\c6748\bsl\lib\</path>
         <kind>archive</kind>
         <file>evmc6748_bsl.lib</file>
         <name>evmc6748_gpio.obj</name>
      </input_file>
      <input_file id="fl-af">
         <path>C:\ti\bios_5_42_02_10\packages\ti\rtdx\lib\c6000\</path>
         <kind>archive</kind>
         <file>rtdx64xplus.lib</file>
         <name>rtdx_mon.o64P</name>
      </input_file>
      <input_file id="fl-b0">
         <path>C:\ti\bios_5_42_02_10\packages\ti\bios\lib\</path>
         <kind>archive</kind>
         <file>bios.a674</file>
         <name>hwi_c.o674</name>
      </input_file>
      <input_file id="fl-b1">
         <path>C:\Users\szb15138\Downloads\c6748\c6748\bsl\lib\</path>
         <kind>archive</kind>
         <file>evmc6748_bsl.lib</file>
         <name>evmc6748_i2c_gpio.obj</name>
      </input_file>
      <input_file id="fl-b2">
         <path>C:\Users\szb15138\Downloads\c6748\c6748\bsl\lib\</path>
         <kind>archive</kind>
         <file>evmc6748_bsl.lib</file>
         <name>evmc6748_i2c.obj</name>
      </input_file>
      <input_file id="fl-b3">
         <path>C:\ti\bios_5_42_02_10\packages\ti\bios\lib\</path>
         <kind>archive</kind>
         <file>bios.a674</file>
         <name>knl.o674</name>
      </input_file>
      <input_file id="fl-b4">
         <path>C:\ti\bios_5_42_02_10\packages\ti\bios\lib\</path>
         <kind>archive</kind>
         <file>bios.a674</file>
         <name>knl_exit.o674</name>
      </input_file>
      <input_file id="fl-b5">
         <path>C:\ti\bios_5_42_02_10\packages\ti\bios\lib\</path>
         <kind>archive</kind>
         <file>bios.a674</file>
         <name>knl_chec.o674</name>
      </input_file>
      <input_file id="fl-b6">
         <path>C:\ti\bios_5_42_02_10\packages\ti\bios\lib\</path>
         <kind>archive</kind>
         <file>bios.a674</file>
         <name>knl_post.o674</name>
      </input_file>
      <input_file id="fl-b7">
         <path>C:\ti\bios_5_42_02_10\packages\ti\bios\lib\</path>
         <kind>archive</kind>
         <file>bios.a674</file>
         <name>knl_ipos.o674</name>
      </input_file>
      <input_file id="fl-b8">
         <path>C:\ti\bios_5_42_02_10\packages\ti\bios\lib\</path>
         <kind>archive</kind>
         <file>bios.a674</file>
         <name>knl_run.o674</name>
      </input_file>
      <input_file id="fl-b9">
         <path>C:\Users\szb15138\Downloads\c6748\c6748\bsl\lib\</path>
         <kind>archive</kind>
         <file>evmc6748_bsl.lib</file>
         <name>evmc6748_led.obj</name>
      </input_file>
      <input_file id="fl-ba">
         <path>C:\ti\bios_5_42_02_10\packages\ti\bios\lib\</path>
         <kind>archive</kind>
         <file>bios.a674</file>
         <name>mem_asm.o674</name>
      </input_file>
      <input_file id="fl-bb">
         <path>C:\ti\bios_5_42_02_10\packages\ti\bios\lib\</path>
         <kind>archive</kind>
         <file>bios.a674</file>
         <name>mem_init.o674</name>
      </input_file>
      <input_file id="fl-bc">
         <path>C:\ti\bios_5_42_02_10\packages\ti\bios\lib\</path>
         <kind>archive</kind>
         <file>bios.a674</file>
         <name>obj_init.o674</name>
      </input_file>
      <input_file id="fl-bd">
         <path>C:\ti\bios_5_42_02_10\packages\ti\rtdx\lib\c6000\</path>
         <kind>archive</kind>
         <file>rtdx64xplus.lib</file>
         <name>buffer2.o64P</name>
      </input_file>
      <input_file id="fl-be">
         <path>C:\ti\bios_5_42_02_10\packages\ti\rtdx\lib\c6000\</path>
         <kind>archive</kind>
         <file>rtdx64xplus.lib</file>
         <name>buffer1.o64P</name>
      </input_file>
      <input_file id="fl-bf">
         <path>C:\ti\bios_5_42_02_10\packages\ti\rtdx\lib\c6000\</path>
         <kind>archive</kind>
         <file>rtdx64xplus.lib</file>
         <name>intr_tgt.o64P</name>
      </input_file>
      <input_file id="fl-c0">
         <path>C:\ti\bios_5_42_02_10\packages\ti\rtdx\lib\c6000\</path>
         <kind>archive</kind>
         <file>rtdx64xplus.lib</file>
         <name>memfill.o64P</name>
      </input_file>
      <input_file id="fl-c1">
         <path>C:\ti\bios_5_42_02_10\packages\ti\bios\lib\</path>
         <kind>archive</kind>
         <file>bios.a674</file>
         <name>sts_set.o674</name>
      </input_file>
      <input_file id="fl-c2">
         <path>C:\ti\bios_5_42_02_10\packages\ti\bios\lib\</path>
         <kind>archive</kind>
         <file>bios.a674</file>
         <name>sys_abor.o674</name>
      </input_file>
      <input_file id="fl-c3">
         <path>C:\ti\bios_5_42_02_10\packages\ti\bios\lib\</path>
         <kind>archive</kind>
         <file>bios.a674</file>
         <name>tsk.o674</name>
      </input_file>
      <input_file id="fl-c4">
         <path>C:\ti\bios_5_42_02_10\packages\ti\bios\lib\</path>
         <kind>archive</kind>
         <file>bios.a674</file>
         <name>tsk_exit.o674</name>
      </input_file>
      <input_file id="fl-c5">
         <path>C:\ti\bios_5_42_02_10\packages\ti\bios\lib\</path>
         <kind>archive</kind>
         <file>bios.a674</file>
         <name>sys_exit.o674</name>
      </input_file>
      <input_file id="fl-c6">
         <path>C:\ti\bios_5_42_02_10\packages\ti\bios\lib\</path>
         <kind>archive</kind>
         <file>bios.a674</file>
         <name>sys.o674</name>
      </input_file>
      <input_file id="fl-c7">
         <path>C:\ti\bios_5_42_02_10\packages\ti\bios\lib\</path>
         <kind>archive</kind>
         <file>bios.a674</file>
         <name>tsk_init.o674</name>
      </input_file>
      <input_file id="fl-c8">
         <path>C:\ti\bios_5_42_02_10\packages\ti\bios\lib\</path>
         <kind>archive</kind>
         <file>bios.a674</file>
         <name>tsk_setu.o674</name>
      </input_file>
      <input_file id="fl-c9">
         <path>C:\ti\bios_5_42_02_10\packages\ti\bios\lib\</path>
         <kind>archive</kind>
         <file>bios.a674</file>
         <name>tsk_stup.o674</name>
      </input_file>
      <input_file id="fl-ca">
         <path>C:\ti\bios_5_42_02_10\packages\ti\bios\lib\</path>
         <kind>archive</kind>
         <file>bios.a674</file>
         <name>lck.o674</name>
      </input_file>
      <input_file id="fl-cb">
         <path>C:\ti\bios_5_42_02_10\packages\ti\bios\lib\</path>
         <kind>archive</kind>
         <file>bios.a674</file>
         <name>sem_pend_counting.o674</name>
      </input_file>
      <input_file id="fl-cc">
         <path>C:\ti\bios_5_42_02_10\packages\ti\bios\lib\</path>
         <kind>archive</kind>
         <file>bios.a674</file>
         <name>sem_pend.o674</name>
      </input_file>
      <input_file id="fl-cd">
         <path>C:\ti\bios_5_42_02_10\packages\ti\bios\lib\</path>
         <kind>archive</kind>
         <file>bios.a674</file>
         <name>sem_post_asm.o674</name>
      </input_file>
      <input_file id="fl-ce">
         <path>C:\ti\bios_5_42_02_10\packages\ti\bios\lib\</path>
         <kind>archive</kind>
         <file>bios.a674</file>
         <name>sem_post.o674</name>
      </input_file>
      <input_file id="fl-cf">
         <path>C:\ti\bios_5_42_02_10\packages\ti\bios\lib\</path>
         <kind>archive</kind>
         <file>bios.a674</file>
         <name>sem_dopo.o674</name>
      </input_file>
      <input_file id="fl-d0">
         <path>C:\ti\bios_5_42_02_10\packages\ti\bios\lib\</path>
         <kind>archive</kind>
         <file>bios.a674</file>
         <name>autoinit.o674</name>
      </input_file>
      <input_file id="fl-d1">
         <path>C:\ti\ccsv6\tools\compiler\c6000_7.4.16\lib\</path>
         <kind>archive</kind>
         <file>rts6740.lib</file>
         <name>divd.obj</name>
      </input_file>
      <input_file id="fl-d2">
         <path>C:\ti\ccsv6\tools\compiler\c6000_7.4.16\lib\</path>
         <kind>archive</kind>
         <file>rts6740.lib</file>
         <name>frcmpyd_div.obj</name>
      </input_file>
      <input_file id="fl-d3">
         <path>C:\ti\ccsv6\tools\compiler\c6000_7.4.16\lib\</path>
         <kind>archive</kind>
         <file>rts6740.lib</file>
         <name>llshift.obj</name>
      </input_file>
      <input_file id="fl-d4">
         <path>C:\ti\ccsv6\tools\compiler\c6000_7.4.16\lib\</path>
         <kind>archive</kind>
         <file>rts6740.lib</file>
         <name>_lock.obj</name>
      </input_file>
      <input_file id="fl-d5">
         <path>C:\ti\ccsv6\tools\compiler\c6000_7.4.16\lib\</path>
         <kind>archive</kind>
         <file>rts6740.lib</file>
         <name>atexit.obj</name>
      </input_file>
      <input_file id="fl-d6">
         <path>C:\ti\ccsv6\tools\compiler\c6000_7.4.16\lib\</path>
         <kind>archive</kind>
         <file>rts6740.lib</file>
         <name>sinit.obj</name>
      </input_file>
      <input_file id="fl-d7">
         <path>C:\ti\ccsv6\tools\compiler\c6000_7.4.16\lib\</path>
         <kind>archive</kind>
         <file>rts6740.lib</file>
         <name>exit.obj</name>
      </input_file>
      <input_file id="fl-d8">
         <path>C:\ti\ccsv6\tools\compiler\c6000_7.4.16\lib\</path>
         <kind>archive</kind>
         <file>rts6740.lib</file>
         <name>memcpy64.obj</name>
      </input_file>
      <input_file id="fl-d9">
         <path>C:\ti\ccsv6\tools\compiler\c6000_7.4.16\lib\</path>
         <kind>archive</kind>
         <file>rts6740.lib</file>
         <name>printf.obj</name>
      </input_file>
      <input_file id="fl-da">
         <path>C:\ti\ccsv6\tools\compiler\c6000_7.4.16\lib\</path>
         <kind>archive</kind>
         <file>rts6740.lib</file>
         <name>defs.obj</name>
      </input_file>
      <input_file id="fl-db">
         <path>C:\ti\ccsv6\tools\compiler\c6000_7.4.16\lib\</path>
         <kind>archive</kind>
         <file>rts6740.lib</file>
         <name>_printfi.obj</name>
      </input_file>
      <input_file id="fl-dc">
         <path>C:\ti\ccsv6\tools\compiler\c6000_7.4.16\lib\</path>
         <kind>archive</kind>
         <file>rts6740.lib</file>
         <name>isinf.obj</name>
      </input_file>
      <input_file id="fl-dd">
         <path>C:\ti\ccsv6\tools\compiler\c6000_7.4.16\lib\</path>
         <kind>archive</kind>
         <file>rts6740.lib</file>
         <name>divu.obj</name>
      </input_file>
      <input_file id="fl-de">
         <path>C:\ti\ccsv6\tools\compiler\c6000_7.4.16\lib\</path>
         <kind>archive</kind>
         <file>rts6740.lib</file>
         <name>imath40.obj</name>
      </input_file>
      <input_file id="fl-df">
         <path>C:\ti\ccsv6\tools\compiler\c6000_7.4.16\lib\</path>
         <kind>archive</kind>
         <file>rts6740.lib</file>
         <name>imath64.obj</name>
      </input_file>
      <input_file id="fl-e0">
         <path>C:\ti\ccsv6\tools\compiler\c6000_7.4.16\lib\</path>
         <kind>archive</kind>
         <file>rts6740.lib</file>
         <name>fixdli.obj</name>
      </input_file>
      <input_file id="fl-e1">
         <path>C:\ti\ccsv6\tools\compiler\c6000_7.4.16\lib\</path>
         <kind>archive</kind>
         <file>rts6740.lib</file>
         <name>fltlid.obj</name>
      </input_file>
      <input_file id="fl-e2">
         <path>C:\ti\ccsv6\tools\compiler\c6000_7.4.16\lib\</path>
         <kind>archive</kind>
         <file>rts6740.lib</file>
         <name>negll.obj</name>
      </input_file>
      <input_file id="fl-e3">
         <path>C:\ti\ccsv6\tools\compiler\c6000_7.4.16\lib\</path>
         <kind>archive</kind>
         <file>rts6740.lib</file>
         <name>atoi.obj</name>
      </input_file>
      <input_file id="fl-e4">
         <path>C:\ti\ccsv6\tools\compiler\c6000_7.4.16\lib\</path>
         <kind>archive</kind>
         <file>rts6740.lib</file>
         <name>ctype.obj</name>
      </input_file>
      <input_file id="fl-e5">
         <path>C:\ti\ccsv6\tools\compiler\c6000_7.4.16\lib\</path>
         <kind>archive</kind>
         <file>rts6740.lib</file>
         <name>fputc.obj</name>
      </input_file>
      <input_file id="fl-e6">
         <path>C:\ti\ccsv6\tools\compiler\c6000_7.4.16\lib\</path>
         <kind>archive</kind>
         <file>rts6740.lib</file>
         <name>fflush.obj</name>
      </input_file>
      <input_file id="fl-e7">
         <path>C:\ti\ccsv6\tools\compiler\c6000_7.4.16\lib\</path>
         <kind>archive</kind>
         <file>rts6740.lib</file>
         <name>_io_perm.obj</name>
      </input_file>
      <input_file id="fl-e8">
         <path>C:\ti\ccsv6\tools\compiler\c6000_7.4.16\lib\</path>
         <kind>archive</kind>
         <file>rts6740.lib</file>
         <name>fputs.obj</name>
      </input_file>
      <input_file id="fl-e9">
         <path>C:\ti\ccsv6\tools\compiler\c6000_7.4.16\lib\</path>
         <kind>archive</kind>
         <file>rts6740.lib</file>
         <name>fseek.obj</name>
      </input_file>
      <input_file id="fl-ea">
         <path>C:\ti\ccsv6\tools\compiler\c6000_7.4.16\lib\</path>
         <kind>archive</kind>
         <file>rts6740.lib</file>
         <name>abs.obj</name>
      </input_file>
      <input_file id="fl-eb">
         <path>C:\ti\ccsv6\tools\compiler\c6000_7.4.16\lib\</path>
         <kind>archive</kind>
         <file>rts6740.lib</file>
         <name>lowlev.obj</name>
      </input_file>
      <input_file id="fl-ec">
         <path>C:\ti\ccsv6\tools\compiler\c6000_7.4.16\lib\</path>
         <kind>archive</kind>
         <file>rts6740.lib</file>
         <name>trgdrv.obj</name>
      </input_file>
      <input_file id="fl-ed">
         <path>C:\ti\ccsv6\tools\compiler\c6000_7.4.16\lib\</path>
         <kind>archive</kind>
         <file>rts6740.lib</file>
         <name>ltoa.obj</name>
      </input_file>
      <input_file id="fl-ee">
         <path>C:\ti\ccsv6\tools\compiler\c6000_7.4.16\lib\</path>
         <kind>archive</kind>
         <file>rts6740.lib</file>
         <name>memccpy.obj</name>
      </input_file>
      <input_file id="fl-ef">
         <path>C:\ti\ccsv6\tools\compiler\c6000_7.4.16\lib\</path>
         <kind>archive</kind>
         <file>rts6740.lib</file>
         <name>memset.obj</name>
      </input_file>
      <input_file id="fl-f0">
         <path>C:\ti\ccsv6\tools\compiler\c6000_7.4.16\lib\</path>
         <kind>archive</kind>
         <file>rts6740.lib</file>
         <name>trgmsg.obj</name>
      </input_file>
      <input_file id="fl-f1">
         <path>C:\ti\ccsv6\tools\compiler\c6000_7.4.16\lib\</path>
         <kind>archive</kind>
         <file>rts6740.lib</file>
         <name>setvbuf.obj</name>
      </input_file>
      <input_file id="fl-f2">
         <path>C:\ti\ccsv6\tools\compiler\c6000_7.4.16\lib\</path>
         <kind>archive</kind>
         <file>rts6740.lib</file>
         <name>fopen.obj</name>
      </input_file>
      <input_file id="fl-f3">
         <path>C:\ti\ccsv6\tools\compiler\c6000_7.4.16\lib\</path>
         <kind>archive</kind>
         <file>rts6740.lib</file>
         <name>fclose.obj</name>
      </input_file>
      <input_file id="fl-f4">
         <path>C:\ti\bios_5_42_02_10\packages\ti\bios\lib\</path>
         <kind>archive</kind>
         <file>bios.a674</file>
         <name>malloc.o674</name>
      </input_file>
      <input_file id="fl-f5">
         <path>C:\ti\bios_5_42_02_10\packages\ti\bios\lib\</path>
         <kind>archive</kind>
         <file>bios.a674</file>
         <name>mem_allo.o674</name>
      </input_file>
      <input_file id="fl-f6">
         <path>C:\ti\bios_5_42_02_10\packages\ti\bios\lib\</path>
         <kind>archive</kind>
         <file>bios.a674</file>
         <name>mem_free.o674</name>
      </input_file>
      <input_file id="fl-f7">
         <path>C:\ti\bios_5_42_02_10\packages\ti\bios\lib\</path>
         <kind>archive</kind>
         <file>bios.a674</file>
         <name>sys_erro.o674</name>
      </input_file>
      <input_file id="fl-f8">
         <path>C:\ti\ccsv6\tools\compiler\c6000_7.4.16\lib\</path>
         <kind>archive</kind>
         <file>rts6740.lib</file>
         <name>remove.obj</name>
      </input_file>
      <input_file id="fl-f9">
         <path>C:\ti\ccsv6\tools\compiler\c6000_7.4.16\lib\</path>
         <kind>archive</kind>
         <file>rts6740.lib</file>
         <name>sin.obj</name>
      </input_file>
      <input_file id="fl-fa">
         <path>C:\ti\ccsv6\tools\compiler\c6000_7.4.16\lib\</path>
         <kind>archive</kind>
         <file>rts6740.lib</file>
         <name>round.obj</name>
      </input_file>
      <input_file id="fl-fb">
         <path>C:\ti\ccsv6\tools\compiler\c6000_7.4.16\lib\</path>
         <kind>archive</kind>
         <file>rts6740.lib</file>
         <name>trunc.obj</name>
      </input_file>
      <input_file id="fl-fc">
         <path>C:\ti\ccsv6\tools\compiler\c6000_7.4.16\lib\</path>
         <kind>archive</kind>
         <file>rts6740.lib</file>
         <name>modf.obj</name>
      </input_file>
   </input_file_list>
   <object_component_list>
      <object_component id="oc-6f">
         <name>.vers</name>
         <load_address>0x0</load_address>
         <run_address>0x0</run_address>
         <size>0x3c</size>
         <input_file_ref idref="fl-4"/>
      </object_component>
      <object_component id="oc-5d">
         <name>.clk</name>
         <uninitialized>true</uninitialized>
         <run_address>0x11814b20</run_address>
         <size>0x8</size>
         <input_file_ref idref="fl-4"/>
      </object_component>
      <object_component id="oc-5e">
         <name>.prd</name>
         <uninitialized>true</uninitialized>
         <run_address>0x11812d60</run_address>
         <size>0x20</size>
         <input_file_ref idref="fl-4"/>
      </object_component>
      <object_component id="oc-66">
         <name>.swi</name>
         <uninitialized>true</uninitialized>
         <run_address>0x118143a8</run_address>
         <size>0x58</size>
         <input_file_ref idref="fl-4"/>
      </object_component>
      <object_component id="oc-67">
         <name>.tsk</name>
         <uninitialized>true</uninitialized>
         <run_address>0x11814348</run_address>
         <size>0x60</size>
         <input_file_ref idref="fl-4"/>
      </object_component>
      <object_component id="oc-6a">
         <name>.idl</name>
         <uninitialized>true</uninitialized>
         <run_address>0x11814ad8</run_address>
         <size>0x10</size>
         <input_file_ref idref="fl-4"/>
      </object_component>
      <object_component id="oc-69">
         <name>.idlcal</name>
         <uninitialized>true</uninitialized>
         <run_address>0x11814ae8</run_address>
         <size>0x10</size>
         <input_file_ref idref="fl-4"/>
      </object_component>
      <object_component id="oc-45">
         <name>.bss</name>
         <uninitialized>true</uninitialized>
         <run_address>0x11814148</run_address>
         <size>0x28</size>
         <input_file_ref idref="fl-4"/>
      </object_component>
      <object_component id="oc-51">
         <name>.bss</name>
         <uninitialized>true</uninitialized>
         <run_address>0x1181420c</run_address>
         <size>0x8</size>
         <input_file_ref idref="fl-3"/>
      </object_component>
      <object_component id="oc-75">
         <name>.bss</name>
         <uninitialized>true</uninitialized>
         <run_address>0x11813f98</run_address>
         <size>0xcc</size>
         <input_file_ref idref="fl-88"/>
      </object_component>
      <object_component id="oc-77">
         <name>.bss</name>
         <uninitialized>true</uninitialized>
         <run_address>0x11813e98</run_address>
         <size>0x100</size>
         <input_file_ref idref="fl-89"/>
      </object_component>
      <object_component id="oc-7e">
         <name>.bss</name>
         <uninitialized>true</uninitialized>
         <run_address>0x118141a8</run_address>
         <size>0x18</size>
         <input_file_ref idref="fl-8b"/>
      </object_component>
      <object_component id="oc-84">
         <name>.bss</name>
         <uninitialized>true</uninitialized>
         <run_address>0x11814064</run_address>
         <size>0x9c</size>
         <input_file_ref idref="fl-8c"/>
      </object_component>
      <object_component id="oc-b2">
         <name>.bss</name>
         <uninitialized>true</uninitialized>
         <run_address>0x11814190</run_address>
         <size>0x18</size>
         <input_file_ref idref="fl-98"/>
      </object_component>
      <object_component id="oc-b4">
         <name>.bss</name>
         <uninitialized>true</uninitialized>
         <run_address>0x11814218</run_address>
         <size>0x4</size>
         <input_file_ref idref="fl-99"/>
      </object_component>
      <object_component id="oc-e0">
         <name>.bss</name>
         <uninitialized>true</uninitialized>
         <run_address>0x118141fc</run_address>
         <size>0x8</size>
         <input_file_ref idref="fl-a3"/>
      </object_component>
      <object_component id="oc-e3">
         <name>.bss</name>
         <uninitialized>true</uninitialized>
         <run_address>0x11814214</run_address>
         <size>0x4</size>
         <input_file_ref idref="fl-a4"/>
      </object_component>
      <object_component id="oc-f6">
         <name>.bss</name>
         <uninitialized>true</uninitialized>
         <run_address>0x11814170</run_address>
         <size>0x20</size>
         <input_file_ref idref="fl-a9"/>
      </object_component>
      <object_component id="oc-fc">
         <name>.bss</name>
         <uninitialized>true</uninitialized>
         <run_address>0x118141c0</run_address>
         <size>0x10</size>
         <input_file_ref idref="fl-aa"/>
      </object_component>
      <object_component id="oc-111">
         <name>.bss</name>
         <uninitialized>true</uninitialized>
         <run_address>0x118141e0</run_address>
         <size>0x10</size>
         <input_file_ref idref="fl-af"/>
      </object_component>
      <object_component id="oc-121">
         <name>.bss</name>
         <uninitialized>true</uninitialized>
         <run_address>0x11814220</run_address>
         <size>0x4</size>
         <input_file_ref idref="fl-b2"/>
      </object_component>
      <object_component id="oc-126">
         <name>.bss</name>
         <uninitialized>true</uninitialized>
         <run_address>0x11814100</run_address>
         <size>0x48</size>
         <input_file_ref idref="fl-b3"/>
      </object_component>
      <object_component id="oc-13f">
         <name>.bss</name>
         <uninitialized>true</uninitialized>
         <run_address>0x1181421c</run_address>
         <size>0x4</size>
         <input_file_ref idref="fl-ba"/>
      </object_component>
      <object_component id="oc-14b">
         <name>.bss</name>
         <uninitialized>true</uninitialized>
         <run_address>0x118141d0</run_address>
         <size>0x10</size>
         <input_file_ref idref="fl-be"/>
      </object_component>
      <object_component id="oc-160">
         <name>.bss</name>
         <uninitialized>true</uninitialized>
         <run_address>0x118141f0</run_address>
         <size>0xc</size>
         <input_file_ref idref="fl-c3"/>
      </object_component>
      <object_component id="oc-16c">
         <name>.bss</name>
         <uninitialized>true</uninitialized>
         <run_address>0x11814204</run_address>
         <size>0x8</size>
         <input_file_ref idref="fl-c6"/>
      </object_component>
      <object_component id="oc-65">
         <name>.hwi_vec</name>
         <load_address>0x11814400</load_address>
         <run_address>0x11814400</run_address>
         <size>0x200</size>
         <input_file_ref idref="fl-4"/>
      </object_component>
      <object_component id="oc-54">
         <name>.far</name>
         <uninitialized>true</uninitialized>
         <run_address>0x1180f270</run_address>
         <size>0x50c</size>
         <input_file_ref idref="fl-3"/>
      </object_component>
      <object_component id="oc-91">
         <name>.far</name>
         <uninitialized>true</uninitialized>
         <run_address>0x1180ffb8</run_address>
         <size>0x10</size>
         <input_file_ref idref="fl-8f"/>
      </object_component>
      <object_component id="oc-9e">
         <name>.far</name>
         <uninitialized>true</uninitialized>
         <run_address>0x1180ffc8</run_address>
         <size>0xc</size>
         <input_file_ref idref="fl-92"/>
      </object_component>
      <object_component id="oc-e7">
         <name>.far</name>
         <uninitialized>true</uninitialized>
         <run_address>0x1180f77c</run_address>
         <size>0x4</size>
         <input_file_ref idref="fl-a5"/>
      </object_component>
      <object_component id="oc-ff">
         <name>.far</name>
         <uninitialized>true</uninitialized>
         <run_address>0x1180ffa8</run_address>
         <size>0x10</size>
         <input_file_ref idref="fl-aa"/>
      </object_component>
      <object_component id="oc-115">
         <name>.far</name>
         <uninitialized>true</uninitialized>
         <run_address>0x1180ff90</run_address>
         <size>0x18</size>
         <input_file_ref idref="fl-af"/>
      </object_component>
      <object_component id="oc-129">
         <name>.far</name>
         <uninitialized>true</uninitialized>
         <run_address>0x1180fd50</run_address>
         <size>0xd8</size>
         <input_file_ref idref="fl-b3"/>
      </object_component>
      <object_component id="oc-145">
         <name>.far</name>
         <uninitialized>true</uninitialized>
         <run_address>0x1180fe88</run_address>
         <size>0x54</size>
         <input_file_ref idref="fl-bc"/>
      </object_component>
      <object_component id="oc-163">
         <name>.far</name>
         <uninitialized>true</uninitialized>
         <run_address>0x1180fe28</run_address>
         <size>0x5c</size>
         <input_file_ref idref="fl-c3"/>
      </object_component>
      <object_component id="oc-16f">
         <name>.far</name>
         <uninitialized>true</uninitialized>
         <run_address>0x1180ff70</run_address>
         <size>0x20</size>
         <input_file_ref idref="fl-c6"/>
      </object_component>
      <object_component id="oc-179">
         <name>.far</name>
         <uninitialized>true</uninitialized>
         <run_address>0x1180fedc</run_address>
         <size>0x50</size>
         <input_file_ref idref="fl-c9"/>
      </object_component>
      <object_component id="oc-19f">
         <name>.far</name>
         <uninitialized>true</uninitialized>
         <run_address>0x1180ffe0</run_address>
         <size>0x8</size>
         <input_file_ref idref="fl-d4"/>
      </object_component>
      <object_component id="oc-1a4">
         <name>.far</name>
         <uninitialized>true</uninitialized>
         <run_address>0x1180faa8</run_address>
         <size>0x188</size>
         <input_file_ref idref="fl-d5"/>
      </object_component>
      <object_component id="oc-1a9">
         <name>.far</name>
         <uninitialized>true</uninitialized>
         <run_address>0x1180fd4c</run_address>
         <size>0x4</size>
         <input_file_ref idref="fl-d6"/>
      </object_component>
      <object_component id="oc-1ae">
         <name>.far</name>
         <uninitialized>true</uninitialized>
         <run_address>0x1180ffd4</run_address>
         <size>0xc</size>
         <input_file_ref idref="fl-d7"/>
      </object_component>
      <object_component id="oc-1b9">
         <name>.far</name>
         <uninitialized>true</uninitialized>
         <run_address>0x1180f780</run_address>
         <size>0x324</size>
         <input_file_ref idref="fl-da"/>
      </object_component>
      <object_component id="oc-1ee">
         <name>.far</name>
         <uninitialized>true</uninitialized>
         <run_address>0x1180fc30</run_address>
         <size>0x11c</size>
         <input_file_ref idref="fl-eb"/>
      </object_component>
      <object_component id="oc-1f2">
         <name>.far</name>
         <uninitialized>true</uninitialized>
         <run_address>0x1180ffe8</run_address>
         <size>0x8</size>
         <input_file_ref idref="fl-ec"/>
      </object_component>
      <object_component id="oc-207">
         <name>.far</name>
         <uninitialized>true</uninitialized>
         <run_address>0x1180faa4</run_address>
         <size>0x4</size>
         <input_file_ref idref="fl-f2"/>
      </object_component>
      <object_component id="oc-220">
         <name>.far</name>
         <uninitialized>true</uninitialized>
         <run_address>0x1180ff30</run_address>
         <size>0x40</size>
         <input_file_ref idref="fl-f9"/>
      </object_component>
      <object_component id="oc-59">
         <name>.mem</name>
         <uninitialized>true</uninitialized>
         <run_address>0x11811ffc</run_address>
         <size>0x4</size>
         <input_file_ref idref="fl-4"/>
      </object_component>
      <object_component id="oc-80">
         <name>.bios</name>
         <load_address>0x11807ec0</load_address>
         <run_address>0x11807ec0</run_address>
         <size>0x5c0</size>
         <input_file_ref idref="fl-8b"/>
      </object_component>
      <object_component id="oc-237">
         <name>.bios</name>
         <load_address>0x11808480</load_address>
         <run_address>0x11808480</run_address>
         <size>0x580</size>
         <input_file_ref idref="fl-aa"/>
      </object_component>
      <object_component id="oc-46">
         <name>.bios</name>
         <load_address>0x11808a00</load_address>
         <run_address>0x11808a00</run_address>
         <size>0x4e0</size>
         <input_file_ref idref="fl-89"/>
      </object_component>
      <object_component id="oc-44">
         <name>.bios</name>
         <load_address>0x11808ee0</load_address>
         <run_address>0x11808ee0</run_address>
         <size>0x4c0</size>
         <input_file_ref idref="fl-8c"/>
      </object_component>
      <object_component id="oc-cf">
         <name>.bios</name>
         <load_address>0x118093a0</load_address>
         <run_address>0x118093a0</run_address>
         <size>0x380</size>
         <input_file_ref idref="fl-9f"/>
      </object_component>
      <object_component id="oc-291">
         <name>.bios</name>
         <load_address>0x11809720</load_address>
         <run_address>0x11809720</run_address>
         <size>0x280</size>
         <input_file_ref idref="fl-f4"/>
      </object_component>
      <object_component id="oc-d4">
         <name>.bios</name>
         <load_address>0x118099a0</load_address>
         <run_address>0x118099a0</run_address>
         <size>0x280</size>
         <input_file_ref idref="fl-a0"/>
      </object_component>
      <object_component id="oc-232">
         <name>.bios</name>
         <load_address>0x11809c20</load_address>
         <run_address>0x11809c20</run_address>
         <size>0x240</size>
         <input_file_ref idref="fl-b8"/>
      </object_component>
      <object_component id="oc-29a">
         <name>.bios:.near</name>
         <load_address>0x11809e60</load_address>
         <run_address>0x11809e60</run_address>
         <size>0x200</size>
         <input_file_ref idref="fl-f5"/>
      </object_component>
      <object_component id="oc-49">
         <name>.bios</name>
         <load_address>0x1180a060</load_address>
         <run_address>0x1180a060</run_address>
         <size>0x200</size>
         <input_file_ref idref="fl-8f"/>
      </object_component>
      <object_component id="oc-299">
         <name>.bios:.near</name>
         <load_address>0x1180a260</load_address>
         <run_address>0x1180a260</run_address>
         <size>0x1e0</size>
         <input_file_ref idref="fl-f6"/>
      </object_component>
      <object_component id="oc-f8">
         <name>.bios</name>
         <load_address>0x1180a440</load_address>
         <run_address>0x1180a440</run_address>
         <size>0x1e0</size>
         <input_file_ref idref="fl-a9"/>
      </object_component>
      <object_component id="oc-cb">
         <name>.bios</name>
         <load_address>0x1180a620</load_address>
         <run_address>0x1180a620</run_address>
         <size>0x1e0</size>
         <input_file_ref idref="fl-9e"/>
      </object_component>
      <object_component id="oc-240">
         <name>.bios</name>
         <load_address>0x1180a800</load_address>
         <run_address>0x1180a800</run_address>
         <size>0x1e0</size>
         <input_file_ref idref="fl-cc"/>
      </object_component>
      <object_component id="oc-23f">
         <name>.bios</name>
         <load_address>0x1180a9e0</load_address>
         <run_address>0x1180a9e0</run_address>
         <size>0x1a0</size>
         <input_file_ref idref="fl-cf"/>
      </object_component>
      <object_component id="oc-239">
         <name>.bios</name>
         <load_address>0x1180ab80</load_address>
         <run_address>0x1180ab80</run_address>
         <size>0x1a0</size>
         <input_file_ref idref="fl-c8"/>
      </object_component>
      <object_component id="oc-a4">
         <name>.bios</name>
         <load_address>0x1180ad20</load_address>
         <run_address>0x1180ad20</run_address>
         <size>0x1a0</size>
         <input_file_ref idref="fl-94"/>
      </object_component>
      <object_component id="oc-c3">
         <name>.bios</name>
         <load_address>0x1180aec0</load_address>
         <run_address>0x1180aec0</run_address>
         <size>0x180</size>
         <input_file_ref idref="fl-9c"/>
      </object_component>
      <object_component id="oc-22c">
         <name>.bios</name>
         <load_address>0x1180b040</load_address>
         <run_address>0x1180b040</run_address>
         <size>0x140</size>
         <input_file_ref idref="fl-d0"/>
      </object_component>
      <object_component id="oc-234">
         <name>.bios</name>
         <load_address>0x1180b180</load_address>
         <run_address>0x1180b180</run_address>
         <size>0x140</size>
         <input_file_ref idref="fl-c4"/>
      </object_component>
      <object_component id="oc-256">
         <name>.bios</name>
         <load_address>0x1180b2c0</load_address>
         <run_address>0x1180b2c0</run_address>
         <size>0x140</size>
         <input_file_ref idref="fl-ac"/>
      </object_component>
      <object_component id="oc-235">
         <name>.bios</name>
         <load_address>0x1180b400</load_address>
         <run_address>0x1180b400</run_address>
         <size>0x120</size>
         <input_file_ref idref="fl-ab"/>
      </object_component>
      <object_component id="oc-12e">
         <name>.bios</name>
         <load_address>0x1180b520</load_address>
         <run_address>0x1180b520</run_address>
         <size>0x120</size>
         <input_file_ref idref="fl-b5"/>
      </object_component>
      <object_component id="oc-23a">
         <name>.bios</name>
         <load_address>0x1180b640</load_address>
         <run_address>0x1180b640</run_address>
         <size>0x120</size>
         <input_file_ref idref="fl-c9"/>
      </object_component>
      <object_component id="oc-187">
         <name>.bios</name>
         <load_address>0x1180b760</load_address>
         <run_address>0x1180b760</run_address>
         <size>0xe0</size>
         <input_file_ref idref="fl-cd"/>
      </object_component>
      <object_component id="oc-233">
         <name>.bios</name>
         <load_address>0x1180b840</load_address>
         <run_address>0x1180b840</run_address>
         <size>0xc0</size>
         <input_file_ref idref="fl-b4"/>
      </object_component>
      <object_component id="oc-242">
         <name>.bios</name>
         <load_address>0x1180b900</load_address>
         <run_address>0x1180b900</run_address>
         <size>0xa0</size>
         <input_file_ref idref="fl-ce"/>
      </object_component>
      <object_component id="oc-255">
         <name>.bios</name>
         <load_address>0x1180b9a0</load_address>
         <run_address>0x1180b9a0</run_address>
         <size>0xa0</size>
         <input_file_ref idref="fl-c5"/>
      </object_component>
      <object_component id="oc-241">
         <name>.bios</name>
         <load_address>0x1180ba40</load_address>
         <run_address>0x1180ba40</run_address>
         <size>0x80</size>
         <input_file_ref idref="fl-b7"/>
      </object_component>
      <object_component id="oc-22e">
         <name>.bios</name>
         <load_address>0x1180bac0</load_address>
         <run_address>0x1180bac0</run_address>
         <size>0x80</size>
         <input_file_ref idref="fl-b6"/>
      </object_component>
      <object_component id="oc-258">
         <name>.bios</name>
         <load_address>0x1180bb40</load_address>
         <run_address>0x1180bb40</run_address>
         <size>0x80</size>
         <input_file_ref idref="fl-ca"/>
      </object_component>
      <object_component id="oc-c7">
         <name>.bios</name>
         <load_address>0x1180bbc0</load_address>
         <run_address>0x1180bbc0</run_address>
         <size>0x80</size>
         <input_file_ref idref="fl-9d"/>
      </object_component>
      <object_component id="oc-ba">
         <name>.bios</name>
         <load_address>0x1180bc40</load_address>
         <run_address>0x1180bc40</run_address>
         <size>0x80</size>
         <input_file_ref idref="fl-9a"/>
      </object_component>
      <object_component id="oc-2a2">
         <name>.bios:.near</name>
         <load_address>0x1180bcc0</load_address>
         <run_address>0x1180bcc0</run_address>
         <size>0x60</size>
         <input_file_ref idref="fl-f7"/>
      </object_component>
      <object_component id="oc-a8">
         <name>.bios</name>
         <load_address>0x1180bd20</load_address>
         <run_address>0x1180bd20</run_address>
         <size>0x60</size>
         <input_file_ref idref="fl-95"/>
      </object_component>
      <object_component id="oc-119">
         <name>.bios</name>
         <load_address>0x1180bd80</load_address>
         <run_address>0x1180bd80</run_address>
         <size>0x60</size>
         <input_file_ref idref="fl-b0"/>
      </object_component>
      <object_component id="oc-b6">
         <name>.bios</name>
         <load_address>0x1180bde0</load_address>
         <run_address>0x1180bde0</run_address>
         <size>0x60</size>
         <input_file_ref idref="fl-99"/>
      </object_component>
      <object_component id="oc-180">
         <name>.bios</name>
         <load_address>0x1180be40</load_address>
         <run_address>0x1180be40</run_address>
         <size>0x60</size>
         <input_file_ref idref="fl-cb"/>
      </object_component>
      <object_component id="oc-dc">
         <name>.bios</name>
         <load_address>0x1180bea0</load_address>
         <run_address>0x1180bea0</run_address>
         <size>0x60</size>
         <input_file_ref idref="fl-a2"/>
      </object_component>
      <object_component id="oc-257">
         <name>.bios</name>
         <load_address>0x1180bf00</load_address>
         <run_address>0x1180bf00</run_address>
         <size>0x60</size>
         <input_file_ref idref="fl-c2"/>
      </object_component>
      <object_component id="oc-e9">
         <name>.bios</name>
         <load_address>0x1180bf60</load_address>
         <run_address>0x1180bf60</run_address>
         <size>0x60</size>
         <input_file_ref idref="fl-a6"/>
      </object_component>
      <object_component id="oc-42">
         <name>.bios</name>
         <load_address>0x1180bfc0</load_address>
         <run_address>0x1180bfc0</run_address>
         <size>0x40</size>
         <input_file_ref idref="fl-8a"/>
      </object_component>
      <object_component id="oc-d8">
         <name>.bios</name>
         <load_address>0x1180c000</load_address>
         <run_address>0x1180c000</run_address>
         <size>0x40</size>
         <input_file_ref idref="fl-a1"/>
      </object_component>
      <object_component id="oc-41">
         <name>.bios</name>
         <load_address>0x1180c040</load_address>
         <run_address>0x1180c040</run_address>
         <size>0x40</size>
         <input_file_ref idref="fl-90"/>
      </object_component>
      <object_component id="oc-48">
         <name>.bios</name>
         <load_address>0x1180c080</load_address>
         <run_address>0x1180c080</run_address>
         <size>0x40</size>
         <input_file_ref idref="fl-92"/>
      </object_component>
      <object_component id="oc-4c">
         <name>.bios</name>
         <load_address>0x1180c0c0</load_address>
         <run_address>0x1180c0c0</run_address>
         <size>0x20</size>
         <input_file_ref idref="fl-8e"/>
      </object_component>
      <object_component id="oc-109">
         <name>.bios</name>
         <load_address>0x1180c0e0</load_address>
         <run_address>0x1180c0e0</run_address>
         <size>0x20</size>
         <input_file_ref idref="fl-ad"/>
      </object_component>
      <object_component id="oc-be">
         <name>.bios</name>
         <load_address>0x1180c100</load_address>
         <run_address>0x1180c100</run_address>
         <size>0x20</size>
         <input_file_ref idref="fl-9b"/>
      </object_component>
      <object_component id="oc-159">
         <name>.bios</name>
         <load_address>0x1180c120</load_address>
         <run_address>0x1180c120</run_address>
         <size>0x20</size>
         <input_file_ref idref="fl-c1"/>
      </object_component>
      <object_component id="oc-4b">
         <name>.bios</name>
         <load_address>0x1180c140</load_address>
         <run_address>0x1180c140</run_address>
         <size>0x20</size>
         <input_file_ref idref="fl-91"/>
      </object_component>
      <object_component id="oc-4a">
         <name>.bios</name>
         <load_address>0x1180c160</load_address>
         <run_address>0x1180c160</run_address>
         <size>0x20</size>
         <input_file_ref idref="fl-93"/>
      </object_component>
      <object_component id="oc-47">
         <name>.bios</name>
         <load_address>0x1180c180</load_address>
         <run_address>0x1180c180</run_address>
         <size>0x20</size>
         <input_file_ref idref="fl-8d"/>
      </object_component>
      <object_component id="oc-1ff">
         <name>.cio</name>
         <uninitialized>true</uninitialized>
         <run_address>0x11814228</run_address>
         <size>0x120</size>
         <input_file_ref idref="fl-f0"/>
      </object_component>
      <object_component id="oc-14f">
         <name>.pinit</name>
         <load_address>0x11814b08</load_address>
         <run_address>0x11814b08</run_address>
         <size>0x4</size>
         <input_file_ref idref="fl-be"/>
      </object_component>
      <object_component id="oc-116">
         <name>.pinit</name>
         <load_address>0x11814b0c</load_address>
         <run_address>0x11814b0c</run_address>
         <size>0x4</size>
         <input_file_ref idref="fl-af"/>
      </object_component>
      <object_component id="oc-5c">
         <name>.sys</name>
         <uninitialized>true</uninitialized>
         <run_address>0x11814af8</run_address>
         <size>0x10</size>
         <input_file_ref idref="fl-4"/>
      </object_component>
      <object_component id="oc-268">
         <name>.text</name>
         <load_address>0x11800000</load_address>
         <run_address>0x11800000</run_address>
         <size>0xc20</size>
         <input_file_ref idref="fl-a8"/>
      </object_component>
      <object_component id="oc-24e">
         <name>.text</name>
         <load_address>0x11800c20</load_address>
         <run_address>0x11800c20</run_address>
         <size>0x620</size>
         <input_file_ref idref="fl-2"/>
      </object_component>
      <object_component id="oc-24c">
         <name>.text:__divd</name>
         <load_address>0x11801240</load_address>
         <run_address>0x11801240</run_address>
         <size>0x5a0</size>
         <input_file_ref idref="fl-d1"/>
      </object_component>
      <object_component id="oc-28d">
         <name>.text:__getarg_diouxp</name>
         <load_address>0x118017e0</load_address>
         <run_address>0x118017e0</run_address>
         <size>0x580</size>
         <input_file_ref idref="fl-db"/>
      </object_component>
      <object_component id="oc-27a">
         <name>.text:__setfield</name>
         <load_address>0x11801d60</load_address>
         <run_address>0x11801d60</run_address>
         <size>0x520</size>
         <input_file_ref idref="fl-db"/>
      </object_component>
      <object_component id="oc-26a">
         <name>.text</name>
         <load_address>0x11802280</load_address>
         <run_address>0x11802280</run_address>
         <size>0x4e0</size>
         <input_file_ref idref="fl-b1"/>
      </object_component>
      <object_component id="oc-275">
         <name>.text:__printfi</name>
         <load_address>0x11802760</load_address>
         <run_address>0x11802760</run_address>
         <size>0x440</size>
         <input_file_ref idref="fl-db"/>
      </object_component>
      <object_component id="oc-277">
         <name>.text:_fputs</name>
         <load_address>0x11802ba0</load_address>
         <run_address>0x11802ba0</run_address>
         <size>0x3a0</size>
         <input_file_ref idref="fl-e8"/>
      </object_component>
      <object_component id="oc-269">
         <name>.text</name>
         <load_address>0x11802f40</load_address>
         <run_address>0x11802f40</run_address>
         <size>0x380</size>
         <input_file_ref idref="fl-ae"/>
      </object_component>
      <object_component id="oc-267">
         <name>.text</name>
         <load_address>0x118032c0</load_address>
         <run_address>0x118032c0</run_address>
         <size>0x380</size>
         <input_file_ref idref="fl-b2"/>
      </object_component>
      <object_component id="oc-282">
         <name>.text:__pproc_fge</name>
         <load_address>0x11803640</load_address>
         <run_address>0x11803640</run_address>
         <size>0x320</size>
         <input_file_ref idref="fl-db"/>
      </object_component>
      <object_component id="oc-279">
         <name>.text:__pproc_fwp</name>
         <load_address>0x11803960</load_address>
         <run_address>0x11803960</run_address>
         <size>0x2c0</size>
         <input_file_ref idref="fl-db"/>
      </object_component>
      <object_component id="oc-293">
         <name>.text:_ecvt</name>
         <load_address>0x11803c20</load_address>
         <run_address>0x11803c20</run_address>
         <size>0x2a0</size>
         <input_file_ref idref="fl-db"/>
      </object_component>
      <object_component id="oc-296">
         <name>.text:_fcvt</name>
         <load_address>0x11803ec0</load_address>
         <run_address>0x11803ec0</run_address>
         <size>0x2a0</size>
         <input_file_ref idref="fl-db"/>
      </object_component>
      <object_component id="oc-24d">
         <name>.text:_sin</name>
         <load_address>0x11804160</load_address>
         <run_address>0x11804160</run_address>
         <size>0x280</size>
         <input_file_ref idref="fl-f9"/>
      </object_component>
      <object_component id="oc-2a1">
         <name>.text:__divull</name>
         <load_address>0x118043e0</load_address>
         <run_address>0x118043e0</run_address>
         <size>0x260</size>
         <input_file_ref idref="fl-df"/>
      </object_component>
      <object_component id="oc-28c">
         <name>.text:__pconv_e</name>
         <load_address>0x11804640</load_address>
         <run_address>0x11804640</run_address>
         <size>0x260</size>
         <input_file_ref idref="fl-db"/>
      </object_component>
      <object_component id="oc-283">
         <name>.text:__pproc_diouxp</name>
         <load_address>0x118048a0</load_address>
         <run_address>0x118048a0</run_address>
         <size>0x240</size>
         <input_file_ref idref="fl-db"/>
      </object_component>
      <object_component id="oc-27b">
         <name>.text:__pproc_str</name>
         <load_address>0x11804ae0</load_address>
         <run_address>0x11804ae0</run_address>
         <size>0x220</size>
         <input_file_ref idref="fl-db"/>
      </object_component>
      <object_component id="oc-27c">
         <name>.text:_fputc</name>
         <load_address>0x11804d00</load_address>
         <run_address>0x11804d00</run_address>
         <size>0x220</size>
         <input_file_ref idref="fl-e5"/>
      </object_component>
      <object_component id="oc-28a">
         <name>.text:__pconv_g</name>
         <load_address>0x11804f20</load_address>
         <run_address>0x11804f20</run_address>
         <size>0x200</size>
         <input_file_ref idref="fl-db"/>
      </object_component>
      <object_component id="oc-286">
         <name>.text:_setvbuf</name>
         <load_address>0x11805120</load_address>
         <run_address>0x11805120</run_address>
         <size>0x200</size>
         <input_file_ref idref="fl-f1"/>
      </object_component>
      <object_component id="oc-250">
         <name>.text</name>
         <load_address>0x11805320</load_address>
         <run_address>0x11805320</run_address>
         <size>0x1e0</size>
         <input_file_ref idref="fl-b9"/>
      </object_component>
      <object_component id="oc-295">
         <name>.text:__mcpy</name>
         <load_address>0x11805500</load_address>
         <run_address>0x11805500</run_address>
         <size>0x1c0</size>
         <input_file_ref idref="fl-db"/>
      </object_component>
      <object_component id="oc-2a0">
         <name>.text:__divul</name>
         <load_address>0x118056c0</load_address>
         <run_address>0x118056c0</run_address>
         <size>0x1a0</size>
         <input_file_ref idref="fl-de"/>
      </object_component>
      <object_component id="oc-22d">
         <name>.text</name>
         <load_address>0x11805860</load_address>
         <run_address>0x11805860</run_address>
         <size>0x1a0</size>
         <input_file_ref idref="fl-3"/>
      </object_component>
      <object_component id="oc-24a">
         <name>.text:_HOSTrename</name>
         <load_address>0x11805a00</load_address>
         <run_address>0x11805a00</run_address>
         <size>0x180</size>
         <input_file_ref idref="fl-ec"/>
      </object_component>
      <object_component id="oc-24f">
         <name>.text</name>
         <load_address>0x11805b80</load_address>
         <run_address>0x11805b80</run_address>
         <size>0x160</size>
         <input_file_ref idref="fl-a7"/>
      </object_component>
      <object_component id="oc-278">
         <name>.text:__pproc_fflags</name>
         <load_address>0x11805ce0</load_address>
         <run_address>0x11805ce0</run_address>
         <size>0x140</size>
         <input_file_ref idref="fl-db"/>
      </object_component>
      <object_component id="oc-2aa">
         <name>.text:_getdevice</name>
         <load_address>0x11805e20</load_address>
         <run_address>0x11805e20</run_address>
         <size>0x140</size>
         <input_file_ref idref="fl-eb"/>
      </object_component>
      <object_component id="oc-29b">
         <name>.text:__closefile</name>
         <load_address>0x11805f60</load_address>
         <run_address>0x11805f60</run_address>
         <size>0x120</size>
         <input_file_ref idref="fl-f3"/>
      </object_component>
      <object_component id="oc-28f">
         <name>.text:__ltostr</name>
         <load_address>0x11806080</load_address>
         <run_address>0x11806080</run_address>
         <size>0x120</size>
         <input_file_ref idref="fl-db"/>
      </object_component>
      <object_component id="oc-285">
         <name>.text:_fseek</name>
         <load_address>0x118061a0</load_address>
         <run_address>0x118061a0</run_address>
         <size>0x120</size>
         <input_file_ref idref="fl-e9"/>
      </object_component>
      <object_component id="oc-248">
         <name>.text:_HOSTlseek</name>
         <load_address>0x118062c0</load_address>
         <run_address>0x118062c0</run_address>
         <size>0x100</size>
         <input_file_ref idref="fl-ec"/>
      </object_component>
      <object_component id="oc-27d">
         <name>.text:__wrt_ok</name>
         <load_address>0x118063c0</load_address>
         <run_address>0x118063c0</run_address>
         <size>0x100</size>
         <input_file_ref idref="fl-e7"/>
      </object_component>
      <object_component id="oc-273">
         <name>.text:_call_dtors</name>
         <load_address>0x118064c0</load_address>
         <run_address>0x118064c0</run_address>
         <size>0x100</size>
         <input_file_ref idref="fl-d6"/>
      </object_component>
      <object_component id="oc-244">
         <name>.text:_HOSTopen</name>
         <load_address>0x118065c0</load_address>
         <run_address>0x118065c0</run_address>
         <size>0xe0</size>
         <input_file_ref idref="fl-ec"/>
      </object_component>
      <object_component id="oc-246">
         <name>.text:_HOSTread</name>
         <load_address>0x118066a0</load_address>
         <run_address>0x118066a0</run_address>
         <size>0xe0</size>
         <input_file_ref idref="fl-ec"/>
      </object_component>
      <object_component id="oc-281">
         <name>.text:_atoi</name>
         <load_address>0x11806780</load_address>
         <run_address>0x11806780</run_address>
         <size>0xe0</size>
         <input_file_ref idref="fl-e3"/>
      </object_component>
      <object_component id="oc-2a3">
         <name>.text:_close</name>
         <load_address>0x11806860</load_address>
         <run_address>0x11806860</run_address>
         <size>0xe0</size>
         <input_file_ref idref="fl-eb"/>
      </object_component>
      <object_component id="oc-280">
         <name>.text:_memset</name>
         <load_address>0x11806940</load_address>
         <run_address>0x11806940</run_address>
         <size>0xe0</size>
         <input_file_ref idref="fl-ef"/>
      </object_component>
      <object_component id="oc-270">
         <name>.text:_printf</name>
         <load_address>0x11806a20</load_address>
         <run_address>0x11806a20</run_address>
         <size>0xe0</size>
         <input_file_ref idref="fl-d9"/>
      </object_component>
      <object_component id="oc-249">
         <name>.text:_HOSTunlink</name>
         <load_address>0x11806b00</load_address>
         <run_address>0x11806b00</run_address>
         <size>0xc0</size>
         <input_file_ref idref="fl-ec"/>
      </object_component>
      <object_component id="oc-247">
         <name>.text:_HOSTwrite</name>
         <load_address>0x11806bc0</load_address>
         <run_address>0x11806bc0</run_address>
         <size>0xc0</size>
         <input_file_ref idref="fl-ec"/>
      </object_component>
      <object_component id="oc-298">
         <name>.text:__div</name>
         <load_address>0x11806c80</load_address>
         <run_address>0x11806c80</run_address>
         <size>0xc0</size>
         <input_file_ref idref="fl-db"/>
      </object_component>
      <object_component id="oc-29f">
         <name>.text:__divu</name>
         <load_address>0x11806d40</load_address>
         <run_address>0x11806d40</run_address>
         <size>0xc0</size>
         <input_file_ref idref="fl-dd"/>
      </object_component>
      <object_component id="oc-27e">
         <name>.text:__doflush</name>
         <load_address>0x11806e00</load_address>
         <run_address>0x11806e00</run_address>
         <size>0xc0</size>
         <input_file_ref idref="fl-e6"/>
      </object_component>
      <object_component id="oc-25f">
         <name>.text:_atexit</name>
         <load_address>0x11806ec0</load_address>
         <run_address>0x11806ec0</run_address>
         <size>0xc0</size>
         <input_file_ref idref="fl-d5"/>
      </object_component>
      <object_component id="oc-29d">
         <name>.text:_ltoa</name>
         <load_address>0x11806f80</load_address>
         <run_address>0x11806f80</run_address>
         <size>0xc0</size>
         <input_file_ref idref="fl-ed"/>
      </object_component>
      <object_component id="oc-25b">
         <name>.text</name>
         <load_address>0x11807040</load_address>
         <run_address>0x11807040</run_address>
         <size>0xc0</size>
         <input_file_ref idref="fl-c9"/>
      </object_component>
      <object_component id="oc-245">
         <name>.text:_HOSTclose</name>
         <load_address>0x11807100</load_address>
         <run_address>0x11807100</run_address>
         <size>0xa0</size>
         <input_file_ref idref="fl-ec"/>
      </object_component>
      <object_component id="oc-292">
         <name>.text:__cleanup</name>
         <load_address>0x118071a0</load_address>
         <run_address>0x118071a0</run_address>
         <size>0xa0</size>
         <input_file_ref idref="fl-f2"/>
      </object_component>
      <object_component id="oc-2a6">
         <name>.text:__divli</name>
         <load_address>0x11807240</load_address>
         <run_address>0x11807240</run_address>
         <size>0xa0</size>
         <input_file_ref idref="fl-de"/>
      </object_component>
      <object_component id="oc-294">
         <name>.text:__ecpy</name>
         <load_address>0x118072e0</load_address>
         <run_address>0x118072e0</run_address>
         <size>0xa0</size>
         <input_file_ref idref="fl-db"/>
      </object_component>
      <object_component id="oc-297">
         <name>.text:__fcpy</name>
         <load_address>0x11807380</load_address>
         <run_address>0x11807380</run_address>
         <size>0xa0</size>
         <input_file_ref idref="fl-db"/>
      </object_component>
      <object_component id="oc-29c">
         <name>.text:__fixdli</name>
         <load_address>0x11807420</load_address>
         <run_address>0x11807420</run_address>
         <size>0xa0</size>
         <input_file_ref idref="fl-e0"/>
      </object_component>
      <object_component id="oc-265">
         <name>.text:__nround</name>
         <load_address>0x118074c0</load_address>
         <run_address>0x118074c0</run_address>
         <size>0xa0</size>
         <input_file_ref idref="fl-fa"/>
      </object_component>
      <object_component id="oc-28b">
         <name>.text:__pconv_f</name>
         <load_address>0x11807560</load_address>
         <run_address>0x11807560</run_address>
         <size>0xa0</size>
         <input_file_ref idref="fl-db"/>
      </object_component>
      <object_component id="oc-2ab">
         <name>.text:_finddevice</name>
         <load_address>0x11807600</load_address>
         <run_address>0x11807600</run_address>
         <size>0xa0</size>
         <input_file_ref idref="fl-eb"/>
      </object_component>
      <object_component id="oc-290">
         <name>.text:_lseek</name>
         <load_address>0x118076a0</load_address>
         <run_address>0x118076a0</run_address>
         <size>0xa0</size>
         <input_file_ref idref="fl-eb"/>
      </object_component>
      <object_component id="oc-24b">
         <name>.text:_memcpy</name>
         <load_address>0x11807740</load_address>
         <run_address>0x11807740</run_address>
         <size>0xa0</size>
         <input_file_ref idref="fl-d8"/>
      </object_component>
      <object_component id="oc-266">
         <name>.text:_modf</name>
         <load_address>0x118077e0</load_address>
         <run_address>0x118077e0</run_address>
         <size>0xa0</size>
         <input_file_ref idref="fl-fc"/>
      </object_component>
      <object_component id="oc-27f">
         <name>.text:_write</name>
         <load_address>0x11807880</load_address>
         <run_address>0x11807880</run_address>
         <size>0xa0</size>
         <input_file_ref idref="fl-eb"/>
      </object_component>
      <object_component id="oc-29e">
         <name>.text:__fltlid</name>
         <load_address>0x11807920</load_address>
         <run_address>0x11807920</run_address>
         <size>0x80</size>
         <input_file_ref idref="fl-e1"/>
      </object_component>
      <object_component id="oc-2a7">
         <name>.text:__llshl</name>
         <load_address>0x118079a0</load_address>
         <run_address>0x118079a0</run_address>
         <size>0x80</size>
         <input_file_ref idref="fl-d3"/>
      </object_component>
      <object_component id="oc-261">
         <name>.text:_readmsg</name>
         <load_address>0x11807a20</load_address>
         <run_address>0x11807a20</run_address>
         <size>0x80</size>
         <input_file_ref idref="fl-f0"/>
      </object_component>
      <object_component id="oc-2a9">
         <name>.text:_unlink</name>
         <load_address>0x11807aa0</load_address>
         <run_address>0x11807aa0</run_address>
         <size>0x80</size>
         <input_file_ref idref="fl-eb"/>
      </object_component>
      <object_component id="oc-2a8">
         <name>.text:__subcull</name>
         <load_address>0x11807b20</load_address>
         <run_address>0x11807b20</run_address>
         <size>0x60</size>
         <input_file_ref idref="fl-df"/>
      </object_component>
      <object_component id="oc-284">
         <name>.text:_memccpy</name>
         <load_address>0x11807b80</load_address>
         <run_address>0x11807b80</run_address>
         <size>0x60</size>
         <input_file_ref idref="fl-ee"/>
      </object_component>
      <object_component id="oc-260">
         <name>.text:_writemsg</name>
         <load_address>0x11807be0</load_address>
         <run_address>0x11807be0</run_address>
         <size>0x60</size>
         <input_file_ref idref="fl-f0"/>
      </object_component>
      <object_component id="oc-26f">
         <name>.text:___add_dtor</name>
         <load_address>0x11807c40</load_address>
         <run_address>0x11807c40</run_address>
         <size>0x40</size>
         <input_file_ref idref="fl-d6"/>
      </object_component>
      <object_component id="oc-289">
         <name>.text:___isinf</name>
         <load_address>0x11807c80</load_address>
         <run_address>0x11807c80</run_address>
         <size>0x40</size>
         <input_file_ref idref="fl-dc"/>
      </object_component>
      <object_component id="oc-288">
         <name>.text:___isnan</name>
         <load_address>0x11807cc0</load_address>
         <run_address>0x11807cc0</run_address>
         <size>0x40</size>
         <input_file_ref idref="fl-db"/>
      </object_component>
      <object_component id="oc-263">
         <name>.text:__frcmpyd_div</name>
         <load_address>0x11807d00</load_address>
         <run_address>0x11807d00</run_address>
         <size>0x40</size>
         <input_file_ref idref="fl-d2"/>
      </object_component>
      <object_component id="oc-262">
         <name>.text:__llshru</name>
         <load_address>0x11807d40</load_address>
         <run_address>0x11807d40</run_address>
         <size>0x40</size>
         <input_file_ref idref="fl-d3"/>
      </object_component>
      <object_component id="oc-2a5">
         <name>.text:__remli</name>
         <load_address>0x11807d80</load_address>
         <run_address>0x11807d80</run_address>
         <size>0x40</size>
         <input_file_ref idref="fl-de"/>
      </object_component>
      <object_component id="oc-28e">
         <name>.text:__negll</name>
         <load_address>0x11807dc0</load_address>
         <run_address>0x11807dc0</run_address>
         <size>0x20</size>
         <input_file_ref idref="fl-e2"/>
      </object_component>
      <object_component id="oc-243">
         <name>.text:__nop</name>
         <load_address>0x11807de0</load_address>
         <run_address>0x11807de0</run_address>
         <size>0x20</size>
         <input_file_ref idref="fl-d4"/>
      </object_component>
      <object_component id="oc-276">
         <name>.text:__outc</name>
         <load_address>0x11807e00</load_address>
         <run_address>0x11807e00</run_address>
         <size>0x20</size>
         <input_file_ref idref="fl-d9"/>
      </object_component>
      <object_component id="oc-274">
         <name>.text:__outs</name>
         <load_address>0x11807e20</load_address>
         <run_address>0x11807e20</run_address>
         <size>0x20</size>
         <input_file_ref idref="fl-d9"/>
      </object_component>
      <object_component id="oc-259">
         <name>.text:__register_lock</name>
         <load_address>0x11807e40</load_address>
         <run_address>0x11807e40</run_address>
         <size>0x20</size>
         <input_file_ref idref="fl-d4"/>
      </object_component>
      <object_component id="oc-25a">
         <name>.text:__register_unlock</name>
         <load_address>0x11807e60</load_address>
         <run_address>0x11807e60</run_address>
         <size>0x20</size>
         <input_file_ref idref="fl-d4"/>
      </object_component>
      <object_component id="oc-264">
         <name>.text:__trunc</name>
         <load_address>0x11807e80</load_address>
         <run_address>0x11807e80</run_address>
         <size>0x20</size>
         <input_file_ref idref="fl-fb"/>
      </object_component>
      <object_component id="oc-2a4">
         <name>.text:_remove</name>
         <load_address>0x11807ea0</load_address>
         <run_address>0x11807ea0</run_address>
         <size>0x20</size>
         <input_file_ref idref="fl-f8"/>
      </object_component>
      <object_component id="oc-5a">
         <name>.cinit</name>
         <load_address>0x1180e1a0</load_address>
         <run_address>0x1180e1a0</run_address>
         <size>0x6c4</size>
         <input_file_ref idref="fl-4"/>
      </object_component>
      <object_component id="oc-76">
         <name>.cinit</name>
         <load_address>0x1180e868</load_address>
         <run_address>0x1180e868</run_address>
         <size>0x26c</size>
         <input_file_ref idref="fl-88"/>
      </object_component>
      <object_component id="oc-128">
         <name>.cinit</name>
         <load_address>0x1180ead8</load_address>
         <run_address>0x1180ead8</run_address>
         <size>0x1a4</size>
         <input_file_ref idref="fl-b3"/>
      </object_component>
      <object_component id="oc-85">
         <name>.cinit</name>
         <load_address>0x1180ec80</load_address>
         <run_address>0x1180ec80</run_address>
         <size>0xb0</size>
         <input_file_ref idref="fl-8c"/>
      </object_component>
      <object_component id="oc-162">
         <name>.cinit</name>
         <load_address>0x1180ed30</load_address>
         <run_address>0x1180ed30</run_address>
         <size>0x80</size>
         <input_file_ref idref="fl-c3"/>
      </object_component>
      <object_component id="oc-113">
         <name>.cinit</name>
         <load_address>0x1180edb0</load_address>
         <run_address>0x1180edb0</run_address>
         <size>0x68</size>
         <input_file_ref idref="fl-af"/>
      </object_component>
      <object_component id="oc-178">
         <name>.cinit</name>
         <load_address>0x1180ee18</load_address>
         <run_address>0x1180ee18</run_address>
         <size>0x60</size>
         <input_file_ref idref="fl-c9"/>
      </object_component>
      <object_component id="oc-7f">
         <name>.cinit</name>
         <load_address>0x1180ee78</load_address>
         <run_address>0x1180ee78</run_address>
         <size>0x5c</size>
         <input_file_ref idref="fl-8b"/>
      </object_component>
      <object_component id="oc-1b8">
         <name>.cinit</name>
         <load_address>0x1180eed8</load_address>
         <run_address>0x1180eed8</run_address>
         <size>0x5c</size>
         <input_file_ref idref="fl-da"/>
      </object_component>
      <object_component id="oc-1ed">
         <name>.cinit</name>
         <load_address>0x1180ef38</load_address>
         <run_address>0x1180ef38</run_address>
         <size>0x5c</size>
         <input_file_ref idref="fl-eb"/>
      </object_component>
      <object_component id="oc-d3">
         <name>.cinit</name>
         <load_address>0x1180ef98</load_address>
         <run_address>0x1180ef98</run_address>
         <size>0x4c</size>
         <input_file_ref idref="fl-a0"/>
      </object_component>
      <object_component id="oc-14d">
         <name>.cinit</name>
         <load_address>0x1180efe8</load_address>
         <run_address>0x1180efe8</run_address>
         <size>0x4c</size>
         <input_file_ref idref="fl-be"/>
      </object_component>
      <object_component id="oc-21f">
         <name>.cinit</name>
         <load_address>0x1180f038</load_address>
[...]
         <name>_LED_turnOff</name>
         <value>0x11805424</value>
         <object_component_ref idref="oc-250"/>
      </symbol>
      <symbol id="sm-9ae">
         <name>_LED_init</name>
         <value>0x11805320</value>
         <object_component_ref idref="oc-250"/>
      </symbol>
      <symbol id="sm-9b2">
         <name>_MEM</name>
         <value>0x1181421c</value>
         <object_component_ref idref="oc-13f"/>
      </symbol>
      <symbol id="sm-9be">
         <name>_MEM_init</name>
         <value>0x11812c40</value>
         <object_component_ref idref="oc-236"/>
      </symbol>
      <symbol id="sm-9ca">
         <name>_OBJ_table</name>
         <value>0x1180fe88</value>
         <object_component_ref idref="oc-145"/>
      </symbol>
      <symbol id="sm-9cb">
         <name>_OBJ_segtab</name>
         <value>0x1180fec0</value>
         <object_component_ref idref="oc-145"/>
      </symbol>
      <symbol id="sm-9d7">
         <name>_RTDX_Buffer_ReadCB</name>
         <value>0x11811ea0</value>
         <object_component_ref idref="oc-25c"/>
      </symbol>
      <symbol id="sm-9d8">
         <name>RTDX_NORMALIZED_HDR</name>
         <value>0x1</value>
      </symbol>
      <symbol id="sm-9d9">
         <name>_RTDX_Buffer_Read</name>
         <value>0x11811f60</value>
         <object_component_ref idref="oc-23b"/>
      </symbol>
      <symbol id="sm-a19">
         <name>_rtdx_buffer_state</name>
         <value>0x11813254</value>
         <object_component_ref idref="oc-14e"/>
      </symbol>
      <symbol id="sm-a1a">
         <name>_RTDX_Buffer_WriteCB</name>
         <value>0x118112a0</value>
         <object_component_ref idref="oc-25d"/>
      </symbol>
      <symbol id="sm-a1b">
         <name>_rtdxNullChanCnt</name>
         <value>0x118141d8</value>
         <object_component_ref idref="oc-14b"/>
      </symbol>
      <symbol id="sm-a1c">
         <name>_RTDX_writing</name>
         <value>0x11813260</value>
         <object_component_ref idref="oc-14e"/>
      </symbol>
      <symbol id="sm-a1d">
         <name>_RTDX_Buffer_Initialize</name>
         <value>0x11811de0</value>
         <object_component_ref idref="oc-23e"/>
      </symbol>
      <symbol id="sm-a1e">
         <name>_RTDX_Buffer_Write</name>
         <value>0x11811f80</value>
         <object_component_ref idref="oc-23c"/>
      </symbol>
      <symbol id="sm-a1f">
         <name>_rtdxNullFuncCnt</name>
         <value>0x118141dc</value>
         <object_component_ref idref="oc-14b"/>
      </symbol>
      <symbol id="sm-a20">
         <name>_RTDX_Buffer_Size</name>
         <value>0x11811ee0</value>
         <object_component_ref idref="oc-26c"/>
      </symbol>
      <symbol id="sm-a2a">
         <name>_RTDX_Mask_IER</name>
         <value>0x11811fa0</value>
         <object_component_ref idref="oc-153"/>
      </symbol>
      <symbol id="sm-a35">
         <name>_RTDX_memfill</name>
         <value>0x11811f20</value>
         <object_component_ref idref="oc-25e"/>
      </symbol>
      <symbol id="sm-a3d">
         <name>_STS_set</name>
         <value>0x1180c120</value>
         <object_component_ref idref="oc-159"/>
      </symbol>
      <symbol id="sm-a4a">
         <name>_SYS_abort</name>
         <value>0x1180bf00</value>
         <object_component_ref idref="oc-257"/>
      </symbol>
      <symbol id="sm-a59">
         <name>_TSK_timerSem</name>
         <value>0x1180fe64</value>
         <object_component_ref idref="oc-163"/>
      </symbol>
      <symbol id="sm-a5a">
         <name>_TSK_nTasks</name>
         <value>0x118141f0</value>
         <object_component_ref idref="oc-160"/>
      </symbol>
      <symbol id="sm-a5b">
         <name>_TSK</name>
         <value>0x118141f8</value>
         <object_component_ref idref="oc-160"/>
      </symbol>
      <symbol id="sm-a5c">
         <name>_TSK_ATTRS</name>
         <value>0x1180fe28</value>
         <object_component_ref idref="oc-163"/>
      </symbol>
      <symbol id="sm-a5d">
         <name>_TSK_pid</name>
         <value>0x118141f4</value>
         <object_component_ref idref="oc-160"/>
      </symbol>
      <symbol id="sm-a5e">
         <name>_TSK_config</name>
         <value>0x1180fe44</value>
         <object_component_ref idref="oc-163"/>
      </symbol>
      <symbol id="sm-a6f">
         <name>_TSK_exit</name>
         <value>0x1180b180</value>
         <object_component_ref idref="oc-234"/>
      </symbol>
      <symbol id="sm-a7d">
         <name>_SYS_exit</name>
         <value>0x1180b9a0</value>
         <object_component_ref idref="oc-255"/>
      </symbol>
      <symbol id="sm-a89">
         <name>_SYS_exitStack</name>
         <value>0x1180ff70</value>
         <object_component_ref idref="oc-16f"/>
      </symbol>
      <symbol id="sm-a8a">
         <name>_SYS_exitStackPtr</name>
         <value>0x11814204</value>
         <object_component_ref idref="oc-16c"/>
      </symbol>
      <symbol id="sm-a8b">
         <name>_SYS_exitStackTop</name>
         <value>0x11814208</value>
         <object_component_ref idref="oc-16c"/>
      </symbol>
      <symbol id="sm-a95">
         <name>_TSK_init</name>
         <value>0x11812d00</value>
         <object_component_ref idref="oc-238"/>
      </symbol>
      <symbol id="sm-aa9">
         <name>_TSK_setup</name>
         <value>0x1180ab80</value>
         <object_component_ref idref="oc-239"/>
      </symbol>
      <symbol id="sm-ac9">
         <name>__MEM_mutex</name>
         <value>0x1180ff04</value>
         <object_component_ref idref="oc-179"/>
      </symbol>
      <symbol id="sm-aca">
         <name>__TSK_mutex</name>
         <value>0x1180fedc</value>
         <object_component_ref idref="oc-179"/>
      </symbol>
      <symbol id="sm-acb">
         <name>_TSK_startup</name>
         <value>0x1180b6e4</value>
         <object_component_ref idref="oc-23a"/>
      </symbol>
      <symbol id="sm-ad8">
         <name>_LCK_pend</name>
         <value>0x1180bb60</value>
         <object_component_ref idref="oc-258"/>
      </symbol>
      <symbol id="sm-ad9">
         <name>_LCK_post</name>
         <value>0x1180bb40</value>
         <object_component_ref idref="oc-258"/>
      </symbol>
      <symbol id="sm-ae2">
         <name>_SEM_pend</name>
         <value>0x1180be40</value>
         <object_component_ref idref="oc-180"/>
      </symbol>
      <symbol id="sm-af6">
         <name>_SEM_pendEnterKnl</name>
         <value>0x1180a800</value>
         <object_component_ref idref="oc-240"/>
      </symbol>
      <symbol id="sm-b02">
         <name>_SEM_postBinary</name>
         <value>0x1180b760</value>
         <object_component_ref idref="oc-187"/>
      </symbol>
      <symbol id="sm-b03">
         <name>_SEM_post</name>
         <value>0x1180b760</value>
         <object_component_ref idref="oc-187"/>
      </symbol>
      <symbol id="sm-b12">
         <name>_SEM_postEnterKnl</name>
         <value>0x1180b900</value>
         <object_component_ref idref="oc-242"/>
      </symbol>
      <symbol id="sm-b24">
         <name>__SEM_dopost</name>
         <value>0x1180a9e0</value>
         <object_component_ref idref="oc-23f"/>
      </symbol>
      <symbol id="sm-b37">
         <name>__auto_init</name>
         <value>0x1180b040</value>
         <object_component_ref idref="oc-22c"/>
      </symbol>
      <symbol id="sm-b49">
         <name>__divd</name>
         <value>0x11801240</value>
         <object_component_ref idref="oc-24c"/>
      </symbol>
      <symbol id="sm-b53">
         <name>__frcmpyd_div</name>
         <value>0x11807d00</value>
         <object_component_ref idref="oc-263"/>
      </symbol>
      <symbol id="sm-b61">
         <name>__llshl</name>
         <value>0x118079a0</value>
         <object_component_ref idref="oc-2a7"/>
      </symbol>
      <symbol id="sm-b62">
         <name>__llshru</name>
         <value>0x11807d40</value>
         <object_component_ref idref="oc-262"/>
      </symbol>
      <symbol id="sm-b74">
         <name>__unlock</name>
         <value>0x1180ffe4</value>
         <object_component_ref idref="oc-19f"/>
      </symbol>
      <symbol id="sm-b75">
         <name>__lock</name>
         <value>0x1180ffe0</value>
         <object_component_ref idref="oc-19f"/>
      </symbol>
      <symbol id="sm-b76">
         <name>__register_lock</name>
         <value>0x11807e40</value>
         <object_component_ref idref="oc-259"/>
      </symbol>
      <symbol id="sm-b77">
         <name>__nop</name>
         <value>0x11807de0</value>
         <object_component_ref idref="oc-243"/>
      </symbol>
      <symbol id="sm-b78">
         <name>__register_unlock</name>
         <value>0x11807e60</value>
         <object_component_ref idref="oc-25a"/>
      </symbol>
      <symbol id="sm-b8c">
         <name>_atexit</name>
         <value>0x11806ec0</value>
         <object_component_ref idref="oc-25f"/>
      </symbol>
      <symbol id="sm-b8d">
         <name>___atexit_func_id__</name>
         <value>0x1180faa8</value>
         <object_component_ref idref="oc-1a4"/>
      </symbol>
      <symbol id="sm-ba5">
         <name>_dtors</name>
         <value>0x1180fd4c</value>
         <object_component_ref idref="oc-1a9"/>
      </symbol>
      <symbol id="sm-ba6">
         <name>_call_dtors</name>
         <value>0x118064c0</value>
         <object_component_ref idref="oc-273"/>
      </symbol>
      <symbol id="sm-ba7">
         <name>___add_dtor</name>
         <value>0x11807c40</value>
         <object_component_ref idref="oc-26f"/>
      </symbol>
      <symbol id="sm-bb3">
         <name>___TI_enable_exit_profile_output</name>
         <value>0x1180ffdc</value>
         <object_component_ref idref="oc-1ae"/>
      </symbol>
      <symbol id="sm-bb4">
         <name>__cleanup_ptr</name>
         <value>0x1180ffd4</value>
         <object_component_ref idref="oc-1ae"/>
      </symbol>
      <symbol id="sm-bb5">
         <name>__dtors_ptr</name>
         <value>0x1180ffd8</value>
         <object_component_ref idref="oc-1ae"/>
      </symbol>
      <symbol id="sm-bbd">
         <name>_memcpy</name>
         <value>0x11807740</value>
         <object_component_ref idref="oc-24b"/>
      </symbol>
      <symbol id="sm-bd2">
         <name>_printf</name>
         <value>0x11806a20</value>
         <object_component_ref idref="oc-270"/>
      </symbol>
      <symbol id="sm-bdc">
         <name>__tmpnams</name>
         <value>0x1180f960</value>
         <object_component_ref idref="oc-1b9"/>
      </symbol>
      <symbol id="sm-bdd">
         <name>__ft_end</name>
         <value>0x1180faa0</value>
         <object_component_ref idref="oc-1b9"/>
      </symbol>
      <symbol id="sm-bde">
         <name>__ftable</name>
         <value>0x1180f780</value>
         <object_component_ref idref="oc-1b9"/>
      </symbol>
      <symbol id="sm-ce7">
         <name>__printfi</name>
         <value>0x11802760</value>
         <object_component_ref idref="oc-275"/>
      </symbol>
      <symbol id="sm-cf1">
         <name>___isinf</name>
         <value>0x11807c80</value>
         <object_component_ref idref="oc-289"/>
      </symbol>
      <symbol id="sm-cfa">
         <name>__c6xabi_divu</name>
         <value>0x11806d40</value>
         <object_component_ref idref="oc-29f"/>
      </symbol>
      <symbol id="sm-cfb">
         <name>__divu</name>
         <value>0x11806d40</value>
         <object_component_ref idref="oc-29f"/>
      </symbol>
      <symbol id="sm-d0b">
         <name>__divul</name>
         <value>0x118056c0</value>
         <object_component_ref idref="oc-2a0"/>
      </symbol>
      <symbol id="sm-d0c">
         <name>__remli</name>
         <value>0x11807d80</value>
         <object_component_ref idref="oc-2a5"/>
      </symbol>
      <symbol id="sm-d0d">
         <name>__divli</name>
         <value>0x11807240</value>
         <object_component_ref idref="oc-2a6"/>
      </symbol>
      <symbol id="sm-d21">
         <name>__subcull</name>
         <value>0x11807b20</value>
         <object_component_ref idref="oc-2a8"/>
      </symbol>
      <symbol id="sm-d22">
         <name>__divull</name>
         <value>0x118043e0</value>
         <object_component_ref idref="oc-2a1"/>
      </symbol>
      <symbol id="sm-d2f">
         <name>__fixdli</name>
         <value>0x11807420</value>
         <object_component_ref idref="oc-29c"/>
      </symbol>
      <symbol id="sm-d3a">
         <name>__fltlid</name>
         <value>0x11807920</value>
         <object_component_ref idref="oc-29e"/>
      </symbol>
      <symbol id="sm-d44">
         <name>__negll</name>
         <value>0x11807dc0</value>
         <object_component_ref idref="oc-28e"/>
      </symbol>
      <symbol id="sm-d52">
         <name>_atoi</name>
         <value>0x11806780</value>
         <object_component_ref idref="oc-281"/>
      </symbol>
      <symbol id="sm-d5a">
         <name>__ctypes_</name>
         <value>0x11813410</value>
         <object_component_ref idref="oc-287"/>
      </symbol>
      <symbol id="sm-d75">
         <name>_putc</name>
         <value>0x11804d00</value>
         <object_component_ref idref="oc-27c"/>
      </symbol>
      <symbol id="sm-d76">
         <name>_fputc</name>
         <value>0x11804d00</value>
         <object_component_ref idref="oc-27c"/>
      </symbol>
      <symbol id="sm-d83">
         <name>__doflush</name>
         <value>0x11806e00</value>
         <object_component_ref idref="oc-27e"/>
      </symbol>
      <symbol id="sm-d92">
         <name>__wrt_ok</name>
         <value>0x118063c0</value>
         <object_component_ref idref="oc-27d"/>
      </symbol>
      <symbol id="sm-db4">
         <name>_fputs</name>
         <value>0x11802ba0</value>
         <object_component_ref idref="oc-277"/>
      </symbol>
      <symbol id="sm-dc5">
         <name>_fseek</name>
         <value>0x118061a0</value>
         <object_component_ref idref="oc-285"/>
      </symbol>
      <symbol id="sm-e09">
         <name>_unlink</name>
         <value>0x11807aa0</value>
         <object_component_ref idref="oc-2a9"/>
      </symbol>
      <symbol id="sm-e0a">
         <name>_lseek</name>
         <value>0x118076a0</value>
         <object_component_ref idref="oc-290"/>
      </symbol>
      <symbol id="sm-e0b">
         <name>_close</name>
         <value>0x11806860</value>
         <object_component_ref idref="oc-2a3"/>
      </symbol>
      <symbol id="sm-e0c">
         <name>_write</name>
         <value>0x11807880</value>
         <object_component_ref idref="oc-27f"/>
      </symbol>
      <symbol id="sm-e35">
         <name>_HOSTopen</name>
         <value>0x118065c0</value>
         <object_component_ref idref="oc-244"/>
      </symbol>
      <symbol id="sm-e36">
         <name>_HOSTread</name>
         <value>0x118066a0</value>
         <object_component_ref idref="oc-246"/>
      </symbol>
      <symbol id="sm-e37">
         <name>_HOSTrename</name>
         <value>0x11805a00</value>
         <object_component_ref idref="oc-24a"/>
      </symbol>
      <symbol id="sm-e38">
         <name>_HOSTwrite</name>
         <value>0x11806bc0</value>
         <object_component_ref idref="oc-247"/>
      </symbol>
      <symbol id="sm-e39">
         <name>_HOSTlseek</name>
         <value>0x118062c0</value>
         <object_component_ref idref="oc-248"/>
      </symbol>
      <symbol id="sm-e3a">
         <name>_HOSTunlink</name>
         <value>0x11806b00</value>
         <object_component_ref idref="oc-249"/>
      </symbol>
      <symbol id="sm-e3b">
         <name>_HOSTclose</name>
         <value>0x11807100</value>
         <object_component_ref idref="oc-245"/>
      </symbol>
      <symbol id="sm-e48">
         <name>_ltoa</name>
         <value>0x11806f80</value>
         <object_component_ref idref="oc-29d"/>
      </symbol>
      <symbol id="sm-e55">
         <name>_memccpy</name>
         <value>0x11807b80</value>
         <object_component_ref idref="oc-284"/>
      </symbol>
      <symbol id="sm-e60">
         <name>_memset</name>
         <value>0x11806940</value>
         <object_component_ref idref="oc-280"/>
      </symbol>
      <symbol id="sm-e70">
         <name>C$$IO$$</name>
         <value>0x11807c38</value>
         <object_component_ref idref="oc-260"/>
      </symbol>
      <symbol id="sm-e71">
         <name>__CIOBUF_</name>
         <value>0x11814228</value>
         <object_component_ref idref="oc-1ff"/>
      </symbol>
      <symbol id="sm-e72">
         <name>_readmsg</name>
         <value>0x11807a20</value>
         <object_component_ref idref="oc-261"/>
      </symbol>
      <symbol id="sm-e73">
         <name>_writemsg</name>
         <value>0x11807be0</value>
         <object_component_ref idref="oc-260"/>
      </symbol>
      <symbol id="sm-e8a">
         <name>_setvbuf</name>
         <value>0x11805120</value>
         <object_component_ref idref="oc-286"/>
      </symbol>
      <symbol id="sm-e9d">
         <name>__cleanup</name>
         <value>0x118071a0</value>
         <object_component_ref idref="oc-292"/>
      </symbol>
      <symbol id="sm-eaf">
         <name>__closefile</name>
         <value>0x11805f60</value>
         <object_component_ref idref="oc-29b"/>
      </symbol>
      <symbol id="sm-ecb">
         <name>_free</name>
         <value>0x11809720</value>
         <object_component_ref idref="oc-291"/>
      </symbol>
      <symbol id="sm-ecc">
         <name>_calloc</name>
         <value>0x1180994c</value>
         <object_component_ref idref="oc-291"/>
      </symbol>
      <symbol id="sm-ecd">
         <name>_memalign</name>
         <value>0x11809888</value>
         <object_component_ref idref="oc-291"/>
      </symbol>
      <symbol id="sm-ece">
         <name>_realloc</name>
         <value>0x118097a4</value>
         <object_component_ref idref="oc-291"/>
      </symbol>
      <symbol id="sm-ecf">
         <name>_malloc</name>
         <value>0x11809744</value>
         <object_component_ref idref="oc-291"/>
      </symbol>
      <symbol id="sm-ee6">
         <name>_MEM_alloc</name>
         <value>0x11809e60</value>
         <object_component_ref idref="oc-29a"/>
      </symbol>
      <symbol id="sm-ef8">
         <name>_MEM_free</name>
         <value>0x1180a260</value>
         <object_component_ref idref="oc-299"/>
      </symbol>
      <symbol id="sm-f03">
         <name>_SYS_error</name>
         <value>0x1180bcc0</value>
         <object_component_ref idref="oc-2a2"/>
      </symbol>
      <symbol id="sm-f0d">
         <name>_remove</name>
         <value>0x11807ea0</value>
         <object_component_ref idref="oc-2a4"/>
      </symbol>
      <symbol id="sm-f22">
         <name>_sin</name>
         <value>0x11804160</value>
         <object_component_ref idref="oc-24d"/>
      </symbol>
      <symbol id="sm-f2c">
         <name>__nround</name>
         <value>0x118074c0</value>
         <object_component_ref idref="oc-265"/>
      </symbol>
      <symbol id="sm-f36">
         <name>__trunc</name>
         <value>0x11807e80</value>
         <object_component_ref idref="oc-264"/>
      </symbol>
      <symbol id="sm-f42">
         <name>_modf</name>
         <value>0x118077e0</value>
         <object_component_ref idref="oc-266"/>
      </symbol>
   </symbol_table>
</link_info>
