******************************************************************************
               TMS320C6x Linker PC v7.4.16                     
******************************************************************************
>> Linked Thu Feb 27 15:52:54 2020

OUTPUT FILE NAME:   <Lab3_Round3.out>
ENTRY POINT SYMBOL: "_c_int00"  address: 11812b80


MEMORY CONFIGURATION

         name            origin    length      used     unused   attr    fill
----------------------  --------  ---------  --------  --------  ----  --------
  IRAM                  11800000   00040000  00014b19  0002b4e7  RWIX
  CACHE_L1P             11e00000   00008000  00000000  00008000  RWIX
  CACHE_L1D             11f00000   00008000  00000000  00008000  RWIX
  L3_CBA_RAM            80000000   00020000  00000000  00020000  RWIX
  DDR                   c3000000   01000000  00000000  01000000  RWIX


SECTION ALLOCATION MAP

 output                                  attributes/
section   page    origin      length       input sections
--------  ----  ----------  ----------   ----------------
.vers      0    00000000    0000003c     COPY SECTION
                  00000000    0000003c     hellocfg.obj (.vers)

.data      0    11800000    00000000     UNINITIALIZED

.text      0    11800000    00007ec0     
                  11800000    00000c20     evmc6748_bsl.lib : evmc6748.obj (.text)
                  11800c20    00000620     framework.obj (.text)
                  11801240    000005a0     rts6740.lib : divd.obj (.text:__divd)
                  118017e0    00000580                 : _printfi.obj (.text:__getarg_diouxp)
                  11801d60    00000520                 : _printfi.obj (.text:__setfield)
                  11802280    000004e0     evmc6748_bsl.lib : evmc6748_i2c_gpio.obj (.text)
                  11802760    00000440     rts6740.lib : _printfi.obj (.text:__printfi)
                  11802ba0    000003a0                 : fputs.obj (.text:_fputs)
                  11802f40    00000380     evmc6748_bsl.lib : evmc6748_gpio.obj (.text)
                  118032c0    00000380                      : evmc6748_i2c.obj (.text)
                  11803640    00000320     rts6740.lib : _printfi.obj (.text:__pproc_fge)
                  11803960    000002c0                 : _printfi.obj (.text:__pproc_fwp)
                  11803c20    000002a0                 : _printfi.obj (.text:_ecvt)
                  11803ec0    000002a0                 : _printfi.obj (.text:_fcvt)
                  11804160    00000280                 : sin.obj (.text:_sin)
                  118043e0    00000260                 : imath64.obj (.text:__divull)
                  11804640    00000260                 : _printfi.obj (.text:__pconv_e)
                  118048a0    00000240                 : _printfi.obj (.text:__pproc_diouxp)
                  11804ae0    00000220                 : _printfi.obj (.text:__pproc_str)
                  11804d00    00000220                 : fputc.obj (.text:_fputc)
                  11804f20    00000200                 : _printfi.obj (.text:__pconv_g)
                  11805120    00000200                 : setvbuf.obj (.text:_setvbuf)
                  11805320    000001e0     evmc6748_bsl.lib : evmc6748_led.obj (.text)
                  11805500    000001c0     rts6740.lib : _printfi.obj (.text:__mcpy)
                  118056c0    000001a0                 : imath40.obj (.text:__divul)
                  11805860    000001a0     hello.obj (.text)
                  11805a00    00000180     rts6740.lib : trgdrv.obj (.text:_HOSTrename)
                  11805b80    00000160     evmc6748_bsl.lib : evmc6748_dip.obj (.text)
                  11805ce0    00000140     rts6740.lib : _printfi.obj (.text:__pproc_fflags)
                  11805e20    00000140                 : lowlev.obj (.text:_getdevice)
                  11805f60    00000120                 : fclose.obj (.text:__closefile)
                  11806080    00000120                 : _printfi.obj (.text:__ltostr)
                  118061a0    00000120                 : fseek.obj (.text:_fseek)
                  118062c0    00000100                 : trgdrv.obj (.text:_HOSTlseek)
                  118063c0    00000100                 : _io_perm.obj (.text:__wrt_ok)
                  118064c0    00000100                 : sinit.obj (.text:_call_dtors)
                  118065c0    000000e0                 : trgdrv.obj (.text:_HOSTopen)
                  118066a0    000000e0                 : trgdrv.obj (.text:_HOSTread)
                  11806780    000000e0                 : atoi.obj (.text:_atoi)
                  11806860    000000e0                 : lowlev.obj (.text:_close)
                  11806940    000000e0                 : memset.obj (.text:_memset)
                  11806a20    000000e0                 : printf.obj (.text:_printf)
                  11806b00    000000c0                 : trgdrv.obj (.text:_HOSTunlink)
                  11806bc0    000000c0                 : trgdrv.obj (.text:_HOSTwrite)
                  11806c80    000000c0                 : _printfi.obj (.text:__div)
                  11806d40    000000c0                 : divu.obj (.text:__divu)
                  11806e00    000000c0                 : fflush.obj (.text:__doflush)
                  11806ec0    000000c0                 : atexit.obj (.text:_atexit)
                  11806f80    000000c0                 : ltoa.obj (.text:_ltoa)
                  11807040    000000c0     bios.a674 : tsk_stup.o674 (.text)
                  11807100    000000a0     rts6740.lib : trgdrv.obj (.text:_HOSTclose)
                  118071a0    000000a0                 : fopen.obj (.text:__cleanup)
                  11807240    000000a0                 : imath40.obj (.text:__divli)
                  118072e0    000000a0                 : _printfi.obj (.text:__ecpy)
                  11807380    000000a0                 : _printfi.obj (.text:__fcpy)
                  11807420    000000a0                 : fixdli.obj (.text:__fixdli)
                  118074c0    000000a0                 : round.obj (.text:__nround)
                  11807560    000000a0                 : _printfi.obj (.text:__pconv_f)
                  11807600    000000a0                 : lowlev.obj (.text:_finddevice)
                  118076a0    000000a0                 : lowlev.obj (.text:_lseek)
                  11807740    000000a0                 : memcpy64.obj (.text:_memcpy)
                  118077e0    000000a0                 : modf.obj (.text:_modf)
                  11807880    000000a0                 : lowlev.obj (.text:_write)
                  11807920    00000080                 : fltlid.obj (.text:__fltlid)
                  118079a0    00000080                 : llshift.obj (.text:__llshl)
                  11807a20    00000080                 : trgmsg.obj (.text:_readmsg)
                  11807aa0    00000080                 : lowlev.obj (.text:_unlink)
                  11807b20    00000060                 : imath64.obj (.text:__subcull)
                  11807b80    00000060                 : memccpy.obj (.text:_memccpy)
                  11807be0    00000060                 : trgmsg.obj (.text:_writemsg)
                  11807c40    00000040                 : sinit.obj (.text:___add_dtor)
                  11807c80    00000040                 : isinf.obj (.text:___isinf)
                  11807cc0    00000040                 : _printfi.obj (.text:___isnan)
                  11807d00    00000040                 : frcmpyd_div.obj (.text:__frcmpyd_div)
                  11807d40    00000040                 : llshift.obj (.text:__llshru)
                  11807d80    00000040                 : imath40.obj (.text:__remli)
                  11807dc0    00000020                 : negll.obj (.text:__negll)
                  11807de0    00000020                 : _lock.obj (.text:__nop)
                  11807e00    00000020                 : printf.obj (.text:__outc)
                  11807e20    00000020                 : printf.obj (.text:__outs)
                  11807e40    00000020                 : _lock.obj (.text:__register_lock)
                  11807e60    00000020                 : _lock.obj (.text:__register_unlock)
                  11807e80    00000020                 : trunc.obj (.text:__trunc)
                  11807ea0    00000020                 : remove.obj (.text:_remove)

.bios      0    11807ec0    000042e0     
                  11807ec0    000005c0     lnkrtdx.a674 : rtdx.o674 (.bios)
                  11808480    00000580     bios.a674 : exc.o674 (.bios)
                  11808a00    000004e0               : hwi_disp_asm.o674 (.bios)
                  11808ee0    000004c0               : swi.o674 (.bios)
                  118093a0    00000380               : prd.o674 (.bios)
                  11809720    00000280               : malloc.o674 (.bios)
                  118099a0    00000280               : rta.o674 (.bios)
                  11809c20    00000240               : knl_run.o674 (.bios)
                  11809e60    00000200               : mem_allo.o674 (.bios:.near)
                  1180a060    00000200               : knl_tick.o674 (.bios)
                  1180a260    000001e0               : mem_free.o674 (.bios:.near)
                  1180a440    000001e0               : exc_asm.o674 (.bios)
                  1180a620    000001e0               : pip.o674 (.bios)
                  1180a800    000001e0               : sem_pend.o674 (.bios)
                  1180a9e0    000001a0               : sem_dopo.o674 (.bios)
                  1180ab80    000001a0               : tsk_setu.o674 (.bios)
                  1180ad20    000001a0     bios6748.a674 : clk.o674 (.bios)
                  1180aec0    00000180     bios.a674 : knl_swit.o674 (.bios)
                  1180b040    00000140               : autoinit.o674 (.bios)
                  1180b180    00000140               : tsk_exit.o674 (.bios)
                  1180b2c0    00000140     bios6748.a674 : bcache_init.o674 (.bios)
                  1180b400    00000120     bios.a674 : gbl_cacheinit64P.o674 (.bios)
                  1180b520    00000120               : knl_chec.o674 (.bios)
                  1180b640    00000120               : tsk_stup.o674 (.bios)
                  1180b760    000000e0               : sem_post_asm.o674 (.bios)
                  1180b840    000000c0               : knl_exit.o674 (.bios)
                  1180b900    000000a0               : sem_post.o674 (.bios)
                  1180b9a0    000000a0               : sys_exit.o674 (.bios)
                  1180ba40    00000080               : knl_ipos.o674 (.bios)
                  1180bac0    00000080               : knl_post.o674 (.bios)
                  1180bb40    00000080               : lck.o674 (.bios)
                  1180bbc0    00000080               : log.o674 (.bios)
                  1180bc40    00000080     bios6748.a674 : idl_cal.o674 (.bios)
                  1180bcc0    00000060     bios.a674 : sys_erro.o674 (.bios:.near)
                  1180bd20    00000060               : fxn.o674 (.bios)
                  1180bd80    00000060               : hwi_c.o674 (.bios)
                  1180bde0    00000060               : idl_busy.o674 (.bios)
                  1180be40    00000060               : sem_pend_counting.o674 (.bios)
                  1180bea0    00000060               : sts.o674 (.bios)
                  1180bf00    00000060               : sys_abor.o674 (.bios)
                  1180bf60    00000060     bios6748.a674 : clk_meas.o674 (.bios)
                  1180bfc0    00000040     bios.a674 : idl_stub.o674 (.bios)
                  1180c000    00000040               : rta_andn.o674 (.bios)
                  1180c040    00000040               : utl_doab.o674 (.bios)
                  1180c080    00000040               : utl_putc.o674 (.bios)
                  1180c0c0    00000020               : fxn_c.o674 (.bios)
                  1180c0e0    00000020               : gbl_vers.o674 (.bios)
                  1180c100    00000020               : idl.o674 (.bios)
                  1180c120    00000020               : sts_set.o674 (.bios)
                  1180c140    00000020               : utl_doer.o674 (.bios)
                  1180c160    00000020               : utl_halt.o674 (.bios)
                  1180c180    00000020     bios6748.a674 : clk_gethtime.o674 (.bios)

.IRAM$heap 
*          0    1180c1a0    00002000     UNINITIALIZED
                  1180c1a0    00002000     --HOLE--

.cinit     0    1180e1a0    000010cc     
                  1180e1a0    000006c4     hellocfg.obj (.cinit)
                  1180e864    00000004     --HOLE-- [fill = 0]
                  1180e868    0000026c     bios.a674 : biosdata.o674 (.cinit)
                  1180ead4    00000004     --HOLE-- [fill = 0]
                  1180ead8    000001a4               : knl.o674 (.cinit)
                  1180ec7c    00000004     --HOLE-- [fill = 0]
                  1180ec80    000000b0               : swi.o674 (.cinit)
                  1180ed30    00000080               : tsk.o674 (.cinit)
                  1180edb0    00000068     rtdx64xplus.lib : rtdx_mon.o64P (.cinit)
                  1180ee18    00000060     bios.a674 : tsk_stup.o674 (.cinit)
                  1180ee78    0000005c     lnkrtdx.a674 : rtdx.o674 (.cinit)
                  1180eed4    00000004     --HOLE-- [fill = 0]
                  1180eed8    0000005c     rts6740.lib : defs.obj (.cinit)
                  1180ef34    00000004     --HOLE-- [fill = 0]
                  1180ef38    0000005c                 : lowlev.obj (.cinit)
                  1180ef94    00000004     --HOLE-- [fill = 0]
                  1180ef98    0000004c     bios.a674 : rta.o674 (.cinit)
                  1180efe4    00000004     --HOLE-- [fill = 0]
                  1180efe8    0000004c     rtdx64xplus.lib : buffer1.o64P (.cinit)
                  1180f034    00000004     --HOLE-- [fill = 0]
                  1180f038    00000048     rts6740.lib : sin.obj (.cinit)
                  1180f080    0000003c     bios.a674 : exc.o674 (.cinit)
                  1180f0bc    00000004     --HOLE-- [fill = 0]
                  1180f0c0    00000034               : hwi.o674 (.cinit)
                  1180f0f4    00000004     --HOLE-- [fill = 0]
                  1180f0f8    0000002c               : utl_putc.o674 (.cinit)
                  1180f124    00000004     --HOLE-- [fill = 0]
                  1180f128    0000002c     rts6740.lib : exit.obj (.cinit)
                  1180f154    00000004     --HOLE-- [fill = 0]
                  1180f158    00000024     bios.a674 : obj_init.o674 (.cinit)
                  1180f17c    00000004     --HOLE-- [fill = 0]
                  1180f180    0000001c               : exc_asm.o674 (.cinit)
                  1180f19c    00000004     --HOLE-- [fill = 0]
                  1180f1a0    0000001c               : sys.o674 (.cinit)
                  1180f1bc    00000004     --HOLE-- [fill = 0]
                  1180f1c0    0000001c     rts6740.lib : _lock.obj (.cinit)
                  1180f1dc    00000004     --HOLE-- [fill = 0]
                  1180f1e0    0000001c                 : atexit.obj (.cinit)
                  1180f1fc    00000004     --HOLE-- [fill = 0]
                  1180f200    00000018     bios.a674 : knl_tick.o674 (.cinit)
                  1180f218    0000000c               : idl_busy.o674 (.cinit)
                  1180f224    00000004     --HOLE-- [fill = 0]
                  1180f228    0000000c               : knl_swit.o674 (.cinit)
                  1180f234    00000004     --HOLE-- [fill = 0]
                  1180f238    0000000c     rts6740.lib : fopen.obj (.cinit)
                  1180f244    00000004     --HOLE-- [fill = 0]
                  1180f248    0000000c                 : sinit.obj (.cinit)
                  1180f254    00000004     --HOLE-- [fill = 0]
                  1180f258    0000000a     hello.obj (.cinit)
                  1180f262    00000006     --HOLE-- [fill = 0]
                  1180f268    00000004     (.pad.cinit) [fill = 0]

.args      0    1180f26c    00000004     
                  1180f26c    00000004     --HOLE-- [fill = 0]

.far       0    1180f270    00000d80     UNINITIALIZED
                  1180f270    0000050c     hello.obj (.far)
                  1180f77c    00000004     bios6748.a674 : clk_data.o674 (.far)
                  1180f780    00000324     rts6740.lib : defs.obj (.far)
                  1180faa4    00000004                 : fopen.obj (.far)
                  1180faa8    00000188                 : atexit.obj (.far)
                  1180fc30    0000011c                 : lowlev.obj (.far)
                  1180fd4c    00000004                 : sinit.obj (.far)
                  1180fd50    000000d8     bios.a674 : knl.o674 (.far)
                  1180fe28    0000005c               : tsk.o674 (.far)
                  1180fe84    00000004     --HOLE--
                  1180fe88    00000054               : obj_init.o674 (.far)
                  1180fedc    00000050               : tsk_stup.o674 (.far)
                  1180ff2c    00000004     --HOLE--
                  1180ff30    00000040     rts6740.lib : sin.obj (.far)
                  1180ff70    00000020     bios.a674 : sys.o674 (.far)
                  1180ff90    00000018     rtdx64xplus.lib : rtdx_mon.o64P (.far)
                  1180ffa8    00000010     bios.a674 : exc.o674 (.far)
                  1180ffb8    00000010               : knl_tick.o674 (.far)
                  1180ffc8    0000000c               : utl_putc.o674 (.far)
                  1180ffd4    0000000c     rts6740.lib : exit.obj (.far)
                  1180ffe0    00000008                 : _lock.obj (.far)
                  1180ffe8    00000008                 : trgdrv.obj (.far)

.hst1      0    1180fff0    00000010     UNINITIALIZED
                  1180fff0    00000010     hellocfg.obj (.hst1)

.trace$buf 
*          0    11810000    00001000     UNINITIALIZED
                  11810000    00001000     hellocfg.obj (.trace$buf)

.rtdx_text 
*          0    11811000    00000fc0     
                  11811000    000002a0     rtdx64xplus.lib : rtdx_mon.o64P (.rtdx_text:_HSRTDX_rec)
                  118112a0    00000260                     : buffer1.o64P (.rtdx_text:_RTDX_Buffer_WriteCB)
                  11811500    00000260                     : buffer1.o64P (.rtdx_text:_RTDX_write_next)
                  11811760    000001a0                     : rtdx_mon.o64P (.rtdx_text:_HSRTDX_xmt)
                  11811900    00000160                     : rtdx_mon.o64P (.rtdx_text:_RTDX_Send_To_Host)
                  11811a60    000000e0                     : rtdx_mon.o64P (.rtdx_text:_RTDX_Mon_Queue)
                  11811b40    000000e0                     : buffer1.o64P (.rtdx_text:_claim)
                  11811c20    000000a0                     : rtdx_mon.o64P (.rtdx_text:_RTDX_GetH2THeader)
                  11811cc0    000000a0                     : rtdx_mon.o64P (.rtdx_text:_RTDX_Poll)
                  11811d60    00000080                     : rtdx_mon.o64P (.rtdx_text:_RTDX_Final_RT_Monitor)
                  11811de0    00000060                     : buffer1.o64P (.rtdx_text:_RTDX_Buffer_Initialize)
                  11811e40    00000060                     : rtdx_mon.o64P (.rtdx_text:_RTDX_Init_RT_Monitor)
                  11811ea0    00000040                     : buffer2.o64P (.rtdx_text:_RTDX_Buffer_ReadCB)
                  11811ee0    00000040                     : buffer1.o64P (.rtdx_text:_RTDX_Buffer_Size)
                  11811f20    00000040                     : memfill.o64P (.rtdx_text:_RTDX_memfill)
                  11811f60    00000020                     : buffer2.o64P (.rtdx_text:_RTDX_Buffer_Read)
                  11811f80    00000020                     : buffer1.o64P (.rtdx_text:_RTDX_Buffer_Write)
                  11811fa0    00000020                     : intr_tgt.o64P (.rtdx_text)

.hst       0    11811fc0    0000003c     UNINITIALIZED
                  11811fc0    0000003c     hellocfg.obj (.hst)

.mem       0    11811ffc    00000004     UNINITIALIZED
                  11811ffc    00000004     hellocfg.obj (.mem)

.LOG_system$buf 
*          0    11812000    00000800     UNINITIALIZED
                  11812000    00000800     hellocfg.obj (.LOG_system$buf)

.sysinit   0    11812800    00000560     
                  11812800    00000380     hellocfg.obj (.sysinit)
                  11812b80    000000c0     bios.a674 : boot.o674 (.sysinit)
                  11812c40    000000c0               : mem_init.o674 (.sysinit)
                  11812d00    00000060               : tsk_init.o674 (.sysinit)

.prd       0    11812d60    00000020     UNINITIALIZED
                  11812d60    00000020     hellocfg.obj (.prd)

.rtdx_data 
*          0    11812d80    000004f4     UNINITIALIZED
                  11812d80    00000080     --HOLE--
                  11812e00    00000410     hellocfg.obj (.rtdx_data)
                  11813210    00000044     rtdx64xplus.lib : rtdx_mon.o64P (.rtdx_data)
                  11813254    00000020                     : buffer1.o64P (.rtdx_data)

.const     0    11813278    00000419     
                  11813278    00000193     bios.a674 : exc.o674 (.const:.string)
                  1181340b    00000004               : mem_allo.o674 (.const:.string)
                  1181340f    00000001     --HOLE-- [fill = 0]
                  11813410    00000101     rts6740.lib : ctype.obj (.const:.string:__ctypes_)
                  11813511    00000004     bios.a674 : mem_free.o674 (.const:.string)
                  11813515    00000002     rts6740.lib : fputs.obj (.const:.string)
                  11813517    00000001     --HOLE-- [fill = 0]
                  11813518    00000080     evmc6748_bsl.lib : evmc6748.obj (.const:_bitval_u32)
                  11813598    0000004e     bios.a674 : tsk_stup.o674 (.const:.string)
                  118135e6    00000002     --HOLE-- [fill = 0]
                  118135e8    00000040     evmc6748_bsl.lib : evmc6748.obj (.const:.string)
                  11813628    00000023     bios.a674 : utl_doab.o674 (.const:.string)
                  1181364b    00000023     rts6740.lib : _printfi.obj (.const:.string)
                  1181366e    00000022     bios.a674 : utl_doer.o674 (.const:.string)
                  11813690    00000001               : tsk.o674 (.const:.string)

.printf    0    11813691    00000076     COPY SECTION
                  11813691    00000076     hellocfg.obj (.printf)

.TSK_idle$stk 
*          0    11813698    00000400     UNINITIALIZED
                  11813698    00000400     hellocfg.obj (.TSK_idle$stk)

.stack     0    11813a98    00000400     UNINITIALIZED
                  11813a98    00000400     --HOLE--

.bss       0    11813e98    0000038c     UNINITIALIZED
                  11813e98    00000100     bios.a674 : hwi_disp_asm.o674 (.bss)
                  11813f98    000000cc               : biosdata.o674 (.bss)
                  11814064    0000009c               : swi.o674 (.bss)
                  11814100    00000048               : knl.o674 (.bss)
                  11814148    00000028     hellocfg.obj (.bss)
                  11814170    00000020     bios.a674 : exc_asm.o674 (.bss)
                  11814190    00000018               : hwi.o674 (.bss)
                  118141a8    00000018     lnkrtdx.a674 : rtdx.o674 (.bss)
                  118141c0    00000010     bios.a674 : exc.o674 (.bss)
                  118141d0    00000010     rtdx64xplus.lib : buffer1.o64P (.bss)
                  118141e0    00000010                     : rtdx_mon.o64P (.bss)
                  118141f0    0000000c     bios.a674 : tsk.o674 (.bss)
                  118141fc    00000008               : clk_data.o674 (.bss)
                  11814204    00000008               : sys.o674 (.bss)
                  1181420c    00000008     hello.obj (.bss)
                  11814214    00000004     bios.a674 : clk_data2.o674 (.bss)
                  11814218    00000004               : idl_busy.o674 (.bss)
                  1181421c    00000004               : mem_asm.o674 (.bss)
                  11814220    00000004     evmc6748_bsl.lib : evmc6748_i2c.obj (.bss)

.cio       0    11814228    00000120     UNINITIALIZED
                  11814228    00000120     rts6740.lib : trgmsg.obj (.cio)

.tsk       0    11814348    00000060     UNINITIALIZED
                  11814348    00000060     hellocfg.obj (.tsk)

.swi       0    118143a8    00000058     UNINITIALIZED
                  118143a8    00000058     hellocfg.obj (.swi)

.hwi_vec   0    11814400    00000200     
                  11814400    00000200     hellocfg.obj (.hwi_vec)

.trace     0    11814600    00000200     
                  11814600    00000200     --HOLE-- [fill = 00000000]

.hst0      0    11814800    00000100     UNINITIALIZED
                  11814800    00000100     hellocfg.obj (.hst0)

.pip       0    11814900    000000c8     UNINITIALIZED
                  11814900    000000c8     hellocfg.obj (.pip)

.sts       0    118149c8    00000050     
                  118149c8    00000050     hellocfg.obj (.sts)

.gblinit   0    11814a18    0000004c     
                  11814a18    0000004c     hellocfg.obj (.gblinit)

.switch    0    11814a64    00000044     
                  11814a64    00000024     evmc6748_bsl.lib : evmc6748_gpio.obj (.switch:_getRegisterBankAndBit)
                  11814a88    00000020                      : evmc6748_dip.obj (.switch:_convertDipToI2CGpio)

.log       0    11814aa8    00000030     
                  11814aa8    00000030     hellocfg.obj (.log)

.idl       0    11814ad8    00000010     UNINITIALIZED
                  11814ad8    00000010     hellocfg.obj (.idl)

.idlcal    0    11814ae8    00000010     UNINITIALIZED
                  11814ae8    00000010     hellocfg.obj (.idlcal)

.sys       0    11814af8    00000010     UNINITIALIZED
                  11814af8    00000010     hellocfg.obj (.sys)

.pinit     0    11814b08    0000000c     
                  11814b08    00000004     rtdx64xplus.lib : buffer1.o64P (.pinit)
                  11814b0c    00000004                     : rtdx_mon.o64P (.pinit)
                  11814b10    00000004     --HOLE-- [fill = 0]

.trcdata   0    11814b14    0000000c     
                  11814b14    0000000c     bios.a674 : trc.o674 (.trcdata)

.clk       0    11814b20    00000008     UNINITIALIZED
                  11814b20    00000008     hellocfg.obj (.clk)


GLOBAL SYMBOLS: SORTED ALPHABETICALLY BY Name 

address    name
--------   ----
11813e98   $bss
11813e98   .bss
11800000   .data
11800000   .text
118129c4   BIOS$$CLKOFF
11812984   BIOS$$CLKON
11812800   BIOS_init
11812a30   BIOS_start
00000000   BUF$
00000001   BUF_ENABLED
11807c38   C$$IO$$
ffffffff   CACHE_L1D
ffffffff   CACHE_L1P
00000001   CLK$
11814b20   CLK_A_TABBEG
00000001   CLK_CALDIV
00000001   CLK_CALMULT
000493e0   CLK_COUNTSPMS
00000004   CLK_COUNTSPMSHIGH
11813fc0   CLK_D_idletime
11813fbc   CLK_D_isrhook
11813fb8   CLK_D_tabbeg
11813fb4   CLK_D_timefxn
00000001   CLK_ENABLEHTIME
1180c180   CLK_F_gethtime
1180ad20   CLK_F_getltime
1180ad30   CLK_F_isr
1180ae70   CLK_F_itime
11808a00   CLK_HOOKFXN
00000001   CLK_HTIMEDIV
00000001   CLK_HTIMEMULT
000493e0   CLK_HTIMEPERLTIME
00005dc0   CLK_INPUTCLK
00004000   CLK_INTBIT
00000001   CLK_LTIMEDIV
000493e0   CLK_LTIMEMULT
000003e8   CLK_MICROSECS
00000001   CLK_POWERENABLE
00005dc0   CLK_PRD
00000000   CLK_PRDHIGH
01c20000   CLK_REGS
00000001   CLK_RESETTIMER
11813fb0   CLK_R_time
00000020   CLK_TCR
00000000   CLK_TDDR
00000000   CLK_TDDRHIGH
1180c180   CLK_TIMEFXN
00000000   CLK_TIMERNUM
00000005   CLK_TIMMODE
00000001   CLK_USETIMER
11814b24   CLK_null
ffffffff   DDR
00000000   DEV$
00000000   DGN$
00000000   DHL$
00000000   DHL_gChannelsAvailable
00000000   DIO$
00000000   DIO_NUMSWIBASE
00000000   DIO_NUMTSKBASE
00000000   DIO_STATIC
00000000   DPI$
00000000   ECM$
00000000   ECM_ENABLE
ffffffff   ECM_EVTMASK0
ffffffff   ECM_EVTMASK1
ffffffff   ECM_EVTMASK2
ffffffff   ECM_EVTMASK3
0000000a   EVENT10
00000064   EVENT100
00000065   EVENT101
00000066   EVENT102
00000067   EVENT103
00000068   EVENT104
00000069   EVENT105
0000006a   EVENT106
0000006b   EVENT107
0000006c   EVENT108
0000006d   EVENT109
0000000b   EVENT11
0000006e   EVENT110
0000006f   EVENT111
00000070   EVENT112
00000071   EVENT113
00000072   EVENT114
00000073   EVENT115
00000074   EVENT116
00000075   EVENT117
00000076   EVENT118
00000077   EVENT119
0000000c   EVENT12
00000078   EVENT120
00000079   EVENT121
0000007a   EVENT122
0000007b   EVENT123
0000007c   EVENT124
0000007d   EVENT125
0000007e   EVENT126
0000007f   EVENT127
0000000d   EVENT13
0000000e   EVENT14
0000000f   EVENT15
00000010   EVENT16
00000011   EVENT17
00000012   EVENT18
00000013   EVENT19
00000014   EVENT20
00000015   EVENT21
00000016   EVENT22
00000017   EVENT23
00000018   EVENT24
00000019   EVENT25
0000001a   EVENT26
0000001b   EVENT27
0000001c   EVENT28
0000001d   EVENT29
0000001e   EVENT30
0000001f   EVENT31
00000020   EVENT32
00000021   EVENT33
00000022   EVENT34
00000023   EVENT35
00000024   EVENT36
00000025   EVENT37
00000026   EVENT38
00000027   EVENT39
00000004   EVENT4
00000028   EVENT40
00000029   EVENT41
0000002a   EVENT42
0000002b   EVENT43
0000002c   EVENT44
0000002d   EVENT45
0000002e   EVENT46
0000002f   EVENT47
00000030   EVENT48
00000031   EVENT49
00000005   EVENT5
00000032   EVENT50
00000033   EVENT51
00000034   EVENT52
00000035   EVENT53
00000036   EVENT54
00000037   EVENT55
00000038   EVENT56
00000039   EVENT57
0000003a   EVENT58
0000003b   EVENT59
00000006   EVENT6
0000003c   EVENT60
0000003d   EVENT61
0000003e   EVENT62
0000003f   EVENT63
00000040   EVENT64
00000041   EVENT65
00000042   EVENT66
00000043   EVENT67
00000044   EVENT68
00000045   EVENT69
00000007   EVENT7
00000046   EVENT70
00000047   EVENT71
00000048   EVENT72
00000049   EVENT73
0000004a   EVENT74
0000004b   EVENT75
0000004c   EVENT76
0000004d   EVENT77
0000004e   EVENT78
0000004f   EVENT79
00000008   EVENT8
00000050   EVENT80
00000051   EVENT81
00000052   EVENT82
00000053   EVENT83
00000054   EVENT84
00000055   EVENT85
00000056   EVENT86
00000057   EVENT87
00000058   EVENT88
00000059   EVENT89
00000009   EVENT9
0000005a   EVENT90
0000005b   EVENT91
0000005c   EVENT92
0000005d   EVENT93
0000005e   EVENT94
0000005f   EVENT95
00000060   EVENT96
00000061   EVENT97
00000062   EVENT98
00000063   EVENT99
1180bd20   FXN_F_nop
1180bd24   FXN_F_run
1180bd60   FXN_F_zero
00000001   GBL$
00005205   GBL_A_VERSION
00000000   GBL_BCACHEREADADDR0
00000000   GBL_BCACHEREADADDR1
00000000   GBL_BCACHEREADADDR2
00000000   GBL_BIGENDIAN
00000000   GBL_CACHE
00000000   GBL_CALLCSLCFGINIT
00004e20   GBL_CLKIN
00001a5b   GBL_CLKTYPE
00001a5c   GBL_DSPSUBTYPE
0000003e   GBL_DSPTYPE
00000001   GBL_ENABLEINST
00000000   GBL_ENABLE_SK
00000042   GBL_FOOTPRINT
000493e0   GBL_FREQ
00000000   GBL_GEMTRUECOMPEN
00000007   GBL_L1DMODE
00000007   GBL_L1PMODE
00000001   GBL_L2CONFIGURE
00000000   GBL_L2MAR0_31
00000001   GBL_L2MAR128_159
00000000   GBL_L2MAR160_191
ffffffff   GBL_L2MAR192_223
00000000   GBL_L2MAR224_255
00000000   GBL_L2MAR32_63
00000000   GBL_L2MAR64_95
00000000   GBL_L2MAR96_127
00000000   GBL_L2MODE
00000000   GBL_NULL
00000000   GBL_PROCID
00000000   GBL_ROM
00000000   GBL_SUPPORTCSL
0000dbef   GBL_TRCMASKVALUE
00000000   GBL_USERINIT
1180c0c0   GBL_USERINITFXN
00000001   GBL_boot
11814b1c   GBL_initdone
11813a98   GBL_stackbeg
11813e97   GBL_stackend
00000000   GIO$
1180c0c0   GIO_CREATEFXN
1180c0c0   GIO_DELETEFXN
1180c0c0   GIO_PENDFXN
1180c0c0   GIO_POSTFXN
00000000   HOOK$
00000000   HOOK_KNLID
00000001   HST$
11811fc0   HST_A_TABBEG
11811ffc   HST_A_TABEND
00000000   HST_DSM
11814154   HST_DSMBUFSEG
00000400   HST_DSMMEMSIZE
1181402c   HST_D_chanmask
11814030   HST_D_tabbeg
11814034   HST_D_tabend
000000ff   HST_MAXFRAMEALLOWED
00000040   HST_MAXFRAMESET
00000000   HST_NONE
00000001   HST_RTDX
00000001   HWI$
11814400   HWI_A_VECS
00005828   HWI_CFGDISPATCHED
118141a0   HWI_D_bss
118141a4   HWI_D_ccmask
11814190   HWI_D_spsave
00000001   HWI_ENABLE_EXC
11808a00   HWI_F_dispatch
00000000   HWI_GENERATE_RESET_VEC
0000000a   HWI_INT10
00000000   HWI_INT10$hwi
0000000b   HWI_INT11
00000000   HWI_INT11$hwi
0000000c   HWI_INT12
00000000   HWI_INT12$hwi
0000000d   HWI_INT13
00000000   HWI_INT13$hwi
0000000e   HWI_INT14
00000000   HWI_INT14$hwi
0000000f   HWI_INT15
00000000   HWI_INT15$hwi
00000004   HWI_INT4
00000000   HWI_INT4$hwi
00000005   HWI_INT5
00000000   HWI_INT5$hwi
00000006   HWI_INT6
00000000   HWI_INT6$hwi
00000007   HWI_INT7
00000000   HWI_INT7$hwi
00000008   HWI_INT8
00000000   HWI_INT8$hwi
00000009   HWI_INT9
00000000   HWI_INT9$hwi
07063d04   HWI_INTRMUX1
0b0a0908   HWI_INTRMUX2
28040d0c   HWI_INTRMUX3
00000001   HWI_NMI
00000000   HWI_NMI$hwi
00000000   HWI_POLARITYMASK
00000002   HWI_RESERVED0
00000000   HWI_RESERVED0$hwi
00000003   HWI_RESERVED1
00000000   HWI_RESERVED1$hwi
00000000   HWI_RESET
00000000   HWI_RESET$hwi
00000000   HWI_ZEROTAB
00000001   IDL$
11814ae8   IDL_A_CALBEG
11814ad8   IDL_A_TABBEG
00000006   IDL_CALIBRERROR
1180bfc0   IDL_CALIBRFXN
11814218   IDL_D_busyObj
11813fa0   IDL_D_calbeg
11813f9c   IDL_D_calibrate
11813f98   IDL_D_tabbeg
11814ae4   IDL_END
11814af4   IDL_END$
1180bde0   IDL_F_busy
1180bc40   IDL_F_calibrate
1180c100   IDL_F_loop
1180bfc0   IDL_F_stub
00000001   IDL_USECLKIDLTIME
11814a0c   IDL_busyObj
11813702   IDL_busyObj$avgfmt
00000001   IDL_busyObj$filter
00000001   IDL_busyObj$iA
00000000   IDL_busyObj$iB
00000001   IDL_busyObj$iC
118136fc   IDL_busyObj$maxfmt
00000000   IDL_busyObj$operation
11814a08   IDL_busyObj$stsobj
118136ff   IDL_busyObj$sumfmt
00000002   IDL_busyObj$unittype
11814ad8   IDL_cpuLoad
11814ae8   IDL_cpuLoad$
11814154   IRAM
1180c1a0   IRAM$B
00002000   IRAM$L
00000001   ISRC$
1180b018   KNL_glue
118143a8   KNL_swi
00000001   KNL_swi$dorta
00000000   KNL_swi$ord
00000000   KNL_swi$pri
118149dc   KNL_swi$sts
118136be   KNL_swi$sts$avgfmt
00000002   KNL_swi$sts$filter
00000001   KNL_swi$sts$filtmaxmult
00000001   KNL_swi$sts$filtsummult
118136ae   KNL_swi$sts$maxfmt
118149d8   KNL_swi$sts$stsobj
118136b6   KNL_swi$sts$sumfmt
00000000   KNL_swi$sts$unittype
00000000   KNL_swi$swi
ffffffff   L3_CBA_RAM
00000001   LCK$
11807ec0   LNK_F_checkBufferCall
11807f40   LNK_F_dataPump
11807ee0   LNK_F_getChanPtr
11807f38   LNK_F_init
11808448   LNK_F_readCallBack
11814adc   LNK_dataPump
11814aec   LNK_dataPump$
118141ac   LNK_dspFrameReadyMask
118141a8   LNK_dspFrameRequestMask
118081c0   LNK_newin
118082f4   LNK_newout
11807f50   LNK_rcloop
11808014   LNK_rdrtry
118141b4   LNK_readDone
118141b8   LNK_readFail
118141b0   LNK_readPend
11808024   LNK_rrloop
118141bc   LNK_writeFail
118080f0   LNK_wrloop
118080e4   LNK_wrrtry
00000001   LOG$
11814aa8   LOG_A_TABBEG
11814ad8   LOG_A_TABEND
00000002   LOG_A_TABLEN
11813fa4   LOG_D_system
00000001   LOG_ENABLED
1180bbc0   LOG_F_event
11814aa8   LOG_system
11812000   LOG_system$buf
00000000   LOG_system$datatype
00000000   LOG_system$log
00000200   LOG_system$size
00000000   MBX$
00000001   MEM$
11814154   MEM_MALLOCSEG
00000000   MEM_NULL
11814154   MEM_SEGZERO
00000000   MEM_USEMPC
00000001   MEM_gNumHeap
00000000   MSGQ$
00000000   MSGQ_USEMSGQ
00000000   OBJ$
00000000   PIP$
11814900   PIP_A_TABBEG
118149c8   PIP_A_TABEND
00000002   PIP_A_TABLEN
11813fa8   PIP_D_tabbeg
11813fac   PIP_D_tablen
1180a698   PIP_F_give
1180a698   PIP_F_probe
1180a768   PIP_F_start
1180a620   PIP_F_take
00000064   PIP_OBJSIZE
00000000   PIP_gNextId
00000002   PIP_gNumEmbed
00000000   POOL$
00000000   POOL_USEPOOL
00000001   PRD$
11812d60   PRD0
11812d7c   PRD0$aaa
00000000   PRD0$mode
00000001   PRD0$ord
000001f4   PRD0$period
00000000   PRD0$prd
118149cc   PRD0$sts
118136a3   PRD0$sts$avgfmt
00000000   PRD0$sts$filter
11813691   PRD0$sts$maxfmt
118149c8   PRD0$sts$stsobj
1181369a   PRD0$sts$sumfmt
00000002   PRD0$sts$unittype
11812d60   PRD_A_TABBEG
11812d80   PRD_A_TABEND
00000001   PRD_A_TABLEN
11813fe8   PRD_D_cur
11813fec   PRD_D_elapsed
11813ff0   PRD_D_prevtim
11813ff4   PRD_D_scalar
11813ff8   PRD_D_swihandle
11813ffc   PRD_D_tabbeg
11814000   PRD_D_tablen
11814004   PRD_D_thook
11813fe4   PRD_D_tick
118093a0   PRD_F_swi
11809624   PRD_F_tick
00000001   PRD_SCALAR
118143d4   PRD_SWIHANDLE
1180a234   PRD_THOOKFXN
11814b20   PRD_clock
118143d4   PRD_swi
00000001   PRD_swi$dorta
00000000   PRD_swi$ord
00000001   PRD_swi$pri
118149ec   PRD_swi$sts
118136d8   PRD_swi$sts$avgfmt
00000002   PRD_swi$sts$filter
00000001   PRD_swi$sts$filtmaxmult
00000001   PRD_swi$sts$filtsummult
118136c8   PRD_swi$sts$maxfmt
118149e8   PRD_swi$sts$stsobj
118136d0   PRD_swi$sts$sumfmt
00000000   PRD_swi$sts$unittype
00000000   PRD_swi$swi
00000001   PWRM$
00000030   PWRM_PWRM_CAPSMASK
0000000a   PWRM_PWRM_CLKTICKSPERSLOT
00000000   PWRM_PWRM_ENABLE
00000002   PWRM_PWRM_INITSPCPU
00000000   PWRM_PWRM_INITSPPER
00000000   PWRM_PWRM_LOADENABLE
00000001   PWRM_PWRM_NUMSLOTS
00000000   PWRM_PWRM_RESOURCETRACKING
00000000   PWRM_PWRM_SCALING
1180c0c0   PWRM_PWRM_SHAREDRESOURCEFXN
1180c0c0   PWRM_PWRM_SLOTHOOKFXN
00000000   PWRM_PWRM_TIMERIDNUM
00000000   PWRM_PWRM_TIMERINTRMASK
00000000   PWRM_PWRM_TIMERWUGENMASK
00000000   PWRM_PWRM_USERRESOURCES
00000000   PWRM_PWRM_USETIMER
00000001   QUE$
11814008   RTA_D_fromHost
11814010   RTA_D_logval
11814020   RTA_D_stsval
1181400c   RTA_D_toHost
1180c000   RTA_F_andn
11809a80   RTA_F_dispatch
118099a0   RTA_F_getlog
118099d8   RTA_F_getsts
1180c018   RTA_F_or
11809a18   RTA_F_readblk
11809a40   RTA_F_resetmem
11809a34   RTA_F_writeword
11814ae0   RTA_dispatcher
11814af0   RTA_dispatcher$
11809acc   RTA_execute
11811fc4   RTA_fromHost
1180fff0   RTA_fromHost$buf
00000004   RTA_fromHost$framesize
00000000   RTA_fromHost$hst
00000001   RTA_fromHost$id
00000000   RTA_fromHost$mode
11814900   RTA_fromHost$pipe
11814930   RTA_fromHost$pipe$aaa
11814960   RTA_fromHost$pipe$bbb
11814158   RTA_fromHost$pipe$dtab
11814904   RTA_fromHost$pipe$rd
11814934   RTA_fromHost$pipe$wr
11811fcc   RTA_fromHost$rtdx
11811fe0   RTA_toHost
11814800   RTA_toHost$buf
00000040   RTA_toHost$framesize
00000000   RTA_toHost$hst
00000000   RTA_toHost$id
00000001   RTA_toHost$mode
11814964   RTA_toHost$pipe
11814994   RTA_toHost$pipe$aaa
118149c4   RTA_toHost$pipe$bbb
11814164   RTA_toHost$pipe$dtab
11814968   RTA_toHost$pipe$rd
11814998   RTA_toHost$pipe$wr
11811fe8   RTA_toHost$rtdx
00000001   RTDX$
00000408   RTDX_BUFMEMSIZE
11814154   RTDX_DATAMEMSEG
00000000   RTDX_MODE
00000001   RTDX_NORMALIZED_HDR
00000001   RTDX_USERTDX
00000000   RTDX_USERTEXECUTION
00000000   SEM$
00000000   SIO$
00000001   STS$
118149c8   STS_A_TABBEG
11814a18   STS_A_TABEND
1180becc   STS_F_add
1180bea0   STS_F_delta
1180bee8   STS_F_reset
00000001   SWI$
118143a8   SWI_A_TABBEG
11814400   SWI_A_TABEND
00000002   SWI_A_TABLEN
1181407c   SWI_D_curfxn
1181406c   SWI_D_curmask
11814078   SWI_D_curmbox
11814070   SWI_D_curset
11814068   SWI_D_execaddr
11814084   SWI_D_inswi
11814074   SWI_D_lock
11814080   SWI_D_rdybeg
11814088   SWI_D_rdytab
11814064   SWI_D_runaddr
00000000   SWI_EHOOKFXN
118090c4   SWI_EXECFXN
11808ee0   SWI_F_enable
118090c4   SWI_F_exec
118090ec   SWI_F_iexec
11808f50   SWI_F_post
1180916c   SWI_F_run
00000000   SWI_IHOOKFXN
1180916c   SWI_RUNFXN
00000001   SYS$
11814af8   SYS$config
1180c040   SYS_ABORTFXN
1180c140   SYS_ERRORFXN
1180c160   SYS_EXITFXN
1180c080   SYS_PUTCFXN
11814b18   TRC_R_mask
11814b14   TRC_cinit
00000001   TSK$
00000000   TSK_NUM_HOOKS
00000001   TSK_PRIORITY
00000000   TSK_READYFXN
00000000   TSK_STACKSEG
00000400   TSK_STACKSIZE
00000000   TSK_SWITCHFXN
1180c0c0   TSK_VCREATEFXN
1180c0c0   TSK_VDELETEFXN
1180c0c0   TSK_VEXITFXN
11814354   TSK_idle
00000000   TSK_idle$ord
00000000   TSK_idle$pri
11813698   TSK_idle$stack
11813a30   TSK_idle$stkptr
118149fc   TSK_idle$sts
118136f2   TSK_idle$sts$avgfmt
00000002   TSK_idle$sts$filter
00000001   TSK_idle$sts$filtmaxmult
00000001   TSK_idle$sts$filtsummult
118136e2   TSK_idle$sts$maxfmt
118149f8   TSK_idle$sts$stsobj
118136ea   TSK_idle$sts$sumfmt
00000000   TSK_idle$sts$unittype
00000000   TSK_idle$tsk
00000000   UDEV$
1180104c   _AIC3106_Init
11801100   _AIC3106_readRegister
11801154   _AIC3106_writeRegister
1180c0c0   _BCACHE_bootInit
1180b3d4   _BCACHE_getMar
1180b384   _BCACHE_getSize
1180b354   _BCACHE_setCacheToSram
1180b304   _BCACHE_setMar
1180b2c0   _BCACHE_setSize
11812800   _BIOS_init
11812a30   _BIOS_start
ffffffff   _CACHE_L1D
ffffffff   _CACHE_L1P
000493e0   _CLK_COUNTSPMS
118141fc   _CLK_DFLTMICROSECS
11813fe0   _CLK_D_countspms
11813fd4   _CLK_D_dirty
11814200   _CLK_D_microseconds
11813fd8   _CLK_D_prd
11813fdc   _CLK_D_tddr
1180ae70   _CLK_F_itime
00005dc0   _CLK_PRD
01c20000   _CLK_REGS
00000000   _CLK_TDDR
00000000   _CLK_TIMERNUM
00000001   _CLK_USETIMER
1180c180   _CLK_gethtime
11813fc4   _CLK_htimeDiv
11813fc8   _CLK_htimeMult
11814214   _CLK_htimePerLtime
1180f77c   _CLK_inputClock
1180ae70   _CLK_itime
11813fcc   _CLK_ltimeDiv
11813fd0   _CLK_ltimeMult
1180bf60   _CLK_measure
ffffffff   _DDR
11805ba4   _DIP_get
11805c08   _DIP_getAll
11805b80   _DIP_init
0000000a   _EVENT10
00000064   _EVENT100
00000065   _EVENT101
00000066   _EVENT102
00000067   _EVENT103
00000068   _EVENT104
00000069   _EVENT105
0000006a   _EVENT106
0000006b   _EVENT107
0000006c   _EVENT108
0000006d   _EVENT109
0000000b   _EVENT11
0000006e   _EVENT110
0000006f   _EVENT111
00000070   _EVENT112
00000071   _EVENT113
00000072   _EVENT114
00000073   _EVENT115
00000074   _EVENT116
00000075   _EVENT117
00000076   _EVENT118
00000077   _EVENT119
0000000c   _EVENT12
00000078   _EVENT120
00000079   _EVENT121
0000007a   _EVENT122
0000007b   _EVENT123
0000007c   _EVENT124
0000007d   _EVENT125
0000007e   _EVENT126
0000007f   _EVENT127
0000000d   _EVENT13
0000000e   _EVENT14
0000000f   _EVENT15
00000010   _EVENT16
00000011   _EVENT17
00000012   _EVENT18
00000013   _EVENT19
00000014   _EVENT20
00000015   _EVENT21
00000016   _EVENT22
00000017   _EVENT23
00000018   _EVENT24
00000019   _EVENT25
0000001a   _EVENT26
0000001b   _EVENT27
0000001c   _EVENT28
0000001d   _EVENT29
0000001e   _EVENT30
0000001f   _EVENT31
00000020   _EVENT32
00000021   _EVENT33
00000022   _EVENT34
00000023   _EVENT35
00000024   _EVENT36
00000025   _EVENT37
00000026   _EVENT38
00000027   _EVENT39
00000004   _EVENT4
00000028   _EVENT40
00000029   _EVENT41
0000002a   _EVENT42
0000002b   _EVENT43
0000002c   _EVENT44
0000002d   _EVENT45
0000002e   _EVENT46
0000002f   _EVENT47
00000030   _EVENT48
00000031   _EVENT49
00000005   _EVENT5
00000032   _EVENT50
00000033   _EVENT51
00000034   _EVENT52
00000035   _EVENT53
00000036   _EVENT54
00000037   _EVENT55
00000038   _EVENT56
00000039   _EVENT57
0000003a   _EVENT58
0000003b   _EVENT59
00000006   _EVENT6
0000003c   _EVENT60
0000003d   _EVENT61
0000003e   _EVENT62
0000003f   _EVENT63
00000040   _EVENT64
00000041   _EVENT65
00000042   _EVENT66
00000043   _EVENT67
00000044   _EVENT68
00000045   _EVENT69
00000007   _EVENT7
00000046   _EVENT70
00000047   _EVENT71
00000048   _EVENT72
00000049   _EVENT73
0000004a   _EVENT74
0000004b   _EVENT75
0000004c   _EVENT76
0000004d   _EVENT77
0000004e   _EVENT78
0000004f   _EVENT79
00000008   _EVENT8
00000050   _EVENT80
00000051   _EVENT81
00000052   _EVENT82
00000053   _EVENT83
00000054   _EVENT84
00000055   _EVENT85
00000056   _EVENT86
00000057   _EVENT87
00000058   _EVENT88
00000059   _EVENT89
00000009   _EVENT9
0000005a   _EVENT90
0000005b   _EVENT91
0000005c   _EVENT92
0000005d   _EVENT93
0000005e   _EVENT94
0000005f   _EVENT95
00000060   _EVENT96
00000061   _EVENT97
00000062   _EVENT98
00000063   _EVENT99
118001e8   _EVMC6748_enableDsp
11800000   _EVMC6748_init
1180002c   _EVMC6748_initRAM
118002b0   _EVMC6748_lpscTransition
11800214   _EVMC6748_pinmuxConfig
118089d0   _EXC_clearLastStatus
1180a440   _EXC_dispatch
118087f4   _EXC_exceptionHandler
118141c0   _EXC_exceptionHook
118087c0   _EXC_external
118141c8   _EXC_externalHook
118087a0   _EXC_getLastStatus
11808760   _EXC_init
118084b4   _EXC_internal
118141c4   _EXC_internalHook
11808480   _EXC_nmi
118141cc   _EXC_nmiHook
11814178   _EXC_returnPtr
1180a604   _EXC_setReturnPtr
1180ffa8   _EXC_status
11814170   _EXC_sysTrapTable
1180c0c0   _FXN_F_nop
1180bd24   _FXN_F_run
1180bd60   _FXN_F_zero
00000000   _GBL_CACHE
1180b468   _GBL_cacheInit64P
1181403c   _GBL_clkIn
11814040   _GBL_freq
1180c0e0   _GBL_getVersion
11814038   _GBL_procId
11802fb8   _GPIO_getInput
11802f40   _GPIO_setDir
1180302c   _GPIO_setOutput
118030ac   _GPIO_toggleLoop
11807100   _HOSTclose
118062c0   _HOSTlseek
118065c0   _HOSTopen
118066a0   _HOSTread
11805a00   _HOSTrename
11806b00   _HOSTunlink
11806bc0   _HOSTwrite
11811000   _HSRTDX_rec
11811760   _HSRTDX_xmt
11811fc0   _HST_A_TABBEG
11811ffc   _HST_A_TABEND
00005828   _HWI_CFGDISPATCHED
1181419c   _HWI_D_inhwi
11814190   _HWI_D_spsave
11808a00   _HWI_F_dispatch
0000000a   _HWI_INT10
0000000b   _HWI_INT11
0000000c   _HWI_INT12
0000000d   _HWI_INT13
0000000e   _HWI_INT14
0000000f   _HWI_INT15
00000004   _HWI_INT4
00000005   _HWI_INT5
00000006   _HWI_INT6
00000007   _HWI_INT7
00000008   _HWI_INT8
00000009   _HWI_INT9
00000001   _HWI_NMI
00000002   _HWI_RESERVED0
00000003   _HWI_RESERVED1
00000000   _HWI_RESET
11813e90   _HWI_STKBOTTOM
11813a98   _HWI_STKTOP
11814190   _HWI_data
1180bd80   _HWI_disable
11813e98   _HWI_dispatchTab
1180bd98   _HWI_enable
1180bdac   _HWI_restore
11802354   _I2CGPIO_getInput
11802470   _I2CGPIO_getInputAll
11802280   _I2CGPIO_init
11802580   _I2CGPIO_setOutput
118026c8   _I2CGPIO_setOutputAll
118032c0   _I2C_init
118033ac   _I2C_read
11803508   _I2C_write
11814a0c   _IDL_busyObj
11814ad8   _IDL_cpuLoad
1180c100   _IDL_loop
11814154   _IRAM
1180c1a0   _IRAM_base
00002000   _IRAM_length
11814108   _KNL_alarm
1180b520   _KNL_check
1181412c   _KNL_curqueue
1181411c   _KNL_curtask
11814124   _KNL_curtime
1180fdf0   _KNL_dummy
1180b880   _KNL_enter
1180b840   _KNL_exit
1180b5e8   _KNL_idle
11814144   _KNL_idlefxn
11814110   _KNL_inactive
1180ba40   _KNL_ipost
1180b610   _KNL_max
11814130   _KNL_maxqueue
1180bac0   _KNL_post
11814120   _KNL_prevtask
11814114   _KNL_priority
1180fd50   _KNL_queues
11809c20   _KNL_run
1180aec0   _KNL_saveIsrFrame
11814118   _KNL_set
1181410c   _KNL_setpri
118143a8   _KNL_swi
11814128   _KNL_swiptr
1180af6c   _KNL_switch
11814138   _KNL_tcreatefxn
1181413c   _KNL_tdeletefxn
1180a234   _KNL_tick
11814140   _KNL_treadyfxn
11814134   _KNL_tswitchfxn
11814100   _KNL_wFlag
11814104   _KNL_wList
ffffffff   _L3_CBA_RAM
1180bb60   _LCK_pend
1180bb40   _LCK_post
11805320   _LED_init
1180536c   _LED_isOn
1180546c   _LED_toggle
11805424   _LED_turnOff
118053d4   _LED_turnOn
11814adc   _LNK_dataPump
118141ac   _LNK_dspFrameReadyMask
118141a8   _LNK_dspFrameRequestMask
118141b4   _LNK_readDone
118141b8   _LNK_readFail
118141b0   _LNK_readPend
118141bc   _LNK_writeFail
11814aa8   _LOG_A_TABBEG
11814ad8   _LOG_A_TABEND
00000002   _LOG_A_TABLEN
11813fa4   _LOG_D_system
1180bbc0   _LOG_event
11814aa8   _LOG_system
1181421c   _MEM
11814044   _MEM_D_NUMSEGMENTS
1181404c   _MEM_D_freelist
11814050   _MEM_D_lockaddr
11814048   _MEM_D_memtab
11814054   _MEM_D_unlockaddr
11809e60   _MEM_alloc
1180a260   _MEM_free
11812c40   _MEM_init
11814148   _MEM_memtab
11800cd0   _McASP_Init
11800e14   _McASP_Start
1180fec0   _OBJ_segtab
1180fe88   _OBJ_table
11814900   _PIP_A_TABBEG
118149c8   _PIP_A_TABEND
11812d60   _PRD0
11813fe4   _PRD_D_tick
11814b20   _PRD_clock
118143d4   _PRD_swi
11814ae0   _RTA_dispatcher
11811fc4   _RTA_fromHost
11811fe0   _RTA_toHost
11812e00   _RTDX_Buffer
1181320c   _RTDX_Buffer_End
11811de0   _RTDX_Buffer_Initialize
11811f60   _RTDX_Buffer_Read
11811ea0   _RTDX_Buffer_ReadCB
11811ee0   _RTDX_Buffer_Size
11813208   _RTDX_Buffer_Start
11811f80   _RTDX_Buffer_Write
118112a0   _RTDX_Buffer_WriteCB
11811d60   _RTDX_Final_RT_Monitor
11811e40   _RTDX_Init_RT_Monitor
00000002   _RTDX_JTAGONLY
11811fa0   _RTDX_Mask_IER
11811a60   _RTDX_Mon_Queue
11811cc0   _RTDX_Poll
00000000   _RTDX_interrupt_mask
11811f20   _RTDX_memfill
11813260   _RTDX_writing
11814154   _SEG0
1180be40   _SEM_pend
1180a800   _SEM_pendEnterKnl
1180b760   _SEM_post
1180b760   _SEM_postBinary
1180b900   _SEM_postEnterKnl
118149c8   _STS_A_TABBEG
11814a18   _STS_A_TABEND
1180becc   _STS_add
1180bea0   _STS_delta
1180bee8   _STS_reset
1180c120   _STS_set
1181407c   _SWI_D_curfxn
1181406c   _SWI_D_curmask
11814070   _SWI_D_curset
11814068   _SWI_D_execaddr
11814084   _SWI_D_inswi
11814074   _SWI_D_lock
11814080   _SWI_D_rdybeg
11814064   _SWI_D_runaddr
11814064   _SWI_data
11808f50   _SWI_post
11814058   _SYS
11814600   _SYS_PUTCBEG
118147ff   _SYS_PUTCEND
1180bf00   _SYS_abort
1180bcc0   _SYS_error
1180b9a0   _SYS_exit
1180ff70   _SYS_exitStack
11814204   _SYS_exitStackPtr
11814208   _SYS_exitStackTop
11801210   _SetGpio
11814b18   _TRC_R_mask
118141f8   _TSK
1180fe28   _TSK_ATTRS
1180fe44   _TSK_config
1180b180   _TSK_exit
11814354   _TSK_idle
11812d00   _TSK_init
118141f0   _TSK_nTasks
118141f4   _TSK_pid
1180ab80   _TSK_setup
1180b6e4   _TSK_startup
1180fe64   _TSK_timerSem
11801198   _USTIMER_delay
11800c00   _UTIL_isUIBoardAttached
11800aa8   _UTIL_printMem
1180c040   _UTL_doAbort
1180c140   _UTL_doError
1180c080   _UTL_doPutc
1180c160   _UTL_halt
11814228   __CIOBUF_
1180ae90   __CLK_lat1beg
1180aeb0   __CLK_lat1end
11814060   __HOOK_NUMHOOKS
1181405c   __HOOK_knlId
11808a00   __HWI_lat1beg
11808b88   __HWI_lat1end
11808b88   __HWI_lat2beg
11808d64   __HWI_lat2end1
11808cf0   __HWI_lat2end2
11808d80   __HWI_lat3beg
11808d20   __HWI_lat3end2
1180bde0   __IDL_lat1beg
1180be20   __IDL_lat1end
1180b56c   __KNL_lat1beg
1180b5e8   __KNL_lat1end
1180bbc0   __LOG_lat1beg
1180ff04   __MEM_mutex
11809a40   __RTA_lat1beg
11809a74   __RTA_lat1end
1180a9e0   __SEM_dopost
11813e98   __STACK_END
00000400   __STACK_SIZE
11809058   __SWI_lat1beg
11809104   __SWI_lat1end
11809108   __SWI_lat2beg
11809168   __SWI_lat2end
11808ee0   __SWI_lat3beg
11808f4c   __SWI_lat3end
1180fedc   __TSK_mutex
1180ffdc   ___TI_enable_exit_profile_output
ffffffff   ___TI_pprof_out_hndl
ffffffff   ___TI_prof_data_size
ffffffff   ___TI_prof_data_start
11807c40   ___add_dtor
1180faa8   ___atexit_func_id__
ffffffff   ___binit__
11813e98   ___bss__
ffffffff   ___c_args__
1180e1a0   ___cinit__
11800000   ___data__
11800000   ___edata__
11814224   ___end__
11807ec0   ___etext__
11807c80   ___isinf
11814b08   ___pinit__
11800000   ___text__
1180b040   __auto_init
11806d40   __c6xabi_divu
118071a0   __cleanup
1180ffd4   __cleanup_ptr
11805f60   __closefile
11813410   __ctypes_
11801240   __divd
11807240   __divli
11806d40   __divu
118056c0   __divul
118043e0   __divull
11806e00   __doflush
1180ffd8   __dtors_ptr
11807420   __fixdli
11807920   __fltlid
11807d00   __frcmpyd_div
1180faa0   __ft_end
1180f780   __ftable
118079a0   __llshl
11807d40   __llshru
1180ffe0   __lock
11807dc0   __negll
11807de0   __nop
118074c0   __nround
11802760   __printfi
11807e40   __register_lock
11807e60   __register_unlock
11807d80   __remli
11813a98   __stack
11807b20   __subcull
1180f960   __tmpnams
11807e80   __trunc
1180ffe4   __unlock
118063c0   __wrt_ok
11806ec0   _atexit
11806780   _atoi
11805924   _audioHWI
11813518   _bitval_u32
1180f270   _c
11812b80   _c_int00
118064c0   _call_dtors
1180994c   _calloc
11806860   _close
11800688   _config_pll0
118008c4   _config_pll1
118058d8   _dipPRD
1180fd4c   _dtors
11804d00   _fputc
11802ba0   _fputs
11809720   _free
118061a0   _fseek
11800c68   _initAll
118076a0   _lseek
11806f80   _ltoa
11805860   _main
11809744   _malloc
1181420c   _mask
11809888   _memalign
11807b80   _memccpy
11807740   _memcpy
11806940   _memset
118077e0   _modf
11806a20   _printf
11804d00   _putc
11800c20   _read_audio_sample
11807a20   _readmsg
118097a4   _realloc
11807ea0   _remove
118141d8   _rtdxNullChanCnt
118141dc   _rtdxNullFuncCnt
118141e4   _rtdxRecNotDoneCnt
118141ec   _rtdxXmtErrorCnt
118141e0   _rtdxXmtNotDoneCnt
118141e8   _rtdxXmtRestartCnt
11813254   _rtdx_buffer_state
11813210   _rtdx_mon_state
11805120   _setvbuf
11804160   _sin
11814ac0   _trace
11807aa0   _unlink
11807880   _write
11800c44   _write_audio_sample
11807be0   _writemsg
ffffffff   binit
1180e1a0   cinit
11800000   edata
11814224   end
11807ec0   etext
11814400   hwi0
11814420   hwi1
11814540   hwi10
11814560   hwi11
11814580   hwi12
118145a0   hwi13
118145c0   hwi14
118145e0   hwi15
11814440   hwi2
11814460   hwi3
11814480   hwi4
118144a0   hwi5
118144c0   hwi6
118144e0   hwi7
11814500   hwi8
11814520   hwi9
11814b08   pinit
11814ac0   trace
11810000   trace$buf
00000001   trace$datatype
00000000   trace$log
00000400   trace$size


GLOBAL SYMBOLS: SORTED BY Symbol Address 

address    name
--------   ----
00000000   BUF$
00000000   CLK_PRDHIGH
00000000   CLK_TDDR
00000000   CLK_TDDRHIGH
00000000   CLK_TIMERNUM
00000000   DEV$
00000000   DGN$
00000000   DHL$
00000000   DHL_gChannelsAvailable
00000000   DIO$
00000000   DIO_NUMSWIBASE
00000000   DIO_NUMTSKBASE
00000000   DIO_STATIC
00000000   DPI$
00000000   ECM$
00000000   ECM_ENABLE
00000000   GBL_BCACHEREADADDR0
00000000   GBL_BCACHEREADADDR1
00000000   GBL_BCACHEREADADDR2
00000000   GBL_BIGENDIAN
00000000   GBL_CACHE
00000000   GBL_CALLCSLCFGINIT
00000000   GBL_ENABLE_SK
00000000   GBL_GEMTRUECOMPEN
00000000   GBL_L2MAR0_31
00000000   GBL_L2MAR160_191
00000000   GBL_L2MAR224_255
00000000   GBL_L2MAR32_63
00000000   GBL_L2MAR64_95
00000000   GBL_L2MAR96_127
00000000   GBL_L2MODE
00000000   GBL_NULL
00000000   GBL_PROCID
00000000   GBL_ROM
00000000   GBL_SUPPORTCSL
00000000   GBL_USERINIT
00000000   GIO$
00000000   HOOK$
00000000   HOOK_KNLID
00000000   HST_DSM
00000000   HST_NONE
00000000   HWI_GENERATE_RESET_VEC
00000000   HWI_INT10$hwi
00000000   HWI_INT11$hwi
00000000   HWI_INT12$hwi
00000000   HWI_INT13$hwi
00000000   HWI_INT14$hwi
00000000   HWI_INT15$hwi
00000000   HWI_INT4$hwi
00000000   HWI_INT5$hwi
00000000   HWI_INT6$hwi
00000000   HWI_INT7$hwi
00000000   HWI_INT8$hwi
00000000   HWI_INT9$hwi
00000000   HWI_NMI$hwi
00000000   HWI_POLARITYMASK
00000000   HWI_RESERVED0$hwi
00000000   HWI_RESERVED1$hwi
00000000   HWI_RESET
00000000   HWI_RESET$hwi
00000000   HWI_ZEROTAB
00000000   IDL_busyObj$iB
00000000   IDL_busyObj$operation
00000000   KNL_swi$ord
00000000   KNL_swi$pri
00000000   KNL_swi$sts$unittype
00000000   KNL_swi$swi
00000000   LOG_system$datatype
00000000   LOG_system$log
00000000   MBX$
00000000   MEM_NULL
00000000   MEM_USEMPC
00000000   MSGQ$
00000000   MSGQ_USEMSGQ
00000000   OBJ$
00000000   PIP$
00000000   PIP_gNextId
00000000   POOL$
00000000   POOL_USEPOOL
00000000   PRD0$mode
00000000   PRD0$prd
00000000   PRD0$sts$filter
00000000   PRD_swi$ord
00000000   PRD_swi$sts$unittype
00000000   PRD_swi$swi
00000000   PWRM_PWRM_ENABLE
00000000   PWRM_PWRM_INITSPPER
00000000   PWRM_PWRM_LOADENABLE
00000000   PWRM_PWRM_RESOURCETRACKING
00000000   PWRM_PWRM_SCALING
00000000   PWRM_PWRM_TIMERIDNUM
00000000   PWRM_PWRM_TIMERINTRMASK
00000000   PWRM_PWRM_TIMERWUGENMASK
00000000   PWRM_PWRM_USERRESOURCES
00000000   PWRM_PWRM_USETIMER
00000000   RTA_fromHost$hst
00000000   RTA_fromHost$mode
00000000   RTA_toHost$hst
00000000   RTA_toHost$id
00000000   RTDX_MODE
00000000   RTDX_USERTEXECUTION
00000000   SEM$
00000000   SIO$
00000000   SWI_EHOOKFXN
00000000   SWI_IHOOKFXN
00000000   TSK_NUM_HOOKS
00000000   TSK_READYFXN
00000000   TSK_STACKSEG
00000000   TSK_SWITCHFXN
00000000   TSK_idle$ord
00000000   TSK_idle$pri
00000000   TSK_idle$sts$unittype
00000000   TSK_idle$tsk
00000000   UDEV$
00000000   _CLK_TDDR
00000000   _CLK_TIMERNUM
00000000   _GBL_CACHE
00000000   _HWI_RESET
00000000   _RTDX_interrupt_mask
00000000   trace$log
00000001   BUF_ENABLED
00000001   CLK$
00000001   CLK_CALDIV
00000001   CLK_CALMULT
00000001   CLK_ENABLEHTIME
00000001   CLK_HTIMEDIV
00000001   CLK_HTIMEMULT
00000001   CLK_LTIMEDIV
00000001   CLK_POWERENABLE
00000001   CLK_RESETTIMER
00000001   CLK_USETIMER
00000001   GBL$
00000001   GBL_ENABLEINST
00000001   GBL_L2CONFIGURE
00000001   GBL_L2MAR128_159
00000001   GBL_boot
00000001   HST$
00000001   HST_RTDX
00000001   HWI$
00000001   HWI_ENABLE_EXC
00000001   HWI_NMI
00000001   IDL$
00000001   IDL_USECLKIDLTIME
00000001   IDL_busyObj$filter
00000001   IDL_busyObj$iA
00000001   IDL_busyObj$iC
00000001   ISRC$
00000001   KNL_swi$dorta
00000001   KNL_swi$sts$filtmaxmult
00000001   KNL_swi$sts$filtsummult
00000001   LCK$
00000001   LOG$
00000001   LOG_ENABLED
00000001   MEM$
00000001   MEM_gNumHeap
00000001   PRD$
00000001   PRD0$ord
00000001   PRD_A_TABLEN
00000001   PRD_SCALAR
00000001   PRD_swi$dorta
00000001   PRD_swi$pri
00000001   PRD_swi$sts$filtmaxmult
00000001   PRD_swi$sts$filtsummult
00000001   PWRM$
00000001   PWRM_PWRM_NUMSLOTS
00000001   QUE$
00000001   RTA_fromHost$id
00000001   RTA_toHost$mode
00000001   RTDX$
00000001   RTDX_NORMALIZED_HDR
00000001   RTDX_USERTDX
00000001   STS$
00000001   SWI$
00000001   SYS$
00000001   TSK$
00000001   TSK_PRIORITY
00000001   TSK_idle$sts$filtmaxmult
00000001   TSK_idle$sts$filtsummult
00000001   _CLK_USETIMER
00000001   _HWI_NMI
00000001   trace$datatype
00000002   HWI_RESERVED0
00000002   IDL_busyObj$unittype
00000002   KNL_swi$sts$filter
00000002   LOG_A_TABLEN
00000002   PIP_A_TABLEN
00000002   PIP_gNumEmbed
00000002   PRD0$sts$unittype
00000002   PRD_swi$sts$filter
00000002   PWRM_PWRM_INITSPCPU
00000002   SWI_A_TABLEN
00000002   TSK_idle$sts$filter
00000002   _HWI_RESERVED0
00000002   _LOG_A_TABLEN
00000002   _RTDX_JTAGONLY
00000003   HWI_RESERVED1
00000003   _HWI_RESERVED1
00000004   CLK_COUNTSPMSHIGH
00000004   EVENT4
00000004   HWI_INT4
00000004   RTA_fromHost$framesize
00000004   _EVENT4
00000004   _HWI_INT4
00000005   CLK_TIMMODE
00000005   EVENT5
00000005   HWI_INT5
00000005   _EVENT5
00000005   _HWI_INT5
00000006   EVENT6
00000006   HWI_INT6
00000006   IDL_CALIBRERROR
00000006   _EVENT6
00000006   _HWI_INT6
00000007   EVENT7
00000007   GBL_L1DMODE
00000007   GBL_L1PMODE
00000007   HWI_INT7
00000007   _EVENT7
00000007   _HWI_INT7
00000008   EVENT8
00000008   HWI_INT8
00000008   _EVENT8
00000008   _HWI_INT8
00000009   EVENT9
00000009   HWI_INT9
00000009   _EVENT9
00000009   _HWI_INT9
0000000a   EVENT10
0000000a   HWI_INT10
0000000a   PWRM_PWRM_CLKTICKSPERSLOT
0000000a   _EVENT10
0000000a   _HWI_INT10
0000000b   EVENT11
0000000b   HWI_INT11
0000000b   _EVENT11
0000000b   _HWI_INT11
0000000c   EVENT12
0000000c   HWI_INT12
0000000c   _EVENT12
0000000c   _HWI_INT12
0000000d   EVENT13
0000000d   HWI_INT13
0000000d   _EVENT13
0000000d   _HWI_INT13
0000000e   EVENT14
0000000e   HWI_INT14
0000000e   _EVENT14
0000000e   _HWI_INT14
0000000f   EVENT15
0000000f   HWI_INT15
0000000f   _EVENT15
0000000f   _HWI_INT15
00000010   EVENT16
00000010   _EVENT16
00000011   EVENT17
00000011   _EVENT17
00000012   EVENT18
00000012   _EVENT18
00000013   EVENT19
00000013   _EVENT19
00000014   EVENT20
00000014   _EVENT20
00000015   EVENT21
00000015   _EVENT21
00000016   EVENT22
00000016   _EVENT22
00000017   EVENT23
00000017   _EVENT23
00000018   EVENT24
00000018   _EVENT24
00000019   EVENT25
00000019   _EVENT25
0000001a   EVENT26
0000001a   _EVENT26
0000001b   EVENT27
0000001b   _EVENT27
0000001c   EVENT28
0000001c   _EVENT28
0000001d   EVENT29
0000001d   _EVENT29
0000001e   EVENT30
0000001e   _EVENT30
0000001f   EVENT31
0000001f   _EVENT31
00000020   CLK_TCR
00000020   EVENT32
00000020   _EVENT32
00000021   EVENT33
00000021   _EVENT33
00000022   EVENT34
00000022   _EVENT34
00000023   EVENT35
00000023   _EVENT35
00000024   EVENT36
00000024   _EVENT36
00000025   EVENT37
00000025   _EVENT37
00000026   EVENT38
00000026   _EVENT38
00000027   EVENT39
00000027   _EVENT39
00000028   EVENT40
00000028   _EVENT40
00000029   EVENT41
00000029   _EVENT41
0000002a   EVENT42
0000002a   _EVENT42
0000002b   EVENT43
0000002b   _EVENT43
0000002c   EVENT44
0000002c   _EVENT44
0000002d   EVENT45
0000002d   _EVENT45
0000002e   EVENT46
0000002e   _EVENT46
0000002f   EVENT47
0000002f   _EVENT47
00000030   EVENT48
00000030   PWRM_PWRM_CAPSMASK
00000030   _EVENT48
00000031   EVENT49
00000031   _EVENT49
00000032   EVENT50
00000032   _EVENT50
00000033   EVENT51
00000033   _EVENT51
00000034   EVENT52
00000034   _EVENT52
00000035   EVENT53
00000035   _EVENT53
00000036   EVENT54
00000036   _EVENT54
00000037   EVENT55
00000037   _EVENT55
00000038   EVENT56
00000038   _EVENT56
00000039   EVENT57
00000039   _EVENT57
0000003a   EVENT58
0000003a   _EVENT58
0000003b   EVENT59
0000003b   _EVENT59
0000003c   EVENT60
0000003c   _EVENT60
0000003d   EVENT61
0000003d   _EVENT61
0000003e   EVENT62
0000003e   GBL_DSPTYPE
0000003e   _EVENT62
0000003f   EVENT63
0000003f   _EVENT63
00000040   EVENT64
00000040   HST_MAXFRAMESET
00000040   RTA_toHost$framesize
00000040   _EVENT64
00000041   EVENT65
00000041   _EVENT65
00000042   EVENT66
00000042   GBL_FOOTPRINT
00000042   _EVENT66
00000043   EVENT67
00000043   _EVENT67
00000044   EVENT68
00000044   _EVENT68
00000045   EVENT69
00000045   _EVENT69
00000046   EVENT70
00000046   _EVENT70
00000047   EVENT71
00000047   _EVENT71
00000048   EVENT72
00000048   _EVENT72
00000049   EVENT73
00000049   _EVENT73
0000004a   EVENT74
0000004a   _EVENT74
0000004b   EVENT75
0000004b   _EVENT75
0000004c   EVENT76
0000004c   _EVENT76
0000004d   EVENT77
0000004d   _EVENT77
0000004e   EVENT78
0000004e   _EVENT78
0000004f   EVENT79
0000004f   _EVENT79
00000050   EVENT80
00000050   _EVENT80
00000051   EVENT81
00000051   _EVENT81
00000052   EVENT82
00000052   _EVENT82
00000053   EVENT83
00000053   _EVENT83
00000054   EVENT84
00000054   _EVENT84
00000055   EVENT85
00000055   _EVENT85
00000056   EVENT86
00000056   _EVENT86
00000057   EVENT87
00000057   _EVENT87
00000058   EVENT88
00000058   _EVENT88
00000059   EVENT89
00000059   _EVENT89
0000005a   EVENT90
0000005a   _EVENT90
0000005b   EVENT91
0000005b   _EVENT91
0000005c   EVENT92
0000005c   _EVENT92
0000005d   EVENT93
0000005d   _EVENT93
0000005e   EVENT94
0000005e   _EVENT94
0000005f   EVENT95
0000005f   _EVENT95
00000060   EVENT96
00000060   _EVENT96
00000061   EVENT97
00000061   _EVENT97
00000062   EVENT98
00000062   _EVENT98
00000063   EVENT99
00000063   _EVENT99
00000064   EVENT100
00000064   PIP_OBJSIZE
00000064   _EVENT100
00000065   EVENT101
00000065   _EVENT101
00000066   EVENT102
00000066   _EVENT102
00000067   EVENT103
00000067   _EVENT103
00000068   EVENT104
00000068   _EVENT104
00000069   EVENT105
00000069   _EVENT105
0000006a   EVENT106
0000006a   _EVENT106
0000006b   EVENT107
0000006b   _EVENT107
0000006c   EVENT108
0000006c   _EVENT108
0000006d   EVENT109
0000006d   _EVENT109
0000006e   EVENT110
0000006e   _EVENT110
0000006f   EVENT111
0000006f   _EVENT111
00000070   EVENT112
00000070   _EVENT112
00000071   EVENT113
00000071   _EVENT113
00000072   EVENT114
00000072   _EVENT114
00000073   EVENT115
00000073   _EVENT115
00000074   EVENT116
00000074   _EVENT116
00000075   EVENT117
00000075   _EVENT117
00000076   EVENT118
00000076   _EVENT118
00000077   EVENT119
00000077   _EVENT119
00000078   EVENT120
00000078   _EVENT120
00000079   EVENT121
00000079   _EVENT121
0000007a   EVENT122
0000007a   _EVENT122
0000007b   EVENT123
0000007b   _EVENT123
0000007c   EVENT124
0000007c   _EVENT124
0000007d   EVENT125
0000007d   _EVENT125
0000007e   EVENT126
0000007e   _EVENT126
0000007f   EVENT127
0000007f   _EVENT127
000000ff   HST_MAXFRAMEALLOWED
000001f4   PRD0$period
00000200   LOG_system$size
000003e8   CLK_MICROSECS
00000400   HST_DSMMEMSIZE
00000400   TSK_STACKSIZE
00000400   __STACK_SIZE
00000400   trace$size
00000408   RTDX_BUFMEMSIZE
00001a5b   GBL_CLKTYPE
00001a5c   GBL_DSPSUBTYPE
00002000   IRAM$L
00002000   _IRAM_length
00004000   CLK_INTBIT
00004e20   GBL_CLKIN
00005205   GBL_A_VERSION
00005828   HWI_CFGDISPATCHED
00005828   _HWI_CFGDISPATCHED
00005dc0   CLK_INPUTCLK
00005dc0   CLK_PRD
00005dc0   _CLK_PRD
0000dbef   GBL_TRCMASKVALUE
000493e0   CLK_COUNTSPMS
000493e0   CLK_HTIMEPERLTIME
000493e0   CLK_LTIMEMULT
000493e0   GBL_FREQ
000493e0   _CLK_COUNTSPMS
01c20000   CLK_REGS
01c20000   _CLK_REGS
07063d04   HWI_INTRMUX1
0b0a0908   HWI_INTRMUX2
11800000   .data
11800000   .text
11800000   _EVMC6748_init
11800000   ___data__
11800000   ___edata__
11800000   ___text__
11800000   edata
1180002c   _EVMC6748_initRAM
118001e8   _EVMC6748_enableDsp
11800214   _EVMC6748_pinmuxConfig
118002b0   _EVMC6748_lpscTransition
11800688   _config_pll0
118008c4   _config_pll1
11800aa8   _UTIL_printMem
11800c00   _UTIL_isUIBoardAttached
11800c20   _read_audio_sample
11800c44   _write_audio_sample
11800c68   _initAll
11800cd0   _McASP_Init
11800e14   _McASP_Start
1180104c   _AIC3106_Init
11801100   _AIC3106_readRegister
11801154   _AIC3106_writeRegister
11801198   _USTIMER_delay
11801210   _SetGpio
11801240   __divd
11802280   _I2CGPIO_init
11802354   _I2CGPIO_getInput
11802470   _I2CGPIO_getInputAll
11802580   _I2CGPIO_setOutput
118026c8   _I2CGPIO_setOutputAll
11802760   __printfi
11802ba0   _fputs
11802f40   _GPIO_setDir
11802fb8   _GPIO_getInput
1180302c   _GPIO_setOutput
118030ac   _GPIO_toggleLoop
118032c0   _I2C_init
118033ac   _I2C_read
11803508   _I2C_write
11804160   _sin
118043e0   __divull
11804d00   _fputc
11804d00   _putc
11805120   _setvbuf
11805320   _LED_init
1180536c   _LED_isOn
118053d4   _LED_turnOn
11805424   _LED_turnOff
1180546c   _LED_toggle
118056c0   __divul
11805860   _main
118058d8   _dipPRD
11805924   _audioHWI
11805a00   _HOSTrename
11805b80   _DIP_init
11805ba4   _DIP_get
11805c08   _DIP_getAll
11805f60   __closefile
118061a0   _fseek
118062c0   _HOSTlseek
118063c0   __wrt_ok
118064c0   _call_dtors
118065c0   _HOSTopen
118066a0   _HOSTread
11806780   _atoi
11806860   _close
11806940   _memset
11806a20   _printf
11806b00   _HOSTunlink
11806bc0   _HOSTwrite
11806d40   __c6xabi_divu
11806d40   __divu
11806e00   __doflush
11806ec0   _atexit
11806f80   _ltoa
11807100   _HOSTclose
118071a0   __cleanup
11807240   __divli
11807420   __fixdli
118074c0   __nround
118076a0   _lseek
11807740   _memcpy
118077e0   _modf
11807880   _write
11807920   __fltlid
118079a0   __llshl
11807a20   _readmsg
11807aa0   _unlink
11807b20   __subcull
11807b80   _memccpy
11807be0   _writemsg
11807c38   C$$IO$$
11807c40   ___add_dtor
11807c80   ___isinf
11807d00   __frcmpyd_div
11807d40   __llshru
11807d80   __remli
11807dc0   __negll
11807de0   __nop
11807e40   __register_lock
11807e60   __register_unlock
11807e80   __trunc
11807ea0   _remove
11807ec0   LNK_F_checkBufferCall
11807ec0   ___etext__
11807ec0   etext
11807ee0   LNK_F_getChanPtr
11807f38   LNK_F_init
11807f40   LNK_F_dataPump
11807f50   LNK_rcloop
11808014   LNK_rdrtry
11808024   LNK_rrloop
118080e4   LNK_wrrtry
118080f0   LNK_wrloop
118081c0   LNK_newin
118082f4   LNK_newout
11808448   LNK_F_readCallBack
11808480   _EXC_nmi
118084b4   _EXC_internal
11808760   _EXC_init
118087a0   _EXC_getLastStatus
118087c0   _EXC_external
118087f4   _EXC_exceptionHandler
118089d0   _EXC_clearLastStatus
11808a00   CLK_HOOKFXN
11808a00   HWI_F_dispatch
11808a00   _HWI_F_dispatch
11808a00   __HWI_lat1beg
11808b88   __HWI_lat1end
11808b88   __HWI_lat2beg
11808cf0   __HWI_lat2end2
11808d20   __HWI_lat3end2
11808d64   __HWI_lat2end1
11808d80   __HWI_lat3beg
11808ee0   SWI_F_enable
11808ee0   __SWI_lat3beg
11808f4c   __SWI_lat3end
11808f50   SWI_F_post
11808f50   _SWI_post
11809058   __SWI_lat1beg
118090c4   SWI_EXECFXN
118090c4   SWI_F_exec
118090ec   SWI_F_iexec
11809104   __SWI_lat1end
11809108   __SWI_lat2beg
11809168   __SWI_lat2end
1180916c   SWI_F_run
1180916c   SWI_RUNFXN
118093a0   PRD_F_swi
11809624   PRD_F_tick
11809720   _free
11809744   _malloc
118097a4   _realloc
11809888   _memalign
1180994c   _calloc
118099a0   RTA_F_getlog
118099d8   RTA_F_getsts
11809a18   RTA_F_readblk
11809a34   RTA_F_writeword
11809a40   RTA_F_resetmem
11809a40   __RTA_lat1beg
11809a74   __RTA_lat1end
11809a80   RTA_F_dispatch
11809acc   RTA_execute
11809c20   _KNL_run
11809e60   _MEM_alloc
1180a234   PRD_THOOKFXN
1180a234   _KNL_tick
1180a260   _MEM_free
1180a440   _EXC_dispatch
1180a604   _EXC_setReturnPtr
1180a620   PIP_F_take
1180a698   PIP_F_give
1180a698   PIP_F_probe
1180a768   PIP_F_start
1180a800   _SEM_pendEnterKnl
1180a9e0   __SEM_dopost
1180ab80   _TSK_setup
1180ad20   CLK_F_getltime
1180ad30   CLK_F_isr
1180ae70   CLK_F_itime
1180ae70   _CLK_F_itime
1180ae70   _CLK_itime
1180ae90   __CLK_lat1beg
1180aeb0   __CLK_lat1end
1180aec0   _KNL_saveIsrFrame
1180af6c   _KNL_switch
1180b018   KNL_glue
1180b040   __auto_init
1180b180   _TSK_exit
1180b2c0   _BCACHE_setSize
1180b304   _BCACHE_setMar
1180b354   _BCACHE_setCacheToSram
1180b384   _BCACHE_getSize
1180b3d4   _BCACHE_getMar
1180b468   _GBL_cacheInit64P
1180b520   _KNL_check
1180b56c   __KNL_lat1beg
1180b5e8   _KNL_idle
1180b5e8   __KNL_lat1end
1180b610   _KNL_max
1180b6e4   _TSK_startup
1180b760   _SEM_post
1180b760   _SEM_postBinary
1180b840   _KNL_exit
1180b880   _KNL_enter
1180b900   _SEM_postEnterKnl
1180b9a0   _SYS_exit
1180ba40   _KNL_ipost
1180bac0   _KNL_post
1180bb40   _LCK_post
1180bb60   _LCK_pend
1180bbc0   LOG_F_event
1180bbc0   _LOG_event
1180bbc0   __LOG_lat1beg
1180bc40   IDL_F_calibrate
1180bcc0   _SYS_error
1180bd20   FXN_F_nop
1180bd24   FXN_F_run
1180bd24   _FXN_F_run
1180bd60   FXN_F_zero
1180bd60   _FXN_F_zero
1180bd80   _HWI_disable
1180bd98   _HWI_enable
1180bdac   _HWI_restore
1180bde0   IDL_F_busy
1180bde0   __IDL_lat1beg
1180be20   __IDL_lat1end
1180be40   _SEM_pend
1180bea0   STS_F_delta
1180bea0   _STS_delta
1180becc   STS_F_add
1180becc   _STS_add
1180bee8   STS_F_reset
1180bee8   _STS_reset
1180bf00   _SYS_abort
1180bf60   _CLK_measure
1180bfc0   IDL_CALIBRFXN
1180bfc0   IDL_F_stub
1180c000   RTA_F_andn
1180c018   RTA_F_or
1180c040   SYS_ABORTFXN
1180c040   _UTL_doAbort
1180c080   SYS_PUTCFXN
1180c080   _UTL_doPutc
1180c0c0   GBL_USERINITFXN
1180c0c0   GIO_CREATEFXN
1180c0c0   GIO_DELETEFXN
1180c0c0   GIO_PENDFXN
1180c0c0   GIO_POSTFXN
1180c0c0   PWRM_PWRM_SHAREDRESOURCEFXN
1180c0c0   PWRM_PWRM_SLOTHOOKFXN
1180c0c0   TSK_VCREATEFXN
1180c0c0   TSK_VDELETEFXN
1180c0c0   TSK_VEXITFXN
1180c0c0   _BCACHE_bootInit
1180c0c0   _FXN_F_nop
1180c0e0   _GBL_getVersion
1180c100   IDL_F_loop
1180c100   _IDL_loop
1180c120   _STS_set
1180c140   SYS_ERRORFXN
1180c140   _UTL_doError
1180c160   SYS_EXITFXN
1180c160   _UTL_halt
1180c180   CLK_F_gethtime
1180c180   CLK_TIMEFXN
1180c180   _CLK_gethtime
1180c1a0   IRAM$B
1180c1a0   _IRAM_base
1180e1a0   ___cinit__
1180e1a0   cinit
1180f270   _c
1180f77c   _CLK_inputClock
1180f780   __ftable
1180f960   __tmpnams
1180faa0   __ft_end
1180faa8   ___atexit_func_id__
1180fd4c   _dtors
1180fd50   _KNL_queues
1180fdf0   _KNL_dummy
1180fe28   _TSK_ATTRS
1180fe44   _TSK_config
1180fe64   _TSK_timerSem
1180fe88   _OBJ_table
1180fec0   _OBJ_segtab
1180fedc   __TSK_mutex
1180ff04   __MEM_mutex
1180ff70   _SYS_exitStack
1180ffa8   _EXC_status
1180ffd4   __cleanup_ptr
1180ffd8   __dtors_ptr
1180ffdc   ___TI_enable_exit_profile_output
1180ffe0   __lock
1180ffe4   __unlock
1180fff0   RTA_fromHost$buf
11810000   trace$buf
11811000   _HSRTDX_rec
118112a0   _RTDX_Buffer_WriteCB
11811760   _HSRTDX_xmt
11811a60   _RTDX_Mon_Queue
11811cc0   _RTDX_Poll
11811d60   _RTDX_Final_RT_Monitor
11811de0   _RTDX_Buffer_Initialize
11811e40   _RTDX_Init_RT_Monitor
11811ea0   _RTDX_Buffer_ReadCB
11811ee0   _RTDX_Buffer_Size
11811f20   _RTDX_memfill
11811f60   _RTDX_Buffer_Read
11811f80   _RTDX_Buffer_Write
11811fa0   _RTDX_Mask_IER
11811fc0   HST_A_TABBEG
11811fc0   _HST_A_TABBEG
11811fc4   RTA_fromHost
11811fc4   _RTA_fromHost
11811fcc   RTA_fromHost$rtdx
11811fe0   RTA_toHost
11811fe0   _RTA_toHost
11811fe8   RTA_toHost$rtdx
11811ffc   HST_A_TABEND
11811ffc   _HST_A_TABEND
11812000   LOG_system$buf
11812800   BIOS_init
11812800   _BIOS_init
11812984   BIOS$$CLKON
118129c4   BIOS$$CLKOFF
11812a30   BIOS_start
11812a30   _BIOS_start
11812b80   _c_int00
11812c40   _MEM_init
11812d00   _TSK_init
11812d60   PRD0
11812d60   PRD_A_TABBEG
11812d60   _PRD0
11812d7c   PRD0$aaa
11812d80   PRD_A_TABEND
11812e00   _RTDX_Buffer
11813208   _RTDX_Buffer_Start
1181320c   _RTDX_Buffer_End
11813210   _rtdx_mon_state
11813254   _rtdx_buffer_state
11813260   _RTDX_writing
11813410   __ctypes_
11813518   _bitval_u32
11813691   PRD0$sts$maxfmt
11813698   TSK_idle$stack
1181369a   PRD0$sts$sumfmt
118136a3   PRD0$sts$avgfmt
118136ae   KNL_swi$sts$maxfmt
118136b6   KNL_swi$sts$sumfmt
118136be   KNL_swi$sts$avgfmt
118136c8   PRD_swi$sts$maxfmt
118136d0   PRD_swi$sts$sumfmt
118136d8   PRD_swi$sts$avgfmt
118136e2   TSK_idle$sts$maxfmt
118136ea   TSK_idle$sts$sumfmt
118136f2   TSK_idle$sts$avgfmt
118136fc   IDL_busyObj$maxfmt
118136ff   IDL_busyObj$sumfmt
11813702   IDL_busyObj$avgfmt
11813a30   TSK_idle$stkptr
11813a98   GBL_stackbeg
11813a98   _HWI_STKTOP
11813a98   __stack
11813e90   _HWI_STKBOTTOM
11813e97   GBL_stackend
11813e98   $bss
11813e98   .bss
11813e98   _HWI_dispatchTab
11813e98   __STACK_END
11813e98   ___bss__
11813f98   IDL_D_tabbeg
11813f9c   IDL_D_calibrate
11813fa0   IDL_D_calbeg
11813fa4   LOG_D_system
11813fa4   _LOG_D_system
11813fa8   PIP_D_tabbeg
11813fac   PIP_D_tablen
11813fb0   CLK_R_time
11813fb4   CLK_D_timefxn
11813fb8   CLK_D_tabbeg
11813fbc   CLK_D_isrhook
11813fc0   CLK_D_idletime
11813fc4   _CLK_htimeDiv
11813fc8   _CLK_htimeMult
11813fcc   _CLK_ltimeDiv
11813fd0   _CLK_ltimeMult
11813fd4   _CLK_D_dirty
11813fd8   _CLK_D_prd
11813fdc   _CLK_D_tddr
11813fe0   _CLK_D_countspms
11813fe4   PRD_D_tick
11813fe4   _PRD_D_tick
11813fe8   PRD_D_cur
11813fec   PRD_D_elapsed
11813ff0   PRD_D_prevtim
11813ff4   PRD_D_scalar
11813ff8   PRD_D_swihandle
11813ffc   PRD_D_tabbeg
11814000   PRD_D_tablen
11814004   PRD_D_thook
11814008   RTA_D_fromHost
1181400c   RTA_D_toHost
11814010   RTA_D_logval
11814020   RTA_D_stsval
1181402c   HST_D_chanmask
11814030   HST_D_tabbeg
11814034   HST_D_tabend
11814038   _GBL_procId
1181403c   _GBL_clkIn
11814040   _GBL_freq
11814044   _MEM_D_NUMSEGMENTS
11814048   _MEM_D_memtab
1181404c   _MEM_D_freelist
11814050   _MEM_D_lockaddr
11814054   _MEM_D_unlockaddr
11814058   _SYS
1181405c   __HOOK_knlId
11814060   __HOOK_NUMHOOKS
11814064   SWI_D_runaddr
11814064   _SWI_D_runaddr
11814064   _SWI_data
11814068   SWI_D_execaddr
11814068   _SWI_D_execaddr
1181406c   SWI_D_curmask
1181406c   _SWI_D_curmask
11814070   SWI_D_curset
11814070   _SWI_D_curset
11814074   SWI_D_lock
11814074   _SWI_D_lock
11814078   SWI_D_curmbox
1181407c   SWI_D_curfxn
1181407c   _SWI_D_curfxn
11814080   SWI_D_rdybeg
11814080   _SWI_D_rdybeg
11814084   SWI_D_inswi
11814084   _SWI_D_inswi
11814088   SWI_D_rdytab
11814100   _KNL_wFlag
11814104   _KNL_wList
11814108   _KNL_alarm
1181410c   _KNL_setpri
11814110   _KNL_inactive
11814114   _KNL_priority
11814118   _KNL_set
1181411c   _KNL_curtask
11814120   _KNL_prevtask
11814124   _KNL_curtime
11814128   _KNL_swiptr
1181412c   _KNL_curqueue
11814130   _KNL_maxqueue
11814134   _KNL_tswitchfxn
11814138   _KNL_tcreatefxn
1181413c   _KNL_tdeletefxn
11814140   _KNL_treadyfxn
11814144   _KNL_idlefxn
11814148   _MEM_memtab
11814154   HST_DSMBUFSEG
11814154   IRAM
11814154   MEM_MALLOCSEG
11814154   MEM_SEGZERO
11814154   RTDX_DATAMEMSEG
11814154   _IRAM
11814154   _SEG0
11814158   RTA_fromHost$pipe$dtab
11814164   RTA_toHost$pipe$dtab
11814170   _EXC_sysTrapTable
11814178   _EXC_returnPtr
11814190   HWI_D_spsave
11814190   _HWI_D_spsave
11814190   _HWI_data
1181419c   _HWI_D_inhwi
118141a0   HWI_D_bss
118141a4   HWI_D_ccmask
118141a8   LNK_dspFrameRequestMask
118141a8   _LNK_dspFrameRequestMask
118141ac   LNK_dspFrameReadyMask
118141ac   _LNK_dspFrameReadyMask
118141b0   LNK_readPend
118141b0   _LNK_readPend
118141b4   LNK_readDone
118141b4   _LNK_readDone
118141b8   LNK_readFail
118141b8   _LNK_readFail
118141bc   LNK_writeFail
118141bc   _LNK_writeFail
118141c0   _EXC_exceptionHook
118141c4   _EXC_internalHook
118141c8   _EXC_externalHook
118141cc   _EXC_nmiHook
118141d8   _rtdxNullChanCnt
118141dc   _rtdxNullFuncCnt
118141e0   _rtdxXmtNotDoneCnt
118141e4   _rtdxRecNotDoneCnt
118141e8   _rtdxXmtRestartCnt
118141ec   _rtdxXmtErrorCnt
118141f0   _TSK_nTasks
118141f4   _TSK_pid
118141f8   _TSK
118141fc   _CLK_DFLTMICROSECS
11814200   _CLK_D_microseconds
11814204   _SYS_exitStackPtr
11814208   _SYS_exitStackTop
1181420c   _mask
11814214   _CLK_htimePerLtime
11814218   IDL_D_busyObj
1181421c   _MEM
11814224   ___end__
11814224   end
11814228   __CIOBUF_
11814354   TSK_idle
11814354   _TSK_idle
118143a8   KNL_swi
118143a8   SWI_A_TABBEG
118143a8   _KNL_swi
118143d4   PRD_SWIHANDLE
118143d4   PRD_swi
118143d4   _PRD_swi
11814400   HWI_A_VECS
11814400   SWI_A_TABEND
11814400   hwi0
11814420   hwi1
11814440   hwi2
11814460   hwi3
11814480   hwi4
118144a0   hwi5
118144c0   hwi6
118144e0   hwi7
11814500   hwi8
11814520   hwi9
11814540   hwi10
11814560   hwi11
11814580   hwi12
118145a0   hwi13
118145c0   hwi14
118145e0   hwi15
11814600   _SYS_PUTCBEG
118147ff   _SYS_PUTCEND
11814800   RTA_toHost$buf
11814900   PIP_A_TABBEG
11814900   RTA_fromHost$pipe
11814900   _PIP_A_TABBEG
11814904   RTA_fromHost$pipe$rd
11814930   RTA_fromHost$pipe$aaa
11814934   RTA_fromHost$pipe$wr
11814960   RTA_fromHost$pipe$bbb
11814964   RTA_toHost$pipe
11814968   RTA_toHost$pipe$rd
11814994   RTA_toHost$pipe$aaa
11814998   RTA_toHost$pipe$wr
118149c4   RTA_toHost$pipe$bbb
118149c8   PIP_A_TABEND
118149c8   PRD0$sts$stsobj
118149c8   STS_A_TABBEG
118149c8   _PIP_A_TABEND
118149c8   _STS_A_TABBEG
118149cc   PRD0$sts
118149d8   KNL_swi$sts$stsobj
118149dc   KNL_swi$sts
118149e8   PRD_swi$sts$stsobj
118149ec   PRD_swi$sts
118149f8   TSK_idle$sts$stsobj
118149fc   TSK_idle$sts
11814a08   IDL_busyObj$stsobj
11814a0c   IDL_busyObj
11814a0c   _IDL_busyObj
11814a18   STS_A_TABEND
11814a18   _STS_A_TABEND
11814aa8   LOG_A_TABBEG
11814aa8   LOG_system
11814aa8   _LOG_A_TABBEG
11814aa8   _LOG_system
11814ac0   _trace
11814ac0   trace
11814ad8   IDL_A_TABBEG
11814ad8   IDL_cpuLoad
11814ad8   LOG_A_TABEND
11814ad8   _IDL_cpuLoad
11814ad8   _LOG_A_TABEND
11814adc   LNK_dataPump
11814adc   _LNK_dataPump
11814ae0   RTA_dispatcher
11814ae0   _RTA_dispatcher
11814ae4   IDL_END
11814ae8   IDL_A_CALBEG
11814ae8   IDL_cpuLoad$
11814aec   LNK_dataPump$
11814af0   RTA_dispatcher$
11814af4   IDL_END$
11814af8   SYS$config
11814b08   ___pinit__
11814b08   pinit
11814b14   TRC_cinit
11814b18   TRC_R_mask
11814b18   _TRC_R_mask
11814b1c   GBL_initdone
11814b20   CLK_A_TABBEG
11814b20   PRD_clock
11814b20   _PRD_clock
11814b24   CLK_null
28040d0c   HWI_INTRMUX3
ffffffff   CACHE_L1D
ffffffff   CACHE_L1P
ffffffff   DDR
ffffffff   ECM_EVTMASK0
ffffffff   ECM_EVTMASK1
ffffffff   ECM_EVTMASK2
ffffffff   ECM_EVTMASK3
ffffffff   GBL_L2MAR192_223
ffffffff   L3_CBA_RAM
ffffffff   _CACHE_L1D
ffffffff   _CACHE_L1P
ffffffff   _DDR
ffffffff   _L3_CBA_RAM
ffffffff   ___TI_pprof_out_hndl
ffffffff   ___TI_prof_data_size
ffffffff   ___TI_prof_data_start
ffffffff   ___binit__
ffffffff   ___c_args__
ffffffff   binit

[1135 symbols]
