******************************************************************************
               TMS320C6x Linker PC v7.4.16                     
******************************************************************************
>> Linked Thu Feb 06 14:21:22 2020

OUTPUT FILE NAME:   <Lab2.out>
ENTRY POINT SYMBOL: "_c_int00"  address: 11815cc0


MEMORY CONFIGURATION

         name            origin    length      used     unused   attr    fill
----------------------  --------  ---------  --------  --------  ----  --------
  IRAM                  11800000   00040000  00017163  00028e9d  RWIX
  L3_shared_RAM         80000000   00020000  00000000  00020000  RWIX
  DDR2_data             c0000000   08000000  00000000  08000000  RWIX


SEGMENT ALLOCATION MAP

run origin  load origin   length   init length attrs members
----------  ----------- ---------- ----------- ----- -------
11800000    11800000    00010000   00000000    rw-
  11800000    11800000    00010000   00000000    rw- .stack
11810000    11810000    000061e0   000061e0    r-x
  11810000    11810000    000061e0   000061e0    r-x .text
118161e0    118161e0    00000800   00000000    rw-
  118161e0    118161e0    00000800   00000000    rw- .sysmem
118169e0    118169e0    0000031c   0000031c    rw-
  118169e0    118169e0    0000031c   0000031c    rw- .fardata
11816d00    11816d00    00000167   00000167    r--
  11816d00    11816d00    00000167   00000167    r-- .const
11816e68    11816e68    00000268   00000000    rw-
  11816e68    11816e68    00000148   00000000    rw- .far
  11816fb0    11816fb0    00000120   00000000    rw- .cio
118170d0    118170d0    00000098   00000098    r--
  118170d0    118170d0    00000098   00000098    r-- .cinit


SECTION ALLOCATION MAP

 output                                  attributes/
section   page    origin      length       input sections
--------  ----  ----------  ----------   ----------------
.stack     0    11800000    00010000     UNINITIALIZED
                  11800000    00000008     rts6740_elf.lib : boot.obj (.stack)
                  11800008    0000fff8     --HOLE--

.text      0    11810000    000061e0     
                  11810000    000005c0     rts6740_elf.lib : _printfi.obj (.text:_getarg_diouxp)
                  118105c0    000005a0                     : divd.obj (.text:__c6xabi_divd)
                  11810b60    00000520                     : _printfi.obj (.text:_setfield)
                  11811080    00000460                     : _printfi.obj (.text:_printfi)
                  118114e0    000003a0                     : fputs.obj (.text:fputs)
                  11811880    00000320                     : _printfi.obj (.text:_pproc_fge)
                  11811ba0    000002e0                     : _printfi.obj (.text:_pproc_fwp)
                  11811e80    000002a0                     : _printfi.obj (.text:ecvt)
                  11812120    000002a0                     : _printfi.obj (.text:fcvt)
                  118123c0    00000280                     : memory.obj (.text:free)
                  11812640    00000260                     : imath64.obj (.text:__c6xabi_divull)
                  118128a0    00000260                     : _printfi.obj (.text:_pconv_e)
                  11812b00    00000240                     : _printfi.obj (.text:_pproc_diouxp)
                  11812d40    00000220                     : _printfi.obj (.text:_pproc_str)
                  11812f60    00000220                     : fputc.obj (.text:fputc)
                  11813180    00000200                     : _printfi.obj (.text:_pconv_g)
                  11813380    00000200                     : setvbuf.obj (.text:setvbuf)
                  11813580    000001c0                     : _printfi.obj (.text:_mcpy)
                  11813740    000001a0                     : imath40.obj (.text:__c6xabi_divul)
                  118138e0    00000180                     : trgdrv.obj (.text:HOSTrename)
                  11813a60    00000180                     : copy_decompress_rle.obj (.text:__TI_decompress_rle_core)
                  11813be0    00000180                     : memory.obj (.text:malloc)
                  11813d60    00000140                     : _printfi.obj (.text:_pproc_fflags)
                  11813ea0    00000140     bsl_main.obj (.text)
                  11813fe0    00000140     rts6740_elf.lib : lowlev.obj (.text:getdevice)
                  11814120    00000120                     : fclose.obj (.text:_closefile)
                  11814240    00000120                     : _printfi.obj (.text:_ltostr)
                  11814360    00000120                     : fseek.obj (.text:fseek)
                  11814480    00000100                     : trgdrv.obj (.text:HOSTlseek)
                  11814580    00000100                     : autoinit.obj (.text:_auto_init_elf)
                  11814680    00000100                     : _io_perm.obj (.text:_wrt_ok)
                  11814780    00000100                     : cpy_tbl.obj (.text:copy_in)
                  11814880    000000e0                     : trgdrv.obj (.text:HOSTopen)
                  11814960    000000e0                     : trgdrv.obj (.text:HOSTread)
                  11814a40    000000e0                     : atoi.obj (.text:atoi)
                  11814b20    000000e0                     : lowlev.obj (.text:close)
                  11814c00    000000e0                     : copy_zero_init.obj (.text:decompress:ZI:__TI_zero_init)
                  11814ce0    000000e0                     : ltoa.obj (.text:ltoa)
                  11814dc0    000000e0                     : memset.obj (.text:memset)
                  11814ea0    000000e0                     : printf.obj (.text:printf)
                  11814f80    000000c0                     : trgdrv.obj (.text:HOSTunlink)
                  11815040    000000c0                     : trgdrv.obj (.text:HOSTwrite)
                  11815100    000000c0                     : divu.obj (.text:__divu)
                  118151c0    000000c0                     : _printfi.obj (.text:_div)
                  11815280    000000c0                     : fflush.obj (.text:_doflush)
                  11815340    000000c0                     : exit.obj (.text:exit)
                  11815400    000000c0                     : tls.obj (.text:tls:init:__TI_tls_init)
                  118154c0    000000a0                     : trgdrv.obj (.text:HOSTclose)
                  11815560    000000a0                     : fopen.obj (.text:_cleanup)
                  11815600    000000a0                     : _printfi.obj (.text:_ecpy)
                  118156a0    000000a0                     : _printfi.obj (.text:_fcpy)
                  11815740    000000a0                     : memory.obj (.text:_minit)
                  118157e0    000000a0                     : _printfi.obj (.text:_pconv_f)
                  11815880    000000a0                     : lowlev.obj (.text:finddevice)
                  11815920    000000a0                     : lowlev.obj (.text:lseek)
                  118159c0    000000a0                     : memcpy64.obj (.text:memcpy)
                  11815a60    000000a0                     : memory.obj (.text:minsert)
                  11815b00    000000a0                     : memory.obj (.text:mremove)
                  11815ba0    000000a0                     : lowlev.obj (.text:write)
                  11815c40    00000080                     : llshift.obj (.text:__c6xabi_llshl)
                  11815cc0    00000080                     : boot.obj (.text:_c_int00)
                  11815d40    00000080                     : trgmsg.obj (.text:readmsg)
                  11815dc0    00000080                     : lowlev.obj (.text:unlink)
                  11815e40    00000060                     : cpp_init.obj (.text:__TI_cpp_init)
                  11815ea0    00000060                     : imath64.obj (.text:_subcull)
                  11815f00    00000060                     : memccpy.obj (.text:memccpy)
                  11815f60    00000060                     : trgmsg.obj (.text:writemsg)
                  11815fc0    00000040                     : frcmpyd_div.obj (.text:__c6xabi_frcmpyd_div)
                  11816000    00000040                     : isinf.obj (.text:__c6xabi_isinf)
                  11816040    00000040                     : _printfi.obj (.text:__c6xabi_isnan)
                  11816080    00000040                     : llshift.obj (.text:__c6xabi_llshru)
                  118160c0    00000040                     : args_main.obj (.text:_args_main)
                  11816100    00000020                     : negll.obj (.text:__c6xabi_negll)
                  11816120    00000020                     : _lock.obj (.text:_nop)
                  11816140    00000020                     : printf.obj (.text:_outc)
                  11816160    00000020                     : printf.obj (.text:_outs)
                  11816180    00000020                     : exit.obj (.text:abort)
                  118161a0    00000020                     : copy_decompress_none.obj (.text:decompress:none:__TI_decompress_none)
                  118161c0    00000020                     : copy_decompress_rle.obj (.text:decompress:rle24:__TI_decompress_rle24)

.sysmem    0    118161e0    00000800     UNINITIALIZED
                  118161e0    00000008     rts6740_elf.lib : memory.obj (.sysmem)
                  118161e8    000007f8     --HOLE--

.fardata   0    118169e0    0000031c     
                  118169e0    000001e0     rts6740_elf.lib : defs.obj (.fardata:_ftable)
                  11816bc0    000000a0                     : lowlev.obj (.fardata:_stream)
                  11816c60    00000078                     : lowlev.obj (.fardata:_device)
                  11816cd8    0000000c                     : exit.obj (.fardata)
                  11816ce4    0000000c                     : memory.obj (.fardata)
                  11816cf0    00000008                     : _lock.obj (.fardata)
                  11816cf8    00000004                     : defs.obj (.fardata)

.const     0    11816d00    00000167     
                  11816d00    00000101     rts6740_elf.lib : ctype.obj (.const:.string:_ctypes_)
                  11816e01    00000003     --HOLE-- [fill = 0]
                  11816e04    00000040     bsl_main.obj (.const:.string)
                  11816e44    00000023     rts6740_elf.lib : _printfi.obj (.const:.string)

.far       0    11816e68    00000148     UNINITIALIZED
                  11816e68    00000140     rts6740_elf.lib : defs.obj (.far)
                  11816fa8    00000008                     : trgdrv.obj (.far)

.cio       0    11816fb0    00000120     UNINITIALIZED
                  11816fb0    00000120     rts6740_elf.lib : trgmsg.obj (.cio)

.cinit     0    118170d0    00000098     
                  118170d0    00000072     (.cinit..fardata.load) [load image, compression = rle]
                  11817142    00000002     --HOLE-- [fill = 0]
                  11817144    0000000c     (__TI_handler_table)
                  11817150    00000008     (.cinit..far.load) [load image, compression = zero_init]
                  11817158    00000010     (__TI_cinit_table)


LINKER GENERATED COPY TABLES

__TI_cinit_table @ 11817158 records: 2, size/record: 8, table size: 16
	.fardata: load addr=118170d0, load size=00000072 bytes, run addr=118169e0, run size=0000031c bytes, compression=rle
	.far: load addr=11817150, load size=00000008 bytes, run addr=11816e68, run size=00000148 bytes, compression=zero_init


LINKER GENERATED HANDLER TABLE

__TI_handler_table @ 11817144 records: 3, size/record: 4, table size: 12
	index: 0, handler: __TI_zero_init
	index: 1, handler: __TI_decompress_rle24
	index: 2, handler: __TI_decompress_none


GLOBAL SYMBOLS: SORTED ALPHABETICALLY BY Name 

address    name
--------   ----
11816180   C$$EXIT
11815fb8   C$$IO$$
UNDEFED    DIP_get
UNDEFED    DIP_getAll
UNDEFED    DIP_init
118154c0   HOSTclose
11814480   HOSTlseek
11814880   HOSTopen
11814960   HOSTread
118138e0   HOSTrename
11814f80   HOSTunlink
11815040   HOSTwrite
UNDEFED    I2C_init
UNDEFED    LED_init
UNDEFED    LED_toggle
UNDEFED    USTIMER_delay
UNDEFED    USTIMER_init
11816fb0   __CIOBUF_
11817158   __TI_CINIT_Base
11817168   __TI_CINIT_Limit
11817144   __TI_Handler_Table_Base
11817150   __TI_Handler_Table_Limit
UNDEFED    __TI_INITARRAY_Base
UNDEFED    __TI_INITARRAY_Limit
11810000   __TI_STACK_END
00010000   __TI_STACK_SIZE
00000000   __TI_STATIC_BASE
00000800   __TI_SYSMEM_SIZE
UNDEFED    __TI_TLS_INIT_Base
UNDEFED    __TI_TLS_INIT_Limit
00000001   __TI_args_main
11815e40   __TI_cpp_init
118161a0   __TI_decompress_none
118161c0   __TI_decompress_rle24
11816ce0   __TI_enable_exit_profile_output
ffffffff   __TI_pprof_out_hndl
ffffffff   __TI_prof_data_size
ffffffff   __TI_prof_data_start
11815400   __TI_tls_init
11814c00   __TI_zero_init
ffffffff   __binit__
118105c0   __c6xabi_divd
11815100   __c6xabi_divu
11813740   __c6xabi_divul
11812640   __c6xabi_divull
11815fc0   __c6xabi_frcmpyd_div
11816000   __c6xabi_isinf
11815c40   __c6xabi_llshl
11816080   __c6xabi_llshru
11816100   __c6xabi_negll
ffffffff   __c_args__
11815100   __divu
118160c0   _args_main
11814580   _auto_init_elf
11815cc0   _c_int00
11815560   _cleanup
11816cd8   _cleanup_ptr
11814120   _closefile
11816d00   _ctypes_
11815280   _doflush
11816cdc   _dtors_ptr
11816cf8   _ft_end
118169e0   _ftable
11816cf0   _lock
11815740   _minit
11816120   _nop
11811080   _printfi
11800000   _stack
11815ea0   _subcull
118161e0   _sys_memory
11816e68   _tmpnams
11816cf4   _unlock
11814680   _wrt_ok
11816180   abort
11814a40   atoi
ffffffff   binit
11814b20   close
11814780   copy_in
11815340   exit
11812f60   fputc
118114e0   fputs
118123c0   free
11814360   fseek
11815920   lseek
11814ce0   ltoa
11813ea0   main
11813be0   malloc
11815f00   memccpy
118159c0   memcpy
11814dc0   memset
11814ea0   printf
11815d40   readmsg
11815dc0   remove
11813380   setvbuf
11815dc0   unlink
11815ba0   write
11815f60   writemsg


GLOBAL SYMBOLS: SORTED BY Symbol Address 

address    name
--------   ----
00000000   __TI_STATIC_BASE
00000001   __TI_args_main
00000800   __TI_SYSMEM_SIZE
00010000   __TI_STACK_SIZE
11800000   _stack
11810000   __TI_STACK_END
118105c0   __c6xabi_divd
11811080   _printfi
118114e0   fputs
118123c0   free
11812640   __c6xabi_divull
11812f60   fputc
11813380   setvbuf
11813740   __c6xabi_divul
118138e0   HOSTrename
11813be0   malloc
11813ea0   main
11814120   _closefile
11814360   fseek
11814480   HOSTlseek
11814580   _auto_init_elf
11814680   _wrt_ok
11814780   copy_in
11814880   HOSTopen
11814960   HOSTread
11814a40   atoi
11814b20   close
11814c00   __TI_zero_init
11814ce0   ltoa
11814dc0   memset
11814ea0   printf
11814f80   HOSTunlink
11815040   HOSTwrite
11815100   __c6xabi_divu
11815100   __divu
11815280   _doflush
11815340   exit
11815400   __TI_tls_init
118154c0   HOSTclose
11815560   _cleanup
11815740   _minit
11815920   lseek
118159c0   memcpy
11815ba0   write
11815c40   __c6xabi_llshl
11815cc0   _c_int00
11815d40   readmsg
11815dc0   remove
11815dc0   unlink
11815e40   __TI_cpp_init
11815ea0   _subcull
11815f00   memccpy
11815f60   writemsg
11815fb8   C$$IO$$
11815fc0   __c6xabi_frcmpyd_div
11816000   __c6xabi_isinf
11816080   __c6xabi_llshru
118160c0   _args_main
11816100   __c6xabi_negll
11816120   _nop
11816180   C$$EXIT
11816180   abort
118161a0   __TI_decompress_none
118161c0   __TI_decompress_rle24
118161e0   _sys_memory
118169e0   _ftable
11816cd8   _cleanup_ptr
11816cdc   _dtors_ptr
11816ce0   __TI_enable_exit_profile_output
11816cf0   _lock
11816cf4   _unlock
11816cf8   _ft_end
11816d00   _ctypes_
11816e68   _tmpnams
11816fb0   __CIOBUF_
11817144   __TI_Handler_Table_Base
11817150   __TI_Handler_Table_Limit
11817158   __TI_CINIT_Base
11817168   __TI_CINIT_Limit
ffffffff   __TI_pprof_out_hndl
ffffffff   __TI_prof_data_size
ffffffff   __TI_prof_data_start
ffffffff   __binit__
ffffffff   __c_args__
ffffffff   binit
UNDEFED    DIP_get
UNDEFED    DIP_getAll
UNDEFED    DIP_init
UNDEFED    I2C_init
UNDEFED    LED_init
UNDEFED    LED_toggle
UNDEFED    USTIMER_delay
UNDEFED    USTIMER_init
UNDEFED    __TI_INITARRAY_Base
UNDEFED    __TI_INITARRAY_Limit
UNDEFED    __TI_TLS_INIT_Base
UNDEFED    __TI_TLS_INIT_Limit

[97 symbols]
