<?xml version="1.0"?>
<link_info>
   <banner>TMS320C6x Linker PC v7.4.16</banner>
   <copyright>Copyright (c) 1996-2015 Texas Instruments Incorporated</copyright>
   <link_time>0x5e3c20e2</link_time>
   <output_file>Lab2.out</output_file>
   <entry_point>
      <name>_c_int00</name>
      <address>0x11815cc0</address>
   </entry_point>
   <input_file_list>
      <input_file id="fl-2">
         <path>.\</path>
         <kind>object</kind>
         <file>bsl_main.obj</file>
         <name>bsl_main.obj</name>
      </input_file>
      <input_file id="fl-7e">
         <path>C:\ti\ccsv6\tools\compiler\c6000_7.4.16\lib\</path>
         <kind>archive</kind>
         <file>rts6740_elf.lib</file>
         <name>boot.obj</name>
      </input_file>
      <input_file id="fl-7f">
         <path>C:\ti\ccsv6\tools\compiler\c6000_7.4.16\lib\</path>
         <kind>archive</kind>
         <file>rts6740_elf.lib</file>
         <name>copy_decompress_none.obj</name>
      </input_file>
      <input_file id="fl-80">
         <path>C:\ti\ccsv6\tools\compiler\c6000_7.4.16\lib\</path>
         <kind>archive</kind>
         <file>rts6740_elf.lib</file>
         <name>copy_decompress_rle.obj</name>
      </input_file>
      <input_file id="fl-81">
         <path>C:\ti\ccsv6\tools\compiler\c6000_7.4.16\lib\</path>
         <kind>archive</kind>
         <file>rts6740_elf.lib</file>
         <name>copy_zero_init.obj</name>
      </input_file>
      <input_file id="fl-82">
         <path>C:\ti\ccsv6\tools\compiler\c6000_7.4.16\lib\</path>
         <kind>archive</kind>
         <file>rts6740_elf.lib</file>
         <name>exit.obj</name>
      </input_file>
      <input_file id="fl-83">
         <path>C:\ti\ccsv6\tools\compiler\c6000_7.4.16\lib\</path>
         <kind>archive</kind>
         <file>rts6740_elf.lib</file>
         <name>memcpy64.obj</name>
      </input_file>
      <input_file id="fl-84">
         <path>C:\ti\ccsv6\tools\compiler\c6000_7.4.16\lib\</path>
         <kind>archive</kind>
         <file>rts6740_elf.lib</file>
         <name>printf.obj</name>
      </input_file>
      <input_file id="fl-85">
         <path>C:\ti\ccsv6\tools\compiler\c6000_7.4.16\lib\</path>
         <kind>archive</kind>
         <file>rts6740_elf.lib</file>
         <name>_lock.obj</name>
      </input_file>
      <input_file id="fl-86">
         <path>C:\ti\ccsv6\tools\compiler\c6000_7.4.16\lib\</path>
         <kind>archive</kind>
         <file>rts6740_elf.lib</file>
         <name>_printfi.obj</name>
      </input_file>
      <input_file id="fl-87">
         <path>C:\ti\ccsv6\tools\compiler\c6000_7.4.16\lib\</path>
         <kind>archive</kind>
         <file>rts6740_elf.lib</file>
         <name>args_main.obj</name>
      </input_file>
      <input_file id="fl-88">
         <path>C:\ti\ccsv6\tools\compiler\c6000_7.4.16\lib\</path>
         <kind>archive</kind>
         <file>rts6740_elf.lib</file>
         <name>atoi.obj</name>
      </input_file>
      <input_file id="fl-89">
         <path>C:\ti\ccsv6\tools\compiler\c6000_7.4.16\lib\</path>
         <kind>archive</kind>
         <file>rts6740_elf.lib</file>
         <name>autoinit.obj</name>
      </input_file>
      <input_file id="fl-8a">
         <path>C:\ti\ccsv6\tools\compiler\c6000_7.4.16\lib\</path>
         <kind>archive</kind>
         <file>rts6740_elf.lib</file>
         <name>cpp_init.obj</name>
      </input_file>
      <input_file id="fl-8b">
         <path>C:\ti\ccsv6\tools\compiler\c6000_7.4.16\lib\</path>
         <kind>archive</kind>
         <file>rts6740_elf.lib</file>
         <name>cpy_tbl.obj</name>
      </input_file>
      <input_file id="fl-8c">
         <path>C:\ti\ccsv6\tools\compiler\c6000_7.4.16\lib\</path>
         <kind>archive</kind>
         <file>rts6740_elf.lib</file>
         <name>ctype.obj</name>
      </input_file>
      <input_file id="fl-8d">
         <path>C:\ti\ccsv6\tools\compiler\c6000_7.4.16\lib\</path>
         <kind>archive</kind>
         <file>rts6740_elf.lib</file>
         <name>defs.obj</name>
      </input_file>
      <input_file id="fl-8e">
         <path>C:\ti\ccsv6\tools\compiler\c6000_7.4.16\lib\</path>
         <kind>archive</kind>
         <file>rts6740_elf.lib</file>
         <name>divd.obj</name>
      </input_file>
      <input_file id="fl-8f">
         <path>C:\ti\ccsv6\tools\compiler\c6000_7.4.16\lib\</path>
         <kind>archive</kind>
         <file>rts6740_elf.lib</file>
         <name>divu.obj</name>
      </input_file>
      <input_file id="fl-90">
         <path>C:\ti\ccsv6\tools\compiler\c6000_7.4.16\lib\</path>
         <kind>archive</kind>
         <file>rts6740_elf.lib</file>
         <name>fputc.obj</name>
      </input_file>
      <input_file id="fl-91">
         <path>C:\ti\ccsv6\tools\compiler\c6000_7.4.16\lib\</path>
         <kind>archive</kind>
         <file>rts6740_elf.lib</file>
         <name>fputs.obj</name>
      </input_file>
      <input_file id="fl-92">
         <path>C:\ti\ccsv6\tools\compiler\c6000_7.4.16\lib\</path>
         <kind>archive</kind>
         <file>rts6740_elf.lib</file>
         <name>frcmpyd_div.obj</name>
      </input_file>
      <input_file id="fl-93">
         <path>C:\ti\ccsv6\tools\compiler\c6000_7.4.16\lib\</path>
         <kind>archive</kind>
         <file>rts6740_elf.lib</file>
         <name>imath40.obj</name>
      </input_file>
      <input_file id="fl-94">
         <path>C:\ti\ccsv6\tools\compiler\c6000_7.4.16\lib\</path>
         <kind>archive</kind>
         <file>rts6740_elf.lib</file>
         <name>imath64.obj</name>
      </input_file>
      <input_file id="fl-95">
         <path>C:\ti\ccsv6\tools\compiler\c6000_7.4.16\lib\</path>
         <kind>archive</kind>
         <file>rts6740_elf.lib</file>
         <name>isinf.obj</name>
      </input_file>
      <input_file id="fl-96">
         <path>C:\ti\ccsv6\tools\compiler\c6000_7.4.16\lib\</path>
         <kind>archive</kind>
         <file>rts6740_elf.lib</file>
         <name>llshift.obj</name>
      </input_file>
      <input_file id="fl-97">
         <path>C:\ti\ccsv6\tools\compiler\c6000_7.4.16\lib\</path>
         <kind>archive</kind>
         <file>rts6740_elf.lib</file>
         <name>lowlev.obj</name>
      </input_file>
      <input_file id="fl-98">
         <path>C:\ti\ccsv6\tools\compiler\c6000_7.4.16\lib\</path>
         <kind>archive</kind>
         <file>rts6740_elf.lib</file>
         <name>ltoa.obj</name>
      </input_file>
      <input_file id="fl-99">
         <path>C:\ti\ccsv6\tools\compiler\c6000_7.4.16\lib\</path>
         <kind>archive</kind>
         <file>rts6740_elf.lib</file>
         <name>memccpy.obj</name>
      </input_file>
      <input_file id="fl-9a">
         <path>C:\ti\ccsv6\tools\compiler\c6000_7.4.16\lib\</path>
         <kind>archive</kind>
         <file>rts6740_elf.lib</file>
         <name>memset.obj</name>
      </input_file>
      <input_file id="fl-9b">
         <path>C:\ti\ccsv6\tools\compiler\c6000_7.4.16\lib\</path>
         <kind>archive</kind>
         <file>rts6740_elf.lib</file>
         <name>negll.obj</name>
      </input_file>
      <input_file id="fl-9c">
         <path>C:\ti\ccsv6\tools\compiler\c6000_7.4.16\lib\</path>
         <kind>archive</kind>
         <file>rts6740_elf.lib</file>
         <name>tls.obj</name>
      </input_file>
      <input_file id="fl-9d">
         <path>C:\ti\ccsv6\tools\compiler\c6000_7.4.16\lib\</path>
         <kind>archive</kind>
         <file>rts6740_elf.lib</file>
         <name>tls_get_tp.obj</name>
      </input_file>
      <input_file id="fl-9e">
         <path>C:\ti\ccsv6\tools\compiler\c6000_7.4.16\lib\</path>
         <kind>archive</kind>
         <file>rts6740_elf.lib</file>
         <name>trgdrv.obj</name>
      </input_file>
      <input_file id="fl-9f">
         <path>C:\ti\ccsv6\tools\compiler\c6000_7.4.16\lib\</path>
         <kind>archive</kind>
         <file>rts6740_elf.lib</file>
         <name>trgmsg.obj</name>
      </input_file>
      <input_file id="fl-a0">
         <path>C:\ti\ccsv6\tools\compiler\c6000_7.4.16\lib\</path>
         <kind>archive</kind>
         <file>rts6740_elf.lib</file>
         <name>_io_perm.obj</name>
      </input_file>
      <input_file id="fl-a1">
         <path>C:\ti\ccsv6\tools\compiler\c6000_7.4.16\lib\</path>
         <kind>archive</kind>
         <file>rts6740_elf.lib</file>
         <name>abs.obj</name>
      </input_file>
      <input_file id="fl-a2">
         <path>C:\ti\ccsv6\tools\compiler\c6000_7.4.16\lib\</path>
         <kind>archive</kind>
         <file>rts6740_elf.lib</file>
         <name>fflush.obj</name>
      </input_file>
      <input_file id="fl-a3">
         <path>C:\ti\ccsv6\tools\compiler\c6000_7.4.16\lib\</path>
         <kind>archive</kind>
         <file>rts6740_elf.lib</file>
         <name>fseek.obj</name>
      </input_file>
      <input_file id="fl-a4">
         <path>C:\ti\ccsv6\tools\compiler\c6000_7.4.16\lib\</path>
         <kind>archive</kind>
         <file>rts6740_elf.lib</file>
         <name>setvbuf.obj</name>
      </input_file>
      <input_file id="fl-a5">
         <path>C:\ti\ccsv6\tools\compiler\c6000_7.4.16\lib\</path>
         <kind>archive</kind>
         <file>rts6740_elf.lib</file>
         <name>fopen.obj</name>
      </input_file>
      <input_file id="fl-a6">
         <path>C:\ti\ccsv6\tools\compiler\c6000_7.4.16\lib\</path>
         <kind>archive</kind>
         <file>rts6740_elf.lib</file>
         <name>memory.obj</name>
      </input_file>
      <input_file id="fl-a7">
         <path>C:\ti\ccsv6\tools\compiler\c6000_7.4.16\lib\</path>
         <kind>archive</kind>
         <file>rts6740_elf.lib</file>
         <name>fclose.obj</name>
      </input_file>
      <input_file id="fl-a8">
         <path>C:\ti\ccsv6\tools\compiler\c6000_7.4.16\lib\</path>
         <kind>archive</kind>
         <file>rts6740_elf.lib</file>
         <name>remove.obj</name>
      </input_file>
   </input_file_list>
   <object_component_list>
      <object_component id="oc-194">
         <name>.text:_getarg_diouxp</name>
         <load_address>0x11810000</load_address>
         <run_address>0x11810000</run_address>
         <size>0x5c0</size>
         <input_file_ref idref="fl-86"/>
      </object_component>
      <object_component id="oc-1f7">
         <name>.text:__c6xabi_divd</name>
         <load_address>0x118105c0</load_address>
         <run_address>0x118105c0</run_address>
         <size>0x5a0</size>
         <input_file_ref idref="fl-8e"/>
      </object_component>
      <object_component id="oc-102">
         <name>.text:_setfield</name>
         <load_address>0x11810b60</load_address>
         <run_address>0x11810b60</run_address>
         <size>0x520</size>
         <input_file_ref idref="fl-86"/>
      </object_component>
      <object_component id="oc-d3">
         <name>.text:_printfi</name>
         <load_address>0x11811080</load_address>
         <run_address>0x11811080</run_address>
         <size>0x460</size>
         <input_file_ref idref="fl-86"/>
      </object_component>
      <object_component id="oc-ec">
         <name>.text:fputs</name>
         <load_address>0x118114e0</load_address>
         <run_address>0x118114e0</run_address>
         <size>0x3a0</size>
         <input_file_ref idref="fl-91"/>
      </object_component>
      <object_component id="oc-13e">
         <name>.text:_pproc_fge</name>
         <load_address>0x11811880</load_address>
         <run_address>0x11811880</run_address>
         <size>0x320</size>
         <input_file_ref idref="fl-86"/>
      </object_component>
      <object_component id="oc-fd">
         <name>.text:_pproc_fwp</name>
         <load_address>0x11811ba0</load_address>
         <run_address>0x11811ba0</run_address>
         <size>0x2e0</size>
         <input_file_ref idref="fl-86"/>
      </object_component>
      <object_component id="oc-1dc">
         <name>.text:ecvt</name>
         <load_address>0x11811e80</load_address>
         <run_address>0x11811e80</run_address>
         <size>0x2a0</size>
         <input_file_ref idref="fl-86"/>
      </object_component>
      <object_component id="oc-1ec">
         <name>.text:fcvt</name>
         <load_address>0x11812120</load_address>
         <run_address>0x11812120</run_address>
         <size>0x2a0</size>
         <input_file_ref idref="fl-86"/>
      </object_component>
      <object_component id="oc-1b2">
         <name>.text:free</name>
         <load_address>0x118123c0</load_address>
         <run_address>0x118123c0</run_address>
         <size>0x280</size>
         <input_file_ref idref="fl-a6"/>
      </object_component>
      <object_component id="oc-27e">
         <name>.text:__c6xabi_divull</name>
         <load_address>0x11812640</load_address>
         <run_address>0x11812640</run_address>
         <size>0x260</size>
         <input_file_ref idref="fl-94"/>
      </object_component>
      <object_component id="oc-18e">
         <name>.text:_pconv_e</name>
         <load_address>0x118128a0</load_address>
         <run_address>0x118128a0</run_address>
         <size>0x260</size>
         <input_file_ref idref="fl-86"/>
      </object_component>
      <object_component id="oc-143">
         <name>.text:_pproc_diouxp</name>
         <load_address>0x11812b00</load_address>
         <run_address>0x11812b00</run_address>
         <size>0x240</size>
         <input_file_ref idref="fl-86"/>
      </object_component>
      <object_component id="oc-107">
         <name>.text:_pproc_str</name>
         <load_address>0x11812d40</load_address>
         <run_address>0x11812d40</run_address>
         <size>0x220</size>
         <input_file_ref idref="fl-86"/>
      </object_component>
      <object_component id="oc-f2">
         <name>.text:fputc</name>
         <load_address>0x11812f60</load_address>
         <run_address>0x11812f60</run_address>
         <size>0x220</size>
         <input_file_ref idref="fl-90"/>
      </object_component>
      <object_component id="oc-184">
         <name>.text:_pconv_g</name>
         <load_address>0x11813180</load_address>
         <run_address>0x11813180</run_address>
         <size>0x200</size>
         <input_file_ref idref="fl-86"/>
      </object_component>
      <object_component id="oc-15c">
         <name>.text:setvbuf</name>
         <load_address>0x11813380</load_address>
         <run_address>0x11813380</run_address>
         <size>0x200</size>
         <input_file_ref idref="fl-a4"/>
      </object_component>
      <object_component id="oc-1e6">
         <name>.text:_mcpy</name>
         <load_address>0x11813580</load_address>
         <run_address>0x11813580</run_address>
         <size>0x1c0</size>
         <input_file_ref idref="fl-86"/>
      </object_component>
      <object_component id="oc-279">
         <name>.text:__c6xabi_divul</name>
         <load_address>0x11813740</load_address>
         <run_address>0x11813740</run_address>
         <size>0x1a0</size>
         <input_file_ref idref="fl-93"/>
      </object_component>
      <object_component id="oc-251">
         <name>.text:HOSTrename</name>
         <load_address>0x118138e0</load_address>
         <run_address>0x118138e0</run_address>
         <size>0x180</size>
         <input_file_ref idref="fl-9e"/>
      </object_component>
      <object_component id="oc-47">
         <name>.text:__TI_decompress_rle_core</name>
         <load_address>0x11813a60</load_address>
         <run_address>0x11813a60</run_address>
         <size>0x180</size>
         <input_file_ref idref="fl-80"/>
      </object_component>
      <object_component id="oc-1b7">
         <name>.text:malloc</name>
         <load_address>0x11813be0</load_address>
         <run_address>0x11813be0</run_address>
         <size>0x180</size>
         <input_file_ref idref="fl-a6"/>
      </object_component>
      <object_component id="oc-f8">
         <name>.text:_pproc_fflags</name>
         <load_address>0x11813d60</load_address>
         <run_address>0x11813d60</run_address>
         <size>0x140</size>
         <input_file_ref idref="fl-86"/>
      </object_component>
      <object_component id="oc-69">
         <name>.text</name>
         <load_address>0x11813ea0</load_address>
         <run_address>0x11813ea0</run_address>
         <size>0x140</size>
         <input_file_ref idref="fl-2"/>
      </object_component>
      <object_component id="oc-2cb">
         <name>.text:getdevice</name>
         <load_address>0x11813fe0</load_address>
         <run_address>0x11813fe0</run_address>
         <size>0x140</size>
         <input_file_ref idref="fl-97"/>
      </object_component>
      <object_component id="oc-217">
         <name>.text:_closefile</name>
         <load_address>0x11814120</load_address>
         <run_address>0x11814120</run_address>
         <size>0x120</size>
         <input_file_ref idref="fl-a7"/>
      </object_component>
      <object_component id="oc-19e">
         <name>.text:_ltostr</name>
         <load_address>0x11814240</load_address>
         <run_address>0x11814240</run_address>
         <size>0x120</size>
         <input_file_ref idref="fl-86"/>
      </object_component>
      <object_component id="oc-157">
         <name>.text:fseek</name>
         <load_address>0x11814360</load_address>
         <run_address>0x11814360</run_address>
         <size>0x120</size>
         <input_file_ref idref="fl-a3"/>
      </object_component>
      <object_component id="oc-247">
         <name>.text:HOSTlseek</name>
         <load_address>0x11814480</load_address>
         <run_address>0x11814480</run_address>
         <size>0x100</size>
         <input_file_ref idref="fl-9e"/>
      </object_component>
      <object_component id="oc-26">
         <name>.text:_auto_init_elf</name>
         <load_address>0x11814580</load_address>
         <run_address>0x11814580</run_address>
         <size>0x100</size>
         <input_file_ref idref="fl-89"/>
      </object_component>
      <object_component id="oc-11f">
         <name>.text:_wrt_ok</name>
         <load_address>0x11814680</load_address>
         <run_address>0x11814680</run_address>
         <size>0x100</size>
         <input_file_ref idref="fl-a0"/>
      </object_component>
      <object_component id="oc-59">
         <name>.text:copy_in</name>
         <load_address>0x11814780</load_address>
         <run_address>0x11814780</run_address>
         <size>0x100</size>
         <input_file_ref idref="fl-8b"/>
      </object_component>
      <object_component id="oc-233">
         <name>.text:HOSTopen</name>
         <load_address>0x11814880</load_address>
         <run_address>0x11814880</run_address>
         <size>0xe0</size>
         <input_file_ref idref="fl-9e"/>
      </object_component>
      <object_component id="oc-23d">
         <name>.text:HOSTread</name>
         <load_address>0x11814960</load_address>
         <run_address>0x11814960</run_address>
         <size>0xe0</size>
         <input_file_ref idref="fl-9e"/>
      </object_component>
      <object_component id="oc-138">
         <name>.text:atoi</name>
         <load_address>0x11814a40</load_address>
         <run_address>0x11814a40</run_address>
         <size>0xe0</size>
         <input_file_ref idref="fl-88"/>
      </object_component>
      <object_component id="oc-286">
         <name>.text:close</name>
         <load_address>0x11814b20</load_address>
         <run_address>0x11814b20</run_address>
         <size>0xe0</size>
         <input_file_ref idref="fl-97"/>
      </object_component>
      <object_component id="oc-16">
         <name>.text:decompress:ZI:__TI_zero_init</name>
         <load_address>0x11814c00</load_address>
         <run_address>0x11814c00</run_address>
         <size>0xe0</size>
         <input_file_ref idref="fl-81"/>
      </object_component>
      <object_component id="oc-25a">
         <name>.text:ltoa</name>
         <load_address>0x11814ce0</load_address>
         <run_address>0x11814ce0</run_address>
         <size>0xe0</size>
         <input_file_ref idref="fl-98"/>
      </object_component>
      <object_component id="oc-133">
         <name>.text:memset</name>
         <load_address>0x11814dc0</load_address>
         <run_address>0x11814dc0</run_address>
         <size>0xe0</size>
         <input_file_ref idref="fl-9a"/>
      </object_component>
      <object_component id="oc-a6">
         <name>.text:printf</name>
         <load_address>0x11814ea0</load_address>
         <run_address>0x11814ea0</run_address>
         <size>0xe0</size>
         <input_file_ref idref="fl-84"/>
      </object_component>
      <object_component id="oc-24c">
         <name>.text:HOSTunlink</name>
         <load_address>0x11814f80</load_address>
         <run_address>0x11814f80</run_address>
         <size>0xc0</size>
         <input_file_ref idref="fl-9e"/>
      </object_component>
      <object_component id="oc-242">
         <name>.text:HOSTwrite</name>
         <load_address>0x11815040</load_address>
         <run_address>0x11815040</run_address>
         <size>0xc0</size>
         <input_file_ref idref="fl-9e"/>
      </object_component>
      <object_component id="oc-274">
         <name>.text:__divu</name>
         <load_address>0x11815100</load_address>
         <run_address>0x11815100</run_address>
         <size>0xc0</size>
         <input_file_ref idref="fl-8f"/>
      </object_component>
      <object_component id="oc-209">
         <name>.text:_div</name>
         <load_address>0x118151c0</load_address>
         <run_address>0x118151c0</run_address>
         <size>0xc0</size>
         <input_file_ref idref="fl-86"/>
      </object_component>
      <object_component id="oc-124">
         <name>.text:_doflush</name>
         <load_address>0x11815280</load_address>
         <run_address>0x11815280</run_address>
         <size>0xc0</size>
         <input_file_ref idref="fl-a2"/>
      </object_component>
      <object_component id="oc-30">
         <name>.text:exit</name>
         <load_address>0x11815340</load_address>
         <run_address>0x11815340</run_address>
         <size>0xc0</size>
         <input_file_ref idref="fl-82"/>
      </object_component>
      <object_component id="oc-5e">
         <name>.text:tls:init:__TI_tls_init</name>
         <load_address>0x11815400</load_address>
         <run_address>0x11815400</run_address>
         <size>0xc0</size>
         <input_file_ref idref="fl-9c"/>
      </object_component>
      <object_component id="oc-238">
         <name>.text:HOSTclose</name>
         <load_address>0x118154c0</load_address>
         <run_address>0x118154c0</run_address>
         <size>0xa0</size>
         <input_file_ref idref="fl-9e"/>
      </object_component>
      <object_component id="oc-1ad">
         <name>.text:_cleanup</name>
         <load_address>0x11815560</load_address>
         <run_address>0x11815560</run_address>
         <size>0xa0</size>
         <input_file_ref idref="fl-a5"/>
      </object_component>
      <object_component id="oc-1e1">
         <name>.text:_ecpy</name>
         <load_address>0x11815600</load_address>
         <run_address>0x11815600</run_address>
         <size>0xa0</size>
         <input_file_ref idref="fl-86"/>
      </object_component>
      <object_component id="oc-1f1">
         <name>.text:_fcpy</name>
         <load_address>0x118156a0</load_address>
         <run_address>0x118156a0</run_address>
         <size>0xa0</size>
         <input_file_ref idref="fl-86"/>
      </object_component>
      <object_component id="oc-22b">
         <name>.text:_minit</name>
         <load_address>0x11815740</load_address>
         <run_address>0x11815740</run_address>
         <size>0xa0</size>
         <input_file_ref idref="fl-a6"/>
      </object_component>
      <object_component id="oc-189">
         <name>.text:_pconv_f</name>
         <load_address>0x118157e0</load_address>
         <run_address>0x118157e0</run_address>
         <size>0xa0</size>
         <input_file_ref idref="fl-86"/>
      </object_component>
      <object_component id="oc-2e4">
         <name>.text:finddevice</name>
         <load_address>0x11815880</load_address>
         <run_address>0x11815880</run_address>
         <size>0xa0</size>
         <input_file_ref idref="fl-97"/>
      </object_component>
      <object_component id="oc-1a6">
         <name>.text:lseek</name>
         <load_address>0x11815920</load_address>
         <run_address>0x11815920</run_address>
         <size>0xa0</size>
         <input_file_ref idref="fl-97"/>
      </object_component>
      <object_component id="oc-36">
         <name>.text:memcpy</name>
         <load_address>0x118159c0</load_address>
         <run_address>0x118159c0</run_address>
         <size>0xa0</size>
         <input_file_ref idref="fl-83"/>
      </object_component>
      <object_component id="oc-225">
         <name>.text:minsert</name>
         <load_address>0x11815a60</load_address>
         <run_address>0x11815a60</run_address>
         <size>0xa0</size>
         <input_file_ref idref="fl-a6"/>
      </object_component>
      <object_component id="oc-220">
         <name>.text:mremove</name>
         <load_address>0x11815b00</load_address>
         <run_address>0x11815b00</run_address>
         <size>0xa0</size>
         <input_file_ref idref="fl-a6"/>
      </object_component>
      <object_component id="oc-129">
         <name>.text:write</name>
         <load_address>0x11815ba0</load_address>
         <run_address>0x11815ba0</run_address>
         <size>0xa0</size>
         <input_file_ref idref="fl-97"/>
      </object_component>
      <object_component id="oc-2bf">
         <name>.text:__c6xabi_llshl</name>
         <load_address>0x11815c40</load_address>
         <run_address>0x11815c40</run_address>
         <size>0x80</size>
         <input_file_ref idref="fl-96"/>
      </object_component>
      <object_component id="oc-c">
         <name>.text:_c_int00</name>
         <load_address>0x11815cc0</load_address>
         <run_address>0x11815cc0</run_address>
         <size>0x80</size>
         <input_file_ref idref="fl-7e"/>
      </object_component>
      <object_component id="oc-2a2">
         <name>.text:readmsg</name>
         <load_address>0x11815d40</load_address>
         <run_address>0x11815d40</run_address>
         <size>0x80</size>
         <input_file_ref idref="fl-9f"/>
      </object_component>
      <object_component id="oc-28b">
         <name>.text:unlink</name>
         <load_address>0x11815dc0</load_address>
         <run_address>0x11815dc0</run_address>
         <size>0x80</size>
         <input_file_ref idref="fl-97"/>
      </object_component>
      <object_component id="oc-63">
         <name>.text:__TI_cpp_init</name>
         <load_address>0x11815e40</load_address>
         <run_address>0x11815e40</run_address>
         <size>0x60</size>
         <input_file_ref idref="fl-8a"/>
      </object_component>
      <object_component id="oc-2c4">
         <name>.text:_subcull</name>
         <load_address>0x11815ea0</load_address>
         <run_address>0x11815ea0</run_address>
         <size>0x60</size>
         <input_file_ref idref="fl-94"/>
      </object_component>
      <object_component id="oc-148">
         <name>.text:memccpy</name>
         <load_address>0x11815f00</load_address>
         <run_address>0x11815f00</run_address>
         <size>0x60</size>
         <input_file_ref idref="fl-99"/>
      </object_component>
      <object_component id="oc-29d">
         <name>.text:writemsg</name>
         <load_address>0x11815f60</load_address>
         <run_address>0x11815f60</run_address>
         <size>0x60</size>
         <input_file_ref idref="fl-9f"/>
      </object_component>
      <object_component id="oc-269">
         <name>.text:__c6xabi_frcmpyd_div</name>
         <load_address>0x11815fc0</load_address>
         <run_address>0x11815fc0</run_address>
         <size>0x40</size>
         <input_file_ref idref="fl-92"/>
      </object_component>
      <object_component id="oc-17f">
         <name>.text:__c6xabi_isinf</name>
         <load_address>0x11816000</load_address>
         <run_address>0x11816000</run_address>
         <size>0x40</size>
         <input_file_ref idref="fl-95"/>
      </object_component>
      <object_component id="oc-17a">
         <name>.text:__c6xabi_isnan</name>
         <load_address>0x11816040</load_address>
         <run_address>0x11816040</run_address>
         <size>0x40</size>
         <input_file_ref idref="fl-86"/>
      </object_component>
      <object_component id="oc-264">
         <name>.text:__c6xabi_llshru</name>
         <load_address>0x11816080</load_address>
         <run_address>0x11816080</run_address>
         <size>0x40</size>
         <input_file_ref idref="fl-96"/>
      </object_component>
      <object_component id="oc-2b">
         <name>.text:_args_main</name>
         <load_address>0x118160c0</load_address>
         <run_address>0x118160c0</run_address>
         <size>0x40</size>
         <input_file_ref idref="fl-87"/>
      </object_component>
      <object_component id="oc-199">
         <name>.text:__c6xabi_negll</name>
         <load_address>0x11816100</load_address>
         <run_address>0x11816100</run_address>
         <size>0x20</size>
         <input_file_ref idref="fl-9b"/>
      </object_component>
      <object_component id="oc-e1">
         <name>.text:_nop</name>
         <load_address>0x11816120</load_address>
         <run_address>0x11816120</run_address>
         <size>0x20</size>
         <input_file_ref idref="fl-85"/>
      </object_component>
      <object_component id="oc-ce">
         <name>.text:_outc</name>
         <load_address>0x11816140</load_address>
         <run_address>0x11816140</run_address>
         <size>0x20</size>
         <input_file_ref idref="fl-84"/>
      </object_component>
      <object_component id="oc-c9">
         <name>.text:_outs</name>
         <load_address>0x11816160</load_address>
         <run_address>0x11816160</run_address>
         <size>0x20</size>
         <input_file_ref idref="fl-84"/>
      </object_component>
      <object_component id="oc-78">
         <name>.text:abort</name>
         <load_address>0x11816180</load_address>
         <run_address>0x11816180</run_address>
         <size>0x20</size>
         <input_file_ref idref="fl-82"/>
      </object_component>
      <object_component id="oc-11">
         <name>.text:decompress:none:__TI_decompress_none</name>
         <load_address>0x118161a0</load_address>
         <run_address>0x118161a0</run_address>
         <size>0x20</size>
         <input_file_ref idref="fl-7f"/>
      </object_component>
      <object_component id="oc-1b">
         <name>.text:decompress:rle24:__TI_decompress_rle24</name>
         <load_address>0x118161c0</load_address>
         <run_address>0x118161c0</run_address>
         <size>0x20</size>
         <input_file_ref idref="fl-80"/>
      </object_component>
      <object_component id="oc-175">
         <name>.const:.string:_ctypes_</name>
         <load_address>0x11816d00</load_address>
         <run_address>0x11816d00</run_address>
         <size>0x101</size>
         <input_file_ref idref="fl-8c"/>
      </object_component>
      <object_component id="oc-ab">
         <name>.const:.string</name>
         <load_address>0x11816e04</load_address>
         <run_address>0x11816e04</run_address>
         <size>0x40</size>
         <input_file_ref idref="fl-2"/>
      </object_component>
      <object_component id="oc-14d">
         <name>.const:.string</name>
         <load_address>0x11816e44</load_address>
         <run_address>0x11816e44</run_address>
         <size>0x23</size>
         <input_file_ref idref="fl-86"/>
      </object_component>
      <object_component id="oc-290">
         <name>.far</name>
         <uninitialized>true</uninitialized>
         <run_address>0x11816e68</run_address>
         <size>0x140</size>
         <input_file_ref idref="fl-8d"/>
      </object_component>
      <object_component id="oc-29a">
         <name>.far</name>
         <uninitialized>true</uninitialized>
         <run_address>0x11816fa8</run_address>
         <size>0x8</size>
         <input_file_ref idref="fl-9e"/>
      </object_component>
      <object_component id="oc-20">
         <name>.stack</name>
         <uninitialized>true</uninitialized>
         <run_address>0x11800000</run_address>
         <size>0x8</size>
         <input_file_ref idref="fl-7e"/>
      </object_component>
      <object_component id="oc-317">
         <name>.stack</name>
         <uninitialized>true</uninitialized>
         <run_address>0x11800000</run_address>
         <size>0x0</size>
      </object_component>
      <object_component id="oc-316">
         <name>.cinit..fardata.load</name>
         <load_address>0x118170d0</load_address>
         <run_address>0x118170d0</run_address>
         <size>0x72</size>
      </object_component>
      <object_component id="oc-313">
         <name>__TI_handler_table</name>
         <load_address>0x11817144</load_address>
         <run_address>0x11817144</run_address>
         <size>0xc</size>
      </object_component>
      <object_component id="oc-315">
         <name>.cinit..far.load</name>
         <load_address>0x11817150</load_address>
         <run_address>0x11817150</run_address>
         <size>0x8</size>
      </object_component>
      <object_component id="oc-314">
         <name>__TI_cinit_table</name>
         <load_address>0x11817158</load_address>
         <run_address>0x11817158</run_address>
         <size>0x10</size>
      </object_component>
      <object_component id="oc-23">
         <name>.sysmem</name>
         <uninitialized>true</uninitialized>
         <run_address>0x118161e0</run_address>
         <size>0x8</size>
         <input_file_ref idref="fl-a6"/>
      </object_component>
      <object_component id="oc-318">
         <name>.sysmem</name>
         <uninitialized>true</uninitialized>
         <run_address>0x118161e0</run_address>
         <size>0x0</size>
      </object_component>
      <object_component id="oc-2d7">
         <name>.cio</name>
         <uninitialized>true</uninitialized>
         <run_address>0x11816fb0</run_address>
         <size>0x120</size>
         <input_file_ref idref="fl-9f"/>
      </object_component>
      <object_component id="oc-75">
         <name>.fardata</name>
         <load_address>0x11816cd8</load_address>
         <run_address>0x11816cd8</run_address>
         <size>0xc</size>
         <input_file_ref idref="fl-82"/>
      </object_component>
      <object_component id="oc-c3">
         <name>.fardata</name>
         <load_address>0x11816cf0</load_address>
         <run_address>0x11816cf0</run_address>
         <size>0x8</size>
         <input_file_ref idref="fl-85"/>
      </object_component>
      <object_component id="oc-c6">
         <name>.fardata:_ftable</name>
         <load_address>0x118169e0</load_address>
         <run_address>0x118169e0</run_address>
         <size>0x1e0</size>
         <input_file_ref idref="fl-8d"/>
      </object_component>
      <object_component id="oc-165">
         <name>.fardata:_stream</name>
         <load_address>0x11816bc0</load_address>
         <run_address>0x11816bc0</run_address>
         <size>0xa0</size>
         <input_file_ref idref="fl-97"/>
      </object_component>
      <object_component id="oc-1c2">
         <name>.fardata:_device</name>
         <load_address>0x11816c60</load_address>
         <run_address>0x11816c60</run_address>
         <size>0x78</size>
         <input_file_ref idref="fl-97"/>
      </object_component>
      <object_component id="oc-214">
         <name>.fardata</name>
         <load_address>0x11816cf8</load_address>
         <run_address>0x11816cf8</run_address>
         <size>0x4</size>
         <input_file_ref idref="fl-8d"/>
      </object_component>
      <object_component id="oc-21d">
         <name>.fardata</name>
         <load_address>0x11816ce4</load_address>
         <run_address>0x11816ce4</run_address>
         <size>0xc</size>
         <input_file_ref idref="fl-a6"/>
      </object_component>
      <object_component id="oc-d">
         <name>.debug_info</name>
         <load_address>0x0</load_address>
         <run_address>0x0</run_address>
         <size>0x111</size>
         <input_file_ref idref="fl-7e"/>
      </object_component>
      <object_component id="oc-12">
         <name>.debug_info</name>
         <load_address>0x111</load_address>
         <run_address>0x111</run_address>
         <size>0x150</size>
         <input_file_ref idref="fl-7f"/>
      </object_component>
      <object_component id="oc-17">
         <name>.debug_info</name>
         <load_address>0x261</load_address>
         <run_address>0x261</run_address>
         <size>0x191</size>
         <input_file_ref idref="fl-81"/>
      </object_component>
      <object_component id="oc-1c">
         <name>.debug_info</name>
         <load_address>0x3f2</load_address>
         <run_address>0x3f2</run_address>
         <size>0x16d</size>
         <input_file_ref idref="fl-80"/>
      </object_component>
      <object_component id="oc-21">
         <name>.debug_info</name>
         <load_address>0x55f</load_address>
         <run_address>0x55f</run_address>
         <size>0xa8</size>
         <input_file_ref idref="fl-7e"/>
      </object_component>
      <object_component id="oc-24">
         <name>.debug_info</name>
         <load_address>0x607</load_address>
         <run_address>0x607</run_address>
         <size>0xb4</size>
         <input_file_ref idref="fl-a6"/>
      </object_component>
      <object_component id="oc-27">
         <name>.debug_info</name>
         <load_address>0x6bb</load_address>
         <run_address>0x6bb</run_address>
         <size>0x191</size>
         <input_file_ref idref="fl-89"/>
      </object_component>
      <object_component id="oc-2c">
         <name>.debug_info</name>
         <load_address>0x84c</load_address>
         <run_address>0x84c</run_address>
         <size>0xf7</size>
         <input_file_ref idref="fl-87"/>
      </object_component>
      <object_component id="oc-31">
         <name>.debug_info</name>
         <load_address>0x943</load_address>
         <run_address>0x943</run_address>
         <size>0x10d</size>
         <input_file_ref idref="fl-82"/>
      </object_component>
      <object_component id="oc-37">
         <name>.debug_info</name>
         <load_address>0xa50</load_address>
         <run_address>0xa50</run_address>
         <size>0xd5</size>
         <input_file_ref idref="fl-83"/>
      </object_component>
      <object_component id="oc-3c">
         <name>.debug_info</name>
         <load_address>0xb25</load_address>
         <run_address>0xb25</run_address>
         <size>0x53</size>
         <input_file_ref idref="fl-7f"/>
      </object_component>
      <object_component id="oc-42">
         <name>.debug_info</name>
         <load_address>0xb78</load_address>
         <run_address>0xb78</run_address>
         <size>0x53</size>
         <input_file_ref idref="fl-81"/>
      </object_component>
      <object_component id="oc-48">
         <name>.debug_info</name>
         <load_address>0xbcb</load_address>
         <run_address>0xbcb</run_address>
         <size>0x2f3</size>
         <input_file_ref idref="fl-80"/>
      </object_component>
      <object_component id="oc-4d">
         <name>.debug_info</name>
         <load_address>0xebe</load_address>
         <run_address>0xebe</run_address>
         <size>0x1d8</size>
         <input_file_ref idref="fl-80"/>
      </object_component>
      <object_component id="oc-4e">
         <name>.debug_info</name>
         <load_address>0x1096</load_address>
         <run_address>0x1096</run_address>
         <size>0x46</size>
         <input_file_ref idref="fl-80"/>
      </object_component>
      <object_component id="oc-55">
         <name>.debug_info</name>
         <load_address>0x10dc</load_address>
         <run_address>0x10dc</run_address>
         <size>0xfd</size>
         <input_file_ref idref="fl-7e"/>
      </object_component>
      <object_component id="oc-58">
         <name>.debug_info</name>
         <load_address>0x11d9</load_address>
         <run_address>0x11d9</run_address>
         <size>0x16b</size>
         <input_file_ref idref="fl-a6"/>
      </object_component>
      <object_component id="oc-5a">
         <name>.debug_info</name>
         <load_address>0x1344</load_address>
         <run_address>0x1344</run_address>
         <size>0x18f</size>
         <input_file_ref idref="fl-8b"/>
      </object_component>
      <object_component id="oc-5f">
         <name>.debug_info</name>
         <load_address>0x14d3</load_address>
         <run_address>0x14d3</run_address>
         <size>0x165</size>
         <input_file_ref idref="fl-9c"/>
      </object_component>
      <object_component id="oc-64">
         <name>.debug_info</name>
         <load_address>0x1638</load_address>
         <run_address>0x1638</run_address>
         <size>0x160</size>
         <input_file_ref idref="fl-8a"/>
      </object_component>
      <object_component id="oc-6a">
         <name>.debug_info</name>
         <load_address>0x1798</load_address>
         <run_address>0x1798</run_address>
         <size>0x318</size>
         <input_file_ref idref="fl-2"/>
      </object_component>
      <object_component id="oc-70">
         <name>.debug_info</name>
         <load_address>0x1ab0</load_address>
         <run_address>0x1ab0</run_address>
         <size>0x94</size>
         <input_file_ref idref="fl-7e"/>
      </object_component>
      <object_component id="oc-76">
         <name>.debug_info</name>
         <load_address>0x1b44</load_address>
         <run_address>0x1b44</run_address>
         <size>0x128</size>
         <input_file_ref idref="fl-82"/>
      </object_component>
      <object_component id="oc-79">
         <name>.debug_info</name>
         <load_address>0x1c6c</load_address>
         <run_address>0x1c6c</run_address>
         <size>0x11f</size>
         <input_file_ref idref="fl-82"/>
      </object_component>
      <object_component id="oc-7e">
         <name>.debug_info</name>
         <load_address>0x1d8b</load_address>
         <run_address>0x1d8b</run_address>
         <size>0x8d</size>
         <input_file_ref idref="fl-7f"/>
      </object_component>
      <object_component id="oc-84">
         <name>.debug_info</name>
         <load_address>0x1e18</load_address>
         <run_address>0x1e18</run_address>
         <size>0x46</size>
         <input_file_ref idref="fl-7f"/>
      </object_component>
      <object_component id="oc-89">
         <name>.debug_info</name>
         <load_address>0x1e5e</load_address>
         <run_address>0x1e5e</run_address>
         <size>0xe6</size>
         <input_file_ref idref="fl-7f"/>
      </object_component>
      <object_component id="oc-8a">
         <name>.debug_info</name>
         <load_address>0x1f44</load_address>
         <run_address>0x1f44</run_address>
         <size>0x2c</size>
         <input_file_ref idref="fl-80"/>
      </object_component>
      <object_component id="oc-8f">
         <name>.debug_info</name>
         <load_address>0x1f70</load_address>
         <run_address>0x1f70</run_address>
         <size>0x1ce</size>
         <input_file_ref idref="fl-81"/>
      </object_component>
      <object_component id="oc-97">
         <name>.debug_info</name>
         <load_address>0x213e</load_address>
         <run_address>0x213e</run_address>
         <size>0x110</size>
         <input_file_ref idref="fl-82"/>
      </object_component>
      <object_component id="oc-9c">
         <name>.debug_info</name>
         <load_address>0x224e</load_address>
         <run_address>0x224e</run_address>
         <size>0x70</size>
         <input_file_ref idref="fl-a6"/>
      </object_component>
      <object_component id="oc-a2">
         <name>.debug_info</name>
         <load_address>0x22be</load_address>
         <run_address>0x22be</run_address>
         <size>0x141</size>
         <input_file_ref idref="fl-8b"/>
      </object_component>
      <object_component id="oc-a4">
         <name>.debug_info</name>
         <load_address>0x23ff</load_address>
         <run_address>0x23ff</run_address>
         <size>0x254</size>
         <input_file_ref idref="fl-9c"/>
      </object_component>
      <object_component id="oc-a7">
         <name>.debug_info</name>
         <load_address>0x2653</load_address>
         <run_address>0x2653</run_address>
         <size>0x128</size>
         <input_file_ref idref="fl-84"/>
      </object_component>
      <object_component id="oc-ad">
         <name>.debug_info</name>
         <load_address>0x277b</load_address>
         <run_address>0x277b</run_address>
         <size>0xb0</size>
         <input_file_ref idref="fl-2"/>
      </object_component>
      <object_component id="oc-b4">
         <name>.debug_info</name>
         <load_address>0x282b</load_address>
         <run_address>0x282b</run_address>
         <size>0x12c</size>
         <input_file_ref idref="fl-82"/>
      </object_component>
      <object_component id="oc-bc">
         <name>.debug_info</name>
         <load_address>0x2957</load_address>
         <run_address>0x2957</run_address>
         <size>0xcd</size>
         <input_file_ref idref="fl-8b"/>
      </object_component>
      <object_component id="oc-c4">
         <name>.debug_info</name>
         <load_address>0x2a24</load_address>
         <run_address>0x2a24</run_address>
         <size>0xc6</size>
         <input_file_ref idref="fl-85"/>
      </object_component>
      <object_component id="oc-c7">
         <name>.debug_info</name>
         <load_address>0x2aea</load_address>
         <run_address>0x2aea</run_address>
         <size>0xaa</size>
         <input_file_ref idref="fl-8d"/>
      </object_component>
      <object_component id="oc-ca">
         <name>.debug_info</name>
         <load_address>0x2b94</load_address>
         <run_address>0x2b94</run_address>
         <size>0x10c</size>
         <input_file_ref idref="fl-84"/>
      </object_component>
      <object_component id="oc-cf">
         <name>.debug_info</name>
         <load_address>0x2ca0</load_address>
         <run_address>0x2ca0</run_address>
         <size>0xfd</size>
         <input_file_ref idref="fl-84"/>
      </object_component>
      <object_component id="oc-d4">
         <name>.debug_info</name>
         <load_address>0x2d9d</load_address>
         <run_address>0x2d9d</run_address>
         <size>0x419</size>
         <input_file_ref idref="fl-86"/>
      </object_component>
      <object_component id="oc-d9">
         <name>.debug_info</name>
         <load_address>0x31b6</load_address>
         <run_address>0x31b6</run_address>
         <size>0x1e4</size>
         <input_file_ref idref="fl-84"/>
      </object_component>
      <object_component id="oc-da">
         <name>.debug_info</name>
         <load_address>0x339a</load_address>
         <run_address>0x339a</run_address>
         <size>0x8f</size>
         <input_file_ref idref="fl-2"/>
      </object_component>
      <object_component id="oc-e2">
         <name>.debug_info</name>
         <load_address>0x3429</load_address>
         <run_address>0x3429</run_address>
         <size>0xda</size>
         <input_file_ref idref="fl-85"/>
      </object_component>
      <object_component id="oc-e8">
         <name>.debug_info</name>
         <load_address>0x3503</load_address>
         <run_address>0x3503</run_address>
         <size>0x9a</size>
         <input_file_ref idref="fl-85"/>
      </object_component>
      <object_component id="oc-eb">
         <name>.debug_info</name>
         <load_address>0x359d</load_address>
         <run_address>0x359d</run_address>
         <size>0xcb</size>
         <input_file_ref idref="fl-8d"/>
      </object_component>
      <object_component id="oc-ed">
         <name>.debug_info</name>
         <load_address>0x3668</load_address>
         <run_address>0x3668</run_address>
         <size>0x3e5</size>
         <input_file_ref idref="fl-91"/>
      </object_component>
      <object_component id="oc-f3">
         <name>.debug_info</name>
         <load_address>0x3a4d</load_address>
         <run_address>0x3a4d</run_address>
         <size>0x183</size>
         <input_file_ref idref="fl-90"/>
      </object_component>
      <object_component id="oc-f9">
         <name>.debug_info</name>
         <load_address>0x3bd0</load_address>
         <run_address>0x3bd0</run_address>
         <size>0x1f6</size>
         <input_file_ref idref="fl-86"/>
      </object_component>
      <object_component id="oc-fe">
         <name>.debug_info</name>
         <load_address>0x3dc6</load_address>
         <run_address>0x3dc6</run_address>
         <size>0x20c</size>
         <input_file_ref idref="fl-86"/>
      </object_component>
      <object_component id="oc-103">
         <name>.debug_info</name>
         <load_address>0x3fd2</load_address>
         <run_address>0x3fd2</run_address>
         <size>0x233</size>
         <input_file_ref idref="fl-86"/>
      </object_component>
      <object_component id="oc-108">
         <name>.debug_info</name>
         <load_address>0x4205</load_address>
         <run_address>0x4205</run_address>
         <size>0x37c</size>
         <input_file_ref idref="fl-86"/>
      </object_component>
      <object_component id="oc-10d">
         <name>.debug_info</name>
         <load_address>0x4581</load_address>
         <run_address>0x4581</run_address>
         <size>0x212</size>
         <input_file_ref idref="fl-86"/>
      </object_component>
      <object_component id="oc-10e">
         <name>.debug_info</name>
         <load_address>0x4793</load_address>
         <run_address>0x4793</run_address>
         <size>0x2c</size>
         <input_file_ref idref="fl-84"/>
      </object_component>
      <object_component id="oc-115">
         <name>.debug_info</name>
         <load_address>0x47bf</load_address>
         <run_address>0x47bf</run_address>
         <size>0xc8</size>
         <input_file_ref idref="fl-84"/>
      </object_component>
      <object_component id="oc-120">
         <name>.debug_info</name>
         <load_address>0x4887</load_address>
         <run_address>0x4887</run_address>
         <size>0x116</size>
         <input_file_ref idref="fl-a0"/>
      </object_component>
      <object_component id="oc-125">
         <name>.debug_info</name>
         <load_address>0x499d</load_address>
         <run_address>0x499d</run_address>
         <size>0x104</size>
         <input_file_ref idref="fl-a2"/>
      </object_component>
      <object_component id="oc-12a">
         <name>.debug_info</name>
         <load_address>0x4aa1</load_address>
         <run_address>0x4aa1</run_address>
         <size>0x134</size>
         <input_file_ref idref="fl-97"/>
      </object_component>
      <object_component id="oc-12f">
         <name>.debug_info</name>
         <load_address>0x4bd5</load_address>
         <run_address>0x4bd5</run_address>
         <size>0x1bb</size>
         <input_file_ref idref="fl-91"/>
      </object_component>
      <object_component id="oc-131">
         <name>.debug_info</name>
         <load_address>0x4d90</load_address>
         <run_address>0x4d90</run_address>
         <size>0x184</size>
         <input_file_ref idref="fl-90"/>
      </object_component>
      <object_component id="oc-134">
         <name>.debug_info</name>
         <load_address>0x4f14</load_address>
         <run_address>0x4f14</run_address>
         <size>0x164</size>
         <input_file_ref idref="fl-9a"/>
      </object_component>
      <object_component id="oc-139">
         <name>.debug_info</name>
         <load_address>0x5078</load_address>
         <run_address>0x5078</run_address>
         <size>0x180</size>
         <input_file_ref idref="fl-88"/>
      </object_component>
      <object_component id="oc-13f">
         <name>.debug_info</name>
         <load_address>0x51f8</load_address>
         <run_address>0x51f8</run_address>
         <size>0x1c9</size>
         <input_file_ref idref="fl-86"/>
      </object_component>
      <object_component id="oc-144">
         <name>.debug_info</name>
         <load_address>0x53c1</load_address>
         <run_address>0x53c1</run_address>
         <size>0x1ff</size>
         <input_file_ref idref="fl-86"/>
      </object_component>
      <object_component id="oc-149">
         <name>.debug_info</name>
         <load_address>0x55c0</load_address>
         <run_address>0x55c0</run_address>
         <size>0x17e</size>
         <input_file_ref idref="fl-99"/>
      </object_component>
      <object_component id="oc-152">
         <name>.debug_info</name>
         <load_address>0x573e</load_address>
         <run_address>0x573e</run_address>
         <size>0x101</size>
         <input_file_ref idref="fl-86"/>
      </object_component>
      <object_component id="oc-158">
         <name>.debug_info</name>
         <load_address>0x583f</load_address>
         <run_address>0x583f</run_address>
         <size>0x162</size>
         <input_file_ref idref="fl-a3"/>
      </object_component>
      <object_component id="oc-15d">
         <name>.debug_info</name>
         <load_address>0x59a1</load_address>
         <run_address>0x59a1</run_address>
         <size>0x177</size>
         <input_file_ref idref="fl-a4"/>
      </object_component>
      <object_component id="oc-162">
         <name>.debug_info</name>
         <load_address>0x5b18</load_address>
         <run_address>0x5b18</run_address>
         <size>0x104</size>
         <input_file_ref idref="fl-a0"/>
      </object_component>
      <object_component id="oc-164">
         <name>.debug_info</name>
         <load_address>0x5c1c</load_address>
         <run_address>0x5c1c</run_address>
         <size>0x155</size>
         <input_file_ref idref="fl-a2"/>
      </object_component>
      <object_component id="oc-166">
         <name>.debug_info</name>
         <load_address>0x5d71</load_address>
         <run_address>0x5d71</run_address>
         <size>0xab</size>
         <input_file_ref idref="fl-97"/>
      </object_component>
      <object_component id="oc-169">
         <name>.debug_info</name>
         <load_address>0x5e1c</load_address>
         <run_address>0x5e1c</run_address>
         <size>0x324</size>
         <input_file_ref idref="fl-97"/>
      </object_component>
      <object_component id="oc-16c">
         <name>.debug_info</name>
         <load_address>0x6140</load_address>
         <run_address>0x6140</run_address>
         <size>0xbb</size>
         <input_file_ref idref="fl-91"/>
      </object_component>
      <object_component id="oc-174">
         <name>.debug_info</name>
         <load_address>0x61fb</load_address>
         <run_address>0x61fb</run_address>
         <size>0x1ac</size>
         <input_file_ref idref="fl-9a"/>
      </object_component>
      <object_component id="oc-176">
         <name>.debug_info</name>
         <load_address>0x63a7</load_address>
         <run_address>0x63a7</run_address>
         <size>0xad</size>
         <input_file_ref idref="fl-8c"/>
      </object_component>
      <object_component id="oc-179">
         <name>.debug_info</name>
         <load_address>0x6454</load_address>
         <run_address>0x6454</run_address>
         <size>0xf7</size>
         <input_file_ref idref="fl-88"/>
      </object_component>
      <object_component id="oc-17b">
         <name>.debug_info</name>
         <load_address>0x654b</load_address>
         <run_address>0x654b</run_address>
         <size>0x130</size>
         <input_file_ref idref="fl-86"/>
      </object_component>
      <object_component id="oc-180">
         <name>.debug_info</name>
         <load_address>0x667b</load_address>
         <run_address>0x667b</run_address>
         <size>0xfd</size>
         <input_file_ref idref="fl-95"/>
      </object_component>
      <object_component id="oc-185">
         <name>.debug_info</name>
         <load_address>0x6778</load_address>
         <run_address>0x6778</run_address>
         <size>0x20a</size>
         <input_file_ref idref="fl-86"/>
      </object_component>
      <object_component id="oc-18a">
         <name>.debug_info</name>
         <load_address>0x6982</load_address>
         <run_address>0x6982</run_address>
         <size>0x147</size>
         <input_file_ref idref="fl-86"/>
      </object_component>
      <object_component id="oc-18f">
         <name>.debug_info</name>
         <load_address>0x6ac9</load_address>
         <run_address>0x6ac9</run_address>
         <size>0x322</size>
         <input_file_ref idref="fl-86"/>
      </object_component>
      <object_component id="oc-195">
         <name>.debug_info</name>
         <load_address>0x6deb</load_address>
         <run_address>0x6deb</run_address>
         <size>0x16f</size>
         <input_file_ref idref="fl-86"/>
      </object_component>
      <object_component id="oc-19a">
         <name>.debug_info</name>
         <load_address>0x6f5a</load_address>
         <run_address>0x6f5a</run_address>
         <size>0xf4</size>
         <input_file_ref idref="fl-9b"/>
      </object_component>
      <object_component id="oc-19f">
         <name>.debug_info</name>
         <load_address>0x704e</load_address>
         <run_address>0x704e</run_address>
         <size>0x212</size>
         <input_file_ref idref="fl-86"/>
      </object_component>
      <object_component id="oc-1a5">
         <name>.debug_info</name>
         <load_address>0x7260</load_address>
         <run_address>0x7260</run_address>
         <size>0xd3</size>
         <input_file_ref idref="fl-99"/>
      </object_component>
      <object_component id="oc-1a7">
         <name>.debug_info</name>
         <load_address>0x7333</load_address>
         <run_address>0x7333</run_address>
         <size>0x13a</size>
         <input_file_ref idref="fl-97"/>
      </object_component>
      <object_component id="oc-1ac">
         <name>.debug_info</name>
         <load_address>0x746d</load_address>
         <run_address>0x746d</run_address>
         <size>0x12c</size>
         <input_file_ref idref="fl-a3"/>
      </object_component>
      <object_component id="oc-1ae">
         <name>.debug_info</name>
         <load_address>0x7599</load_address>
         <run_address>0x7599</run_address>
         <size>0x172</size>
         <input_file_ref idref="fl-a5"/>
      </object_component>
      <object_component id="oc-1b3">
         <name>.debug_info</name>
         <load_address>0x770b</load_address>
         <run_address>0x770b</run_address>
         <size>0x1fa</size>
         <input_file_ref idref="fl-a6"/>
      </object_component>
      <object_component id="oc-1b8">
         <name>.debug_info</name>
         <load_address>0x7905</load_address>
         <run_address>0x7905</run_address>
         <size>0x19d</size>
         <input_file_ref idref="fl-a6"/>
      </object_component>
      <object_component id="oc-1bd">
         <name>.debug_info</name>
         <load_address>0x7aa2</load_address>
         <run_address>0x7aa2</run_address>
         <size>0x184</size>
         <input_file_ref idref="fl-a4"/>
      </object_component>
      <object_component id="oc-1c3">
         <name>.debug_info</name>
         <load_address>0x7c26</load_address>
         <run_address>0x7c26</run_address>
         <size>0xab</size>
         <input_file_ref idref="fl-97"/>
      </object_component>
      <object_component id="oc-1c9">
         <name>.debug_info</name>
         <load_address>0x7cd1</load_address>
         <run_address>0x7cd1</run_address>
         <size>0x12e</size>
         <input_file_ref idref="fl-97"/>
      </object_component>
      <object_component id="oc-1ce">
         <name>.debug_info</name>
         <load_address>0x7dff</load_address>
         <run_address>0x7dff</run_address>
         <size>0x2c</size>
         <input_file_ref idref="fl-90"/>
      </object_component>
      <object_component id="oc-1d7">
         <name>.debug_info</name>
         <load_address>0x7e2b</load_address>
         <run_address>0x7e2b</run_address>
         <size>0xa7</size>
         <input_file_ref idref="fl-8c"/>
      </object_component>
      <object_component id="oc-1dd">
         <name>.debug_info</name>
         <load_address>0x7ed2</load_address>
         <run_address>0x7ed2</run_address>
         <size>0x2dd</size>
         <input_file_ref idref="fl-86"/>
      </object_component>
      <object_component id="oc-1e2">
         <name>.debug_info</name>
         <load_address>0x81af</load_address>
         <run_address>0x81af</run_address>
         <size>0x12e</size>
         <input_file_ref idref="fl-86"/>
      </object_component>
      <object_component id="oc-1e7">
         <name>.debug_info</name>
         <load_address>0x82dd</load_address>
         <run_address>0x82dd</run_address>
         <size>0x38c</size>
         <input_file_ref idref="fl-86"/>
      </object_component>
      <object_component id="oc-1ed">
         <name>.debug_info</name>
         <load_address>0x8669</load_address>
         <run_address>0x8669</run_address>
         <size>0x2e6</size>
         <input_file_ref idref="fl-86"/>
      </object_component>
      <object_component id="oc-1f2">
         <name>.debug_info</name>
         <load_address>0x894f</load_address>
         <run_address>0x894f</run_address>
         <size>0x1ff</size>
         <input_file_ref idref="fl-86"/>
      </object_component>
      <object_component id="oc-1f8">
         <name>.debug_info</name>
         <load_address>0x8b4e</load_address>
         <run_address>0x8b4e</run_address>
         <size>0x19a</size>
         <input_file_ref idref="fl-8e"/>
      </object_component>
      <object_component id="oc-1fe">
         <name>.debug_info</name>
         <load_address>0x8ce8</load_address>
         <run_address>0x8ce8</run_address>
         <size>0x7e</size>
         <input_file_ref idref="fl-86"/>
      </object_component>
      <object_component id="oc-204">
         <name>.debug_info</name>
         <load_address>0x8d66</load_address>
         <run_address>0x8d66</run_address>
         <size>0x88</size>
         <input_file_ref idref="fl-9b"/>
      </object_component>
      <object_component id="oc-20a">
         <name>.debug_info</name>
         <load_address>0x8dee</load_address>
         <run_address>0x8dee</run_address>
         <size>0x132</size>
         <input_file_ref idref="fl-86"/>
      </object_component>
      <object_component id="oc-215">
         <name>.debug_info</name>
         <load_address>0x8f20</load_address>
         <run_address>0x8f20</run_address>
         <size>0xaa</size>
         <input_file_ref idref="fl-8d"/>
      </object_component>
      <object_component id="oc-218">
         <name>.debug_info</name>
         <load_address>0x8fca</load_address>
         <run_address>0x8fca</run_address>
         <size>0x147</size>
         <input_file_ref idref="fl-a7"/>
      </object_component>
      <object_component id="oc-21e">
         <name>.debug_info</name>
         <load_address>0x9111</load_address>
         <run_address>0x9111</run_address>
         <size>0xff</size>
         <input_file_ref idref="fl-a6"/>
      </object_component>
      <object_component id="oc-221">
         <name>.debug_info</name>
         <load_address>0x9210</load_address>
         <run_address>0x9210</run_address>
         <size>0x142</size>
         <input_file_ref idref="fl-a6"/>
      </object_component>
      <object_component id="oc-226">
         <name>.debug_info</name>
         <load_address>0x9352</load_address>
         <run_address>0x9352</run_address>
         <size>0x141</size>
         <input_file_ref idref="fl-a6"/>
      </object_component>
      <object_component id="oc-22c">
         <name>.debug_info</name>
         <load_address>0x9493</load_address>
         <run_address>0x9493</run_address>
         <size>0xf3</size>
         <input_file_ref idref="fl-a6"/>
      </object_component>
      <object_component id="oc-234">
         <name>.debug_info</name>
         <load_address>0x9586</load_address>
         <run_address>0x9586</run_address>
         <size>0x1b6</size>
         <input_file_ref idref="fl-9e"/>
      </object_component>
      <object_component id="oc-239">
         <name>.debug_info</name>
         <load_address>0x973c</load_address>
         <run_address>0x973c</run_address>
         <size>0x12b</size>
         <input_file_ref idref="fl-9e"/>
      </object_component>
      <object_component id="oc-23e">
         <name>.debug_info</name>
         <load_address>0x9867</load_address>
         <run_address>0x9867</run_address>
         <size>0x14b</size>
         <input_file_ref idref="fl-9e"/>
      </object_component>
      <object_component id="oc-243">
         <name>.debug_info</name>
         <load_address>0x99b2</load_address>
         <run_address>0x99b2</run_address>
         <size>0x14d</size>
         <input_file_ref idref="fl-9e"/>
      </object_component>
      <object_component id="oc-248">
         <name>.debug_info</name>
         <load_address>0x9aff</load_address>
         <run_address>0x9aff</run_address>
         <size>0x155</size>
         <input_file_ref idref="fl-9e"/>
      </object_component>
      <object_component id="oc-24d">
         <name>.debug_info</name>
         <load_address>0x9c54</load_address>
         <run_address>0x9c54</run_address>
         <size>0x192</size>
         <input_file_ref idref="fl-9e"/>
      </object_component>
      <object_component id="oc-252">
         <name>.debug_info</name>
         <load_address>0x9de6</load_address>
         <run_address>0x9de6</run_address>
         <size>0x2dc</size>
         <input_file_ref idref="fl-9e"/>
      </object_component>
      <object_component id="oc-25b">
         <name>.debug_info</name>
         <load_address>0xa0c2</load_address>
         <run_address>0xa0c2</run_address>
         <size>0x158</size>
         <input_file_ref idref="fl-98"/>
      </object_component>
      <object_component id="oc-265">
         <name>.debug_info</name>
         <load_address>0xa21a</load_address>
         <run_address>0xa21a</run_address>
         <size>0x11c</size>
         <input_file_ref idref="fl-96"/>
      </object_component>
      <object_component id="oc-26a">
         <name>.debug_info</name>
         <load_address>0xa336</load_address>
         <run_address>0xa336</run_address>
         <size>0x126</size>
         <input_file_ref idref="fl-92"/>
      </object_component>
      <object_component id="oc-26f">
         <name>.debug_info</name>
         <load_address>0xa45c</load_address>
         <run_address>0xa45c</run_address>
         <size>0x1d9</size>
         <input_file_ref idref="fl-7e"/>
      </object_component>
      <object_component id="oc-275">
         <name>.debug_info</name>
         <load_address>0xa635</load_address>
         <run_address>0xa635</run_address>
         <size>0xc8</size>
         <input_file_ref idref="fl-8f"/>
      </object_component>
      <object_component id="oc-27a">
         <name>.debug_info</name>
         <load_address>0xa6fd</load_address>
         <run_address>0xa6fd</run_address>
         <size>0x164</size>
         <input_file_ref idref="fl-93"/>
      </object_component>
      <object_component id="oc-27f">
         <name>.debug_info</name>
         <load_address>0xa861</load_address>
         <run_address>0xa861</run_address>
         <size>0x1e9</size>
         <input_file_ref idref="fl-94"/>
      </object_component>
      <object_component id="oc-287">
         <name>.debug_info</name>
         <load_address>0xaa4a</load_address>
         <run_address>0xaa4a</run_address>
         <size>0x11d</size>
         <input_file_ref idref="fl-97"/>
      </object_component>
      <object_component id="oc-28c">
         <name>.debug_info</name>
         <load_address>0xab67</load_address>
         <run_address>0xab67</run_address>
         <size>0x11e</size>
         <input_file_ref idref="fl-97"/>
      </object_component>
      <object_component id="oc-291">
         <name>.debug_info</name>
         <load_address>0xac85</load_address>
         <run_address>0xac85</run_address>
         <size>0xac</size>
         <input_file_ref idref="fl-8d"/>
      </object_component>
      <object_component id="oc-294">
         <name>.debug_info</name>
         <load_address>0xad31</load_address>
         <run_address>0xad31</run_address>
         <size>0x1d3</size>
         <input_file_ref idref="fl-a7"/>
      </object_component>
      <object_component id="oc-29b">
         <name>.debug_info</name>
         <load_address>0xaf04</load_address>
         <run_address>0xaf04</run_address>
         <size>0xab</size>
         <input_file_ref idref="fl-9e"/>
      </object_component>
      <object_component id="oc-29e">
         <name>.debug_info</name>
         <load_address>0xafaf</load_address>
         <run_address>0xafaf</run_address>
         <size>0x1d3</size>
         <input_file_ref idref="fl-9f"/>
      </object_component>
      <object_component id="oc-2a3">
         <name>.debug_info</name>
         <load_address>0xb182</load_address>
         <run_address>0xb182</run_address>
         <size>0x1a6</size>
         <input_file_ref idref="fl-9f"/>
      </object_component>
      <object_component id="oc-2a8">
         <name>.debug_info</name>
         <load_address>0xb328</load_address>
         <run_address>0xb328</run_address>
         <size>0x15f</size>
         <input_file_ref idref="fl-9e"/>
      </object_component>
      <object_component id="oc-2b0">
         <name>.debug_info</name>
         <load_address>0xb487</load_address>
         <run_address>0xb487</run_address>
         <size>0xe7</size>
         <input_file_ref idref="fl-98"/>
      </object_component>
      <object_component id="oc-2b2">
         <name>.debug_info</name>
         <load_address>0xb56e</load_address>
         <run_address>0xb56e</run_address>
         <size>0x46</size>
         <input_file_ref idref="fl-96"/>
      </object_component>
      <object_component id="oc-2b8">
         <name>.debug_info</name>
         <load_address>0xb5b4</load_address>
         <run_address>0xb5b4</run_address>
         <size>0x7f</size>
         <input_file_ref idref="fl-8e"/>
      </object_component>
      <object_component id="oc-2c0">
         <name>.debug_info</name>
         <load_address>0xb633</load_address>
         <run_address>0xb633</run_address>
         <size>0x120</size>
         <input_file_ref idref="fl-96"/>
      </object_component>
      <object_component id="oc-2c5">
         <name>.debug_info</name>
         <load_address>0xb753</load_address>
         <run_address>0xb753</run_address>
         <size>0x10e</size>
         <input_file_ref idref="fl-94"/>
      </object_component>
      <object_component id="oc-2cc">
         <name>.debug_info</name>
         <load_address>0xb861</load_address>
         <run_address>0xb861</run_address>
         <size>0x255</size>
         <input_file_ref idref="fl-97"/>
      </object_component>
      <object_component id="oc-2d8">
         <name>.debug_info</name>
         <load_address>0xbab6</load_address>
         <run_address>0xbab6</run_address>
         <size>0xb0</size>
         <input_file_ref idref="fl-9f"/>
      </object_component>
      <object_component id="oc-2db">
         <name>.debug_info</name>
         <load_address>0xbb66</load_address>
         <run_address>0xbb66</run_address>
         <size>0xca</size>
         <input_file_ref idref="fl-9f"/>
      </object_component>
      <object_component id="oc-2e1">
         <name>.debug_info</name>
         <load_address>0xbc30</load_address>
         <run_address>0xbc30</run_address>
         <size>0xf5</size>
         <input_file_ref idref="fl-96"/>
      </object_component>
      <object_component id="oc-2e5">
         <name>.debug_info</name>
         <load_address>0xbd25</load_address>
         <run_address>0xbd25</run_address>
         <size>0x1cd</size>
         <input_file_ref idref="fl-97"/>
      </object_component>
      <object_component id="oc-319">
         <name>.debug_info</name>
         <load_address>0xbef2</load_address>
         <run_address>0xbef2</run_address>
         <size>0x88</size>
      </object_component>
      <object_component id="oc-e">
         <name>.debug_aranges</name>
         <load_address>0x0</load_address>
         <run_address>0x0</run_address>
         <size>0x20</size>
         <input_file_ref idref="fl-7e"/>
      </object_component>
      <object_component id="oc-13">
         <name>.debug_aranges</name>
         <load_address>0x20</load_address>
         <run_address>0x20</run_address>
         <size>0x20</size>
         <input_file_ref idref="fl-7f"/>
      </object_component>
      <object_component id="oc-18">
         <name>.debug_aranges</name>
         <load_address>0x40</load_address>
         <run_address>0x40</run_address>
         <size>0x20</size>
         <input_file_ref idref="fl-81"/>
      </object_component>
      <object_component id="oc-1d">
         <name>.debug_aranges</name>
         <load_address>0x60</load_address>
         <run_address>0x60</run_address>
         <size>0x20</size>
         <input_file_ref idref="fl-80"/>
      </object_component>
      <object_component id="oc-28">
         <name>.debug_aranges</name>
         <load_address>0x80</load_address>
         <run_address>0x80</run_address>
         <size>0x20</size>
         <input_file_ref idref="fl-89"/>
      </object_component>
      <object_component id="oc-2d">
         <name>.debug_aranges</name>
         <load_address>0xa0</load_address>
         <run_address>0xa0</run_address>
         <size>0x20</size>
         <input_file_ref idref="fl-87"/>
      </object_component>
      <object_component id="oc-32">
         <name>.debug_aranges</name>
         <load_address>0xc0</load_address>
         <run_address>0xc0</run_address>
         <size>0x20</size>
         <input_file_ref idref="fl-82"/>
      </object_component>
      <object_component id="oc-38">
         <name>.debug_aranges</name>
         <load_address>0xe0</load_address>
         <run_address>0xe0</run_address>
         <size>0x20</size>
         <input_file_ref idref="fl-83"/>
      </object_component>
      <object_component id="oc-49">
         <name>.debug_aranges</name>
         <load_address>0x100</load_address>
         <run_address>0x100</run_address>
         <size>0x20</size>
         <input_file_ref idref="fl-80"/>
      </object_component>
      <object_component id="oc-5b">
         <name>.debug_aranges</name>
         <load_address>0x120</load_address>
         <run_address>0x120</run_address>
         <size>0x20</size>
         <input_file_ref idref="fl-8b"/>
      </object_component>
      <object_component id="oc-60">
         <name>.debug_aranges</name>
         <load_address>0x140</load_address>
         <run_address>0x140</run_address>
         <size>0x20</size>
         <input_file_ref idref="fl-9c"/>
      </object_component>
      <object_component id="oc-65">
         <name>.debug_aranges</name>
         <load_address>0x160</load_address>
         <run_address>0x160</run_address>
         <size>0x20</size>
         <input_file_ref idref="fl-8a"/>
      </object_component>
      <object_component id="oc-6b">
         <name>.debug_aranges</name>
         <load_address>0x180</load_address>
         <run_address>0x180</run_address>
         <size>0x20</size>
         <input_file_ref idref="fl-2"/>
      </object_component>
      <object_component id="oc-7a">
         <name>.debug_aranges</name>
         <load_address>0x1a0</load_address>
         <run_address>0x1a0</run_address>
         <size>0x20</size>
         <input_file_ref idref="fl-82"/>
      </object_component>
      <object_component id="oc-a8">
         <name>.debug_aranges</name>
         <load_address>0x1c0</load_address>
         <run_address>0x1c0</run_address>
         <size>0x20</size>
         <input_file_ref idref="fl-84"/>
      </object_component>
      <object_component id="oc-cb">
         <name>.debug_aranges</name>
         <load_address>0x1e0</load_address>
         <run_address>0x1e0</run_address>
         <size>0x20</size>
         <input_file_ref idref="fl-84"/>
      </object_component>
      <object_component id="oc-d0">
         <name>.debug_aranges</name>
         <load_address>0x200</load_address>
         <run_address>0x200</run_address>
         <size>0x20</size>
         <input_file_ref idref="fl-84"/>
      </object_component>
      <object_component id="oc-d5">
         <name>.debug_aranges</name>
         <load_address>0x220</load_address>
         <run_address>0x220</run_address>
         <size>0x20</size>
         <input_file_ref idref="fl-86"/>
      </object_component>
      <object_component id="oc-e3">
         <name>.debug_aranges</name>
         <load_address>0x240</load_address>
         <run_address>0x240</run_address>
         <size>0x20</size>
         <input_file_ref idref="fl-85"/>
      </object_component>
      <object_component id="oc-ee">
         <name>.debug_aranges</name>
         <load_address>0x260</load_address>
         <run_address>0x260</run_address>
         <size>0x20</size>
         <input_file_ref idref="fl-91"/>
      </object_component>
      <object_component id="oc-f4">
         <name>.debug_aranges</name>
         <load_address>0x280</load_address>
         <run_address>0x280</run_address>
         <size>0x20</size>
         <input_file_ref idref="fl-90"/>
      </object_component>
[...]
         <contents>
            <logical_group_ref idref="lg-2f1"/>
         </contents>
      </load_segment>
      <load_segment id="lg-321">
         <name>SEGMENT_4</name>
         <load_address>0x11816d00</load_address>
         <run_address>0x11816d00</run_address>
         <size>0x167</size>
         <flags>0x4</flags>
         <contents>
            <logical_group_ref idref="lg-3"/>
         </contents>
      </load_segment>
      <load_segment id="lg-322">
         <name>SEGMENT_5</name>
         <run_address>0x11816e68</run_address>
         <size>0x268</size>
         <flags>0x6</flags>
         <contents>
            <logical_group_ref idref="lg-5"/>
            <logical_group_ref idref="lg-b"/>
         </contents>
      </load_segment>
      <load_segment id="lg-323">
         <name>SEGMENT_6</name>
         <load_address>0x118170d0</load_address>
         <run_address>0x118170d0</run_address>
         <size>0x98</size>
         <flags>0x4</flags>
         <contents>
            <logical_group_ref idref="lg-9"/>
         </contents>
      </load_segment>
   </logical_group_list>
   <placement_map>
      <memory_area>
         <name>IRAM</name>
         <page_id>0x0</page_id>
         <origin>0x11800000</origin>
         <length>0x40000</length>
         <used_space>0x17163</used_space>
         <unused_space>0x28e9d</unused_space>
         <attributes>RWIX</attributes>
         <usage_details>
            <allocated_space>
               <start_address>0x11800000</start_address>
               <size>0x10000</size>
               <logical_group_ref idref="lg-7"/>
            </allocated_space>
            <allocated_space>
               <start_address>0x11810000</start_address>
               <size>0x61e0</size>
               <logical_group_ref idref="lg-2"/>
            </allocated_space>
            <allocated_space>
               <start_address>0x118161e0</start_address>
               <size>0x800</size>
               <logical_group_ref idref="lg-a"/>
            </allocated_space>
            <allocated_space>
               <start_address>0x118169e0</start_address>
               <size>0x31c</size>
               <logical_group_ref idref="lg-2f1"/>
            </allocated_space>
            <available_space>
               <start_address>0x11816cfc</start_address>
               <size>0x4</size>
            </available_space>
            <allocated_space>
               <start_address>0x11816d00</start_address>
               <size>0x167</size>
               <logical_group_ref idref="lg-3"/>
            </allocated_space>
            <available_space>
               <start_address>0x11816e67</start_address>
               <size>0x1</size>
            </available_space>
            <allocated_space>
               <start_address>0x11816e68</start_address>
               <size>0x148</size>
               <logical_group_ref idref="lg-5"/>
            </allocated_space>
            <allocated_space>
               <start_address>0x11816fb0</start_address>
               <size>0x120</size>
               <logical_group_ref idref="lg-b"/>
            </allocated_space>
            <allocated_space>
               <start_address>0x118170d0</start_address>
               <size>0x98</size>
               <logical_group_ref idref="lg-9"/>
            </allocated_space>
            <available_space>
               <start_address>0x11817168</start_address>
               <size>0x28e98</size>
            </available_space>
         </usage_details>
      </memory_area>
      <memory_area>
         <name>L3_shared_RAM</name>
         <page_id>0x0</page_id>
         <origin>0x80000000</origin>
         <length>0x20000</length>
         <used_space>0x0</used_space>
         <unused_space>0x20000</unused_space>
         <attributes>RWIX</attributes>
         <usage_details>
         </usage_details>
      </memory_area>
      <memory_area>
         <name>DDR2_data</name>
         <page_id>0x0</page_id>
         <origin>0xc0000000</origin>
         <length>0x8000000</length>
         <used_space>0x0</used_space>
         <unused_space>0x8000000</unused_space>
         <attributes>RWIX</attributes>
         <usage_details>
         </usage_details>
      </memory_area>
   </placement_map>
   <cptbl_list>
      <cptbl>
         <name>__TI_cinit_table</name>
         <cprec>
            <name>.fardata</name>
            <load_address>0x118170d0</load_address>
            <load_size>0x72</load_size>
            <run_address>0x118169e0</run_address>
            <run_size>0x31c</run_size>
            <compression>rle</compression>
         </cprec>
         <cprec>
            <name>.far</name>
            <load_address>0x11817150</load_address>
            <load_size>0x8</load_size>
            <run_address>0x11816e68</run_address>
            <run_size>0x148</run_size>
            <compression>zero_init</compression>
         </cprec>
      </cptbl>
   </cptbl_list>
   <handler_table>
      <handler_table_name>__TI_handler_table</handler_table_name>
      <handler>
         <index>0x0</index>
         <name>__TI_zero_init</name>
      </handler>
      <handler>
         <index>0x1</index>
         <name>__TI_decompress_rle24</name>
      </handler>
      <handler>
         <index>0x2</index>
         <name>__TI_decompress_none</name>
      </handler>
   </handler_table>
   <symbol_table>
      <symbol id="sm-1">
         <name>__TI_CINIT_Base</name>
         <value>0x11817158</value>
      </symbol>
      <symbol id="sm-2">
         <name>__TI_CINIT_Limit</name>
         <value>0x11817168</value>
      </symbol>
      <symbol id="sm-3">
         <name>__TI_Handler_Table_Base</name>
         <value>0x11817144</value>
      </symbol>
      <symbol id="sm-4">
         <name>__TI_Handler_Table_Limit</name>
         <value>0x11817150</value>
      </symbol>
      <symbol id="sm-5">
         <name>binit</name>
         <value>0xffffffff</value>
      </symbol>
      <symbol id="sm-6">
         <name>__binit__</name>
         <value>0xffffffff</value>
      </symbol>
      <symbol id="sm-7">
         <name>__TI_STACK_SIZE</name>
         <value>0x10000</value>
      </symbol>
      <symbol id="sm-8">
         <name>__TI_STACK_END</name>
         <value>0x11810000</value>
      </symbol>
      <symbol id="sm-9">
         <name>__TI_SYSMEM_SIZE</name>
         <value>0x800</value>
      </symbol>
      <symbol id="sm-a">
         <name>__c_args__</name>
         <value>0xffffffff</value>
      </symbol>
      <symbol id="sm-b">
         <name>__TI_pprof_out_hndl</name>
         <value>0xffffffff</value>
      </symbol>
      <symbol id="sm-c">
         <name>__TI_prof_data_start</name>
         <value>0xffffffff</value>
      </symbol>
      <symbol id="sm-d">
         <name>__TI_prof_data_size</name>
         <value>0xffffffff</value>
      </symbol>
      <symbol id="sm-51">
         <name>main</name>
         <value>0x11813ea0</value>
         <object_component_ref idref="oc-69"/>
      </symbol>
      <symbol id="sm-6e">
         <name>_c_int00</name>
         <value>0x11815cc0</value>
         <object_component_ref idref="oc-c"/>
      </symbol>
      <symbol id="sm-6f">
         <name>_stack</name>
         <value>0x11800000</value>
         <object_component_ref idref="oc-20"/>
      </symbol>
      <symbol id="sm-89">
         <name>__TI_decompress_none</name>
         <value>0x118161a0</value>
         <object_component_ref idref="oc-11"/>
      </symbol>
      <symbol id="sm-ac">
         <name>__TI_decompress_rle24</name>
         <value>0x118161c0</value>
         <object_component_ref idref="oc-1b"/>
      </symbol>
      <symbol id="sm-bd">
         <name>__TI_zero_init</name>
         <value>0x11814c00</value>
         <object_component_ref idref="oc-16"/>
      </symbol>
      <symbol id="sm-df">
         <name>C$$EXIT</name>
         <value>0x11816180</value>
         <object_component_ref idref="oc-78"/>
      </symbol>
      <symbol id="sm-e0">
         <name>_dtors_ptr</name>
         <value>0x11816cdc</value>
         <object_component_ref idref="oc-75"/>
      </symbol>
      <symbol id="sm-e1">
         <name>abort</name>
         <value>0x11816180</value>
         <object_component_ref idref="oc-78"/>
      </symbol>
      <symbol id="sm-e2">
         <name>_cleanup_ptr</name>
         <value>0x11816cd8</value>
         <object_component_ref idref="oc-75"/>
      </symbol>
      <symbol id="sm-e3">
         <name>exit</name>
         <value>0x11815340</value>
         <object_component_ref idref="oc-30"/>
      </symbol>
      <symbol id="sm-e4">
         <name>__TI_enable_exit_profile_output</name>
         <value>0x11816ce0</value>
         <object_component_ref idref="oc-75"/>
      </symbol>
      <symbol id="sm-ec">
         <name>memcpy</name>
         <value>0x118159c0</value>
         <object_component_ref idref="oc-36"/>
      </symbol>
      <symbol id="sm-114">
         <name>printf</name>
         <value>0x11814ea0</value>
         <object_component_ref idref="oc-a6"/>
      </symbol>
      <symbol id="sm-124">
         <name>_nop</name>
         <value>0x11816120</value>
         <object_component_ref idref="oc-e1"/>
      </symbol>
      <symbol id="sm-125">
         <name>_lock</name>
         <value>0x11816cf0</value>
         <object_component_ref idref="oc-c3"/>
      </symbol>
      <symbol id="sm-126">
         <name>_unlock</name>
         <value>0x11816cf4</value>
         <object_component_ref idref="oc-c3"/>
      </symbol>
      <symbol id="sm-27e">
         <name>_printfi</name>
         <value>0x11811080</value>
         <object_component_ref idref="oc-d3"/>
      </symbol>
      <symbol id="sm-286">
         <name>_args_main</name>
         <value>0x118160c0</value>
         <object_component_ref idref="oc-2b"/>
      </symbol>
      <symbol id="sm-295">
         <name>atoi</name>
         <value>0x11814a40</value>
         <object_component_ref idref="oc-138"/>
      </symbol>
      <symbol id="sm-2a2">
         <name>_auto_init_elf</name>
         <value>0x11814580</value>
         <object_component_ref idref="oc-26"/>
      </symbol>
      <symbol id="sm-2ad">
         <name>__TI_cpp_init</name>
         <value>0x11815e40</value>
         <object_component_ref idref="oc-63"/>
      </symbol>
      <symbol id="sm-2c3">
         <name>copy_in</name>
         <value>0x11814780</value>
         <object_component_ref idref="oc-59"/>
      </symbol>
      <symbol id="sm-2cd">
         <name>_ctypes_</name>
         <value>0x11816d00</value>
         <object_component_ref idref="oc-175"/>
      </symbol>
      <symbol id="sm-2e1">
         <name>_tmpnams</name>
         <value>0x11816e68</value>
         <object_component_ref idref="oc-290"/>
      </symbol>
      <symbol id="sm-2e2">
         <name>_ftable</name>
         <value>0x118169e0</value>
         <object_component_ref idref="oc-c6"/>
      </symbol>
      <symbol id="sm-2e3">
         <name>_ft_end</name>
         <value>0x11816cf8</value>
         <object_component_ref idref="oc-214"/>
      </symbol>
      <symbol id="sm-2f8">
         <name>__c6xabi_divd</name>
         <value>0x118105c0</value>
         <object_component_ref idref="oc-1f7"/>
      </symbol>
      <symbol id="sm-301">
         <name>__c6xabi_divu</name>
         <value>0x11815100</value>
         <object_component_ref idref="oc-274"/>
      </symbol>
      <symbol id="sm-302">
         <name>__divu</name>
         <value>0x11815100</value>
         <object_component_ref idref="oc-274"/>
      </symbol>
      <symbol id="sm-323">
         <name>fputc</name>
         <value>0x11812f60</value>
         <object_component_ref idref="oc-f2"/>
      </symbol>
      <symbol id="sm-348">
         <name>fputs</name>
         <value>0x118114e0</value>
         <object_component_ref idref="oc-ec"/>
      </symbol>
      <symbol id="sm-350">
         <name>__c6xabi_frcmpyd_div</name>
         <value>0x11815fc0</value>
         <object_component_ref idref="oc-269"/>
      </symbol>
      <symbol id="sm-35a">
         <name>__c6xabi_divul</name>
         <value>0x11813740</value>
         <object_component_ref idref="oc-279"/>
      </symbol>
      <symbol id="sm-370">
         <name>_subcull</name>
         <value>0x11815ea0</value>
         <object_component_ref idref="oc-2c4"/>
      </symbol>
      <symbol id="sm-371">
         <name>__c6xabi_divull</name>
         <value>0x11812640</value>
         <object_component_ref idref="oc-27e"/>
      </symbol>
      <symbol id="sm-379">
         <name>__c6xabi_isinf</name>
         <value>0x11816000</value>
         <object_component_ref idref="oc-17f"/>
      </symbol>
      <symbol id="sm-391">
         <name>__c6xabi_llshru</name>
         <value>0x11816080</value>
         <object_component_ref idref="oc-264"/>
      </symbol>
      <symbol id="sm-392">
         <name>__c6xabi_llshl</name>
         <value>0x11815c40</value>
         <object_component_ref idref="oc-2bf"/>
      </symbol>
      <symbol id="sm-3ee">
         <name>lseek</name>
         <value>0x11815920</value>
         <object_component_ref idref="oc-1a6"/>
      </symbol>
      <symbol id="sm-3ef">
         <name>write</name>
         <value>0x11815ba0</value>
         <object_component_ref idref="oc-129"/>
      </symbol>
      <symbol id="sm-3f0">
         <name>close</name>
         <value>0x11814b20</value>
         <object_component_ref idref="oc-286"/>
      </symbol>
      <symbol id="sm-3f1">
         <name>unlink</name>
         <value>0x11815dc0</value>
         <object_component_ref idref="oc-28b"/>
      </symbol>
      <symbol id="sm-3fc">
         <name>ltoa</name>
         <value>0x11814ce0</value>
         <object_component_ref idref="oc-25a"/>
      </symbol>
      <symbol id="sm-40a">
         <name>memccpy</name>
         <value>0x11815f00</value>
         <object_component_ref idref="oc-148"/>
      </symbol>
      <symbol id="sm-416">
         <name>memset</name>
         <value>0x11814dc0</value>
         <object_component_ref idref="oc-133"/>
      </symbol>
      <symbol id="sm-423">
         <name>__c6xabi_negll</name>
         <value>0x11816100</value>
         <object_component_ref idref="oc-199"/>
      </symbol>
      <symbol id="sm-431">
         <name>__TI_tls_init</name>
         <value>0x11815400</value>
         <object_component_ref idref="oc-5e"/>
      </symbol>
      <symbol id="sm-477">
         <name>HOSTrename</name>
         <value>0x118138e0</value>
         <object_component_ref idref="oc-251"/>
      </symbol>
      <symbol id="sm-478">
         <name>HOSTclose</name>
         <value>0x118154c0</value>
         <object_component_ref idref="oc-238"/>
      </symbol>
      <symbol id="sm-479">
         <name>HOSTunlink</name>
         <value>0x11814f80</value>
         <object_component_ref idref="oc-24c"/>
      </symbol>
      <symbol id="sm-47a">
         <name>HOSTlseek</name>
         <value>0x11814480</value>
         <object_component_ref idref="oc-247"/>
      </symbol>
      <symbol id="sm-47b">
         <name>HOSTopen</name>
         <value>0x11814880</value>
         <object_component_ref idref="oc-233"/>
      </symbol>
      <symbol id="sm-47c">
         <name>HOSTwrite</name>
         <value>0x11815040</value>
         <object_component_ref idref="oc-242"/>
      </symbol>
      <symbol id="sm-47d">
         <name>HOSTread</name>
         <value>0x11814960</value>
         <object_component_ref idref="oc-23d"/>
      </symbol>
      <symbol id="sm-495">
         <name>writemsg</name>
         <value>0x11815f60</value>
         <object_component_ref idref="oc-29d"/>
      </symbol>
      <symbol id="sm-496">
         <name>C$$IO$$</name>
         <value>0x11815fb8</value>
         <object_component_ref idref="oc-29d"/>
      </symbol>
      <symbol id="sm-497">
         <name>__CIOBUF_</name>
         <value>0x11816fb0</value>
         <object_component_ref idref="oc-2d7"/>
      </symbol>
      <symbol id="sm-498">
         <name>readmsg</name>
         <value>0x11815d40</value>
         <object_component_ref idref="oc-2a2"/>
      </symbol>
      <symbol id="sm-4a8">
         <name>_wrt_ok</name>
         <value>0x11814680</value>
         <object_component_ref idref="oc-11f"/>
      </symbol>
      <symbol id="sm-4b7">
         <name>_doflush</name>
         <value>0x11815280</value>
         <object_component_ref idref="oc-124"/>
      </symbol>
      <symbol id="sm-4c9">
         <name>fseek</name>
         <value>0x11814360</value>
         <object_component_ref idref="oc-157"/>
      </symbol>
      <symbol id="sm-4e1">
         <name>setvbuf</name>
         <value>0x11813380</value>
         <object_component_ref idref="oc-15c"/>
      </symbol>
      <symbol id="sm-4ed">
         <name>_cleanup</name>
         <value>0x11815560</value>
         <object_component_ref idref="oc-1ad"/>
      </symbol>
      <symbol id="sm-544">
         <name>_sys_memory</name>
         <value>0x118161e0</value>
         <object_component_ref idref="oc-23"/>
      </symbol>
      <symbol id="sm-545">
         <name>free</name>
         <value>0x118123c0</value>
         <object_component_ref idref="oc-1b2"/>
      </symbol>
      <symbol id="sm-546">
         <name>malloc</name>
         <value>0x11813be0</value>
         <object_component_ref idref="oc-1b7"/>
      </symbol>
      <symbol id="sm-547">
         <name>_minit</name>
         <value>0x11815740</value>
         <object_component_ref idref="oc-22b"/>
      </symbol>
      <symbol id="sm-55a">
         <name>_closefile</name>
         <value>0x11814120</value>
         <object_component_ref idref="oc-217"/>
      </symbol>
      <symbol id="sm-55c">
         <name>__TI_STATIC_BASE</name>
         <value>0x0</value>
      </symbol>
      <symbol id="sm-55d">
         <name>I2C_init</name>
         <value>0x0</value>
      </symbol>
      <symbol id="sm-55e">
         <name>DIP_getAll</name>
         <value>0x0</value>
      </symbol>
      <symbol id="sm-55f">
         <name>DIP_init</name>
         <value>0x0</value>
      </symbol>
      <symbol id="sm-560">
         <name>USTIMER_delay</name>
         <value>0x0</value>
      </symbol>
      <symbol id="sm-561">
         <name>LED_toggle</name>
         <value>0x0</value>
      </symbol>
      <symbol id="sm-562">
         <name>DIP_get</name>
         <value>0x0</value>
      </symbol>
      <symbol id="sm-563">
         <name>USTIMER_init</name>
         <value>0x0</value>
      </symbol>
      <symbol id="sm-564">
         <name>LED_init</name>
         <value>0x0</value>
      </symbol>
      <symbol id="sm-565">
         <name>__TI_args_main</name>
         <value>0x1</value>
      </symbol>
      <symbol id="sm-566">
         <name>__TI_INITARRAY_Base</name>
         <value>0x0</value>
      </symbol>
      <symbol id="sm-567">
         <name>__TI_INITARRAY_Limit</name>
         <value>0x0</value>
      </symbol>
      <symbol id="sm-568">
         <name>__TI_TLS_INIT_Base</name>
         <value>0x0</value>
      </symbol>
      <symbol id="sm-569">
         <name>__TI_TLS_INIT_Limit</name>
         <value>0x0</value>
      </symbol>
      <symbol id="sm-56c">
         <name>remove</name>
         <value>0x11815dc0</value>
      </symbol>
   </symbol_table>
</link_info>
